<!doctype html public "-//w3c//dtd html 4.0 transitional//en">
<html><head>
<title>Static Call Graph - [..\output\output.axf]</title></head>
<body><HR>
<H1>Static Call Graph for image ..\output\output.axf</H1><HR>
<BR><P>#&#060CALLGRAPH&#062# ARM Linker, 5.03 [Build 76]: Last Updated: Thu Apr 27 19:00:58 2017
<BR><P>
<H3>Maximum Stack Usage =        560 bytes + Unknown(Cycles, Untraceable Function Pointers)</H3><H3>
Call chain for Maximum Stack Depth:</H3>
WM_HandlePID &rArr; GUI_CURSOR_SetPositionEx &rArr; GUI_SPRITE_SetPosition &rArr; _SetPosition &rArr; _CreateBuffer &rArr; GUI_ALLOC_GetMaxSize &rArr; _InitOnce &rArr; _EnlargeBlocks &rArr; _Alloc &rArr;  _InitOnce (Cycle)
<P>
<H3>
Mutually Recursive functions
</H3> <LI><a href="#[8]">SVC_Handler</a>&nbsp;&nbsp;&nbsp;&rArr;&nbsp;&nbsp;&nbsp;<a href="#[8]">SVC_Handler</a><BR>
 <LI><a href="#[a]">PendSV_Handler</a>&nbsp;&nbsp;&nbsp;&rArr;&nbsp;&nbsp;&nbsp;<a href="#[a]">PendSV_Handler</a><BR>
 <LI><a href="#[1e]">ADC_IRQHandler</a>&nbsp;&nbsp;&nbsp;&rArr;&nbsp;&nbsp;&nbsp;<a href="#[1e]">ADC_IRQHandler</a><BR>
 <LI><a href="#[128]">_PopFreeBlock</a>&nbsp;&nbsp;&nbsp;&rArr;&nbsp;&nbsp;&nbsp;<a href="#[12b]">_EnlargeBlocks</a><BR>
 <LI><a href="#[83]">_Alloc</a>&nbsp;&nbsp;&nbsp;&rArr;&nbsp;&nbsp;&nbsp;<a href="#[88]">_InitOnce</a><BR>
 <LI><a href="#[102]">WM_SendToParent</a>&nbsp;&nbsp;&nbsp;&rArr;&nbsp;&nbsp;&nbsp;<a href="#[11e]">WM__SendMessage</a><BR>
 <LI><a href="#[122]">WM__InvalidateRect</a>&nbsp;&nbsp;&nbsp;&rArr;&nbsp;&nbsp;&nbsp;<a href="#[122]">WM__InvalidateRect</a><BR>
 <LI><a href="#[118]">WM_InvalidateWindowAndDescsEx</a>&nbsp;&nbsp;&nbsp;&rArr;&nbsp;&nbsp;&nbsp;<a href="#[118]">WM_InvalidateWindowAndDescsEx</a><BR>
 <LI><a href="#[112]">WM__InvalidateDrawAndDescs</a>&nbsp;&nbsp;&nbsp;&rArr;&nbsp;&nbsp;&nbsp;<a href="#[112]">WM__InvalidateDrawAndDescs</a><BR>
 <LI><a href="#[138]">_Screen2hWin</a>&nbsp;&nbsp;&nbsp;&rArr;&nbsp;&nbsp;&nbsp;<a href="#[138]">_Screen2hWin</a><BR>
</UL>
<P>
<H3>
Function Pointers
</H3><UL>
 <LI><a href="#[1e]">ADC_IRQHandler</a> from startup_stm32f4xx.o(.text) referenced from startup_stm32f4xx.o(RESET)
 <LI><a href="#[6]">BusFault_Handler</a> from stm32f4xx_it.o(i.BusFault_Handler) referenced from startup_stm32f4xx.o(RESET)
 <LI><a href="#[20]">CAN1_RX0_IRQHandler</a> from startup_stm32f4xx.o(.text) referenced from startup_stm32f4xx.o(RESET)
 <LI><a href="#[21]">CAN1_RX1_IRQHandler</a> from startup_stm32f4xx.o(.text) referenced from startup_stm32f4xx.o(RESET)
 <LI><a href="#[22]">CAN1_SCE_IRQHandler</a> from startup_stm32f4xx.o(.text) referenced from startup_stm32f4xx.o(RESET)
 <LI><a href="#[1f]">CAN1_TX_IRQHandler</a> from startup_stm32f4xx.o(.text) referenced from startup_stm32f4xx.o(RESET)
 <LI><a href="#[4c]">CAN2_RX0_IRQHandler</a> from startup_stm32f4xx.o(.text) referenced from startup_stm32f4xx.o(RESET)
 <LI><a href="#[4d]">CAN2_RX1_IRQHandler</a> from startup_stm32f4xx.o(.text) referenced from startup_stm32f4xx.o(RESET)
 <LI><a href="#[4e]">CAN2_SCE_IRQHandler</a> from startup_stm32f4xx.o(.text) referenced from startup_stm32f4xx.o(RESET)
 <LI><a href="#[4b]">CAN2_TX_IRQHandler</a> from startup_stm32f4xx.o(.text) referenced from startup_stm32f4xx.o(RESET)
 <LI><a href="#[5b]">CRYP_IRQHandler</a> from startup_stm32f4xx.o(.text) referenced from startup_stm32f4xx.o(RESET)
 <LI><a href="#[5a]">DCMI_IRQHandler</a> from startup_stm32f4xx.o(.text) referenced from startup_stm32f4xx.o(RESET)
 <LI><a href="#[17]">DMA1_Stream0_IRQHandler</a> from startup_stm32f4xx.o(.text) referenced from startup_stm32f4xx.o(RESET)
 <LI><a href="#[18]">DMA1_Stream1_IRQHandler</a> from startup_stm32f4xx.o(.text) referenced from startup_stm32f4xx.o(RESET)
 <LI><a href="#[19]">DMA1_Stream2_IRQHandler</a> from startup_stm32f4xx.o(.text) referenced from startup_stm32f4xx.o(RESET)
 <LI><a href="#[1a]">DMA1_Stream3_IRQHandler</a> from startup_stm32f4xx.o(.text) referenced from startup_stm32f4xx.o(RESET)
 <LI><a href="#[1b]">DMA1_Stream4_IRQHandler</a> from startup_stm32f4xx.o(.text) referenced from startup_stm32f4xx.o(RESET)
 <LI><a href="#[1c]">DMA1_Stream5_IRQHandler</a> from startup_stm32f4xx.o(.text) referenced from startup_stm32f4xx.o(RESET)
 <LI><a href="#[1d]">DMA1_Stream6_IRQHandler</a> from startup_stm32f4xx.o(.text) referenced from startup_stm32f4xx.o(RESET)
 <LI><a href="#[3b]">DMA1_Stream7_IRQHandler</a> from startup_stm32f4xx.o(.text) referenced from startup_stm32f4xx.o(RESET)
 <LI><a href="#[44]">DMA2_Stream0_IRQHandler</a> from startup_stm32f4xx.o(.text) referenced from startup_stm32f4xx.o(RESET)
 <LI><a href="#[45]">DMA2_Stream1_IRQHandler</a> from startup_stm32f4xx.o(.text) referenced from startup_stm32f4xx.o(RESET)
 <LI><a href="#[46]">DMA2_Stream2_IRQHandler</a> from startup_stm32f4xx.o(.text) referenced from startup_stm32f4xx.o(RESET)
 <LI><a href="#[47]">DMA2_Stream3_IRQHandler</a> from startup_stm32f4xx.o(.text) referenced from startup_stm32f4xx.o(RESET)
 <LI><a href="#[48]">DMA2_Stream4_IRQHandler</a> from startup_stm32f4xx.o(.text) referenced from startup_stm32f4xx.o(RESET)
 <LI><a href="#[50]">DMA2_Stream5_IRQHandler</a> from startup_stm32f4xx.o(.text) referenced from startup_stm32f4xx.o(RESET)
 <LI><a href="#[51]">DMA2_Stream6_IRQHandler</a> from startup_stm32f4xx.o(.text) referenced from startup_stm32f4xx.o(RESET)
 <LI><a href="#[52]">DMA2_Stream7_IRQHandler</a> from startup_stm32f4xx.o(.text) referenced from startup_stm32f4xx.o(RESET)
 <LI><a href="#[9]">DebugMon_Handler</a> from stm32f4xx_it.o(i.DebugMon_Handler) referenced from startup_stm32f4xx.o(RESET)
 <LI><a href="#[49]">ETH_IRQHandler</a> from startup_stm32f4xx.o(.text) referenced from startup_stm32f4xx.o(RESET)
 <LI><a href="#[4a]">ETH_WKUP_IRQHandler</a> from startup_stm32f4xx.o(.text) referenced from startup_stm32f4xx.o(RESET)
 <LI><a href="#[12]">EXTI0_IRQHandler</a> from startup_stm32f4xx.o(.text) referenced from startup_stm32f4xx.o(RESET)
 <LI><a href="#[34]">EXTI15_10_IRQHandler</a> from startup_stm32f4xx.o(.text) referenced from startup_stm32f4xx.o(RESET)
 <LI><a href="#[13]">EXTI1_IRQHandler</a> from startup_stm32f4xx.o(.text) referenced from startup_stm32f4xx.o(RESET)
 <LI><a href="#[14]">EXTI2_IRQHandler</a> from startup_stm32f4xx.o(.text) referenced from startup_stm32f4xx.o(RESET)
 <LI><a href="#[15]">EXTI3_IRQHandler</a> from startup_stm32f4xx.o(.text) referenced from startup_stm32f4xx.o(RESET)
 <LI><a href="#[16]">EXTI4_IRQHandler</a> from startup_stm32f4xx.o(.text) referenced from startup_stm32f4xx.o(RESET)
 <LI><a href="#[23]">EXTI9_5_IRQHandler</a> from startup_stm32f4xx.o(.text) referenced from startup_stm32f4xx.o(RESET)
 <LI><a href="#[10]">FLASH_IRQHandler</a> from startup_stm32f4xx.o(.text) referenced from startup_stm32f4xx.o(RESET)
 <LI><a href="#[5d]">FPU_IRQHandler</a> from startup_stm32f4xx.o(.text) referenced from startup_stm32f4xx.o(RESET)
 <LI><a href="#[3c]">FSMC_IRQHandler</a> from startup_stm32f4xx.o(.text) referenced from startup_stm32f4xx.o(RESET)
 <LI><a href="#[70]">GUIMONO_DispChar</a> from gui_charm.o(i.GUIMONO_DispChar) referenced from f6x8.o(.constdata)
 <LI><a href="#[71]">GUIMONO_GetCharDistX</a> from gui_charm.o(i.GUIMONO_GetCharDistX) referenced from f6x8.o(.constdata)
 <LI><a href="#[72]">GUIMONO_GetFontInfo</a> from gui_charm.o(i.GUIMONO_GetFontInfo) referenced from f6x8.o(.constdata)
 <LI><a href="#[73]">GUIMONO_IsInFont</a> from gui_charm.o(i.GUIMONO_IsInFont) referenced from f6x8.o(.constdata)
 <LI><a href="#[1]">GUI_X_ExecIdle</a> from gui_x.o(i.GUI_X_ExecIdle) referenced 2 times from gui_waitevent.o(.data)
 <LI><a href="#[5c]">HASH_RNG_IRQHandler</a> from startup_stm32f4xx.o(.text) referenced from startup_stm32f4xx.o(RESET)
 <LI><a href="#[4]">HardFault_Handler</a> from stm32f4xx_it.o(i.HardFault_Handler) referenced from startup_stm32f4xx.o(RESET)
 <LI><a href="#[2c]">I2C1_ER_IRQHandler</a> from startup_stm32f4xx.o(.text) referenced from startup_stm32f4xx.o(RESET)
 <LI><a href="#[2b]">I2C1_EV_IRQHandler</a> from startup_stm32f4xx.o(.text) referenced from startup_stm32f4xx.o(RESET)
 <LI><a href="#[2e]">I2C2_ER_IRQHandler</a> from startup_stm32f4xx.o(.text) referenced from startup_stm32f4xx.o(RESET)
 <LI><a href="#[2d]">I2C2_EV_IRQHandler</a> from startup_stm32f4xx.o(.text) referenced from startup_stm32f4xx.o(RESET)
 <LI><a href="#[55]">I2C3_ER_IRQHandler</a> from startup_stm32f4xx.o(.text) referenced from startup_stm32f4xx.o(RESET)
 <LI><a href="#[54]">I2C3_EV_IRQHandler</a> from startup_stm32f4xx.o(.text) referenced from startup_stm32f4xx.o(RESET)
 <LI><a href="#[63]">IsKeyDown1</a> from bsp_key.o(i.IsKeyDown1) referenced from bsp_key.o(i.bsp_InitKeyVar)
 <LI><a href="#[6c]">IsKeyDown10</a> from bsp_key.o(i.IsKeyDown10) referenced from bsp_key.o(i.bsp_InitKeyVar)
 <LI><a href="#[64]">IsKeyDown2</a> from bsp_key.o(i.IsKeyDown2) referenced from bsp_key.o(i.bsp_InitKeyVar)
 <LI><a href="#[65]">IsKeyDown3</a> from bsp_key.o(i.IsKeyDown3) referenced from bsp_key.o(i.bsp_InitKeyVar)
 <LI><a href="#[66]">IsKeyDown4</a> from bsp_key.o(i.IsKeyDown4) referenced from bsp_key.o(i.bsp_InitKeyVar)
 <LI><a href="#[67]">IsKeyDown5</a> from bsp_key.o(i.IsKeyDown5) referenced from bsp_key.o(i.bsp_InitKeyVar)
 <LI><a href="#[68]">IsKeyDown6</a> from bsp_key.o(i.IsKeyDown6) referenced from bsp_key.o(i.bsp_InitKeyVar)
 <LI><a href="#[69]">IsKeyDown7</a> from bsp_key.o(i.IsKeyDown7) referenced from bsp_key.o(i.bsp_InitKeyVar)
 <LI><a href="#[6a]">IsKeyDown8</a> from bsp_key.o(i.IsKeyDown8) referenced from bsp_key.o(i.bsp_InitKeyVar)
 <LI><a href="#[6b]">IsKeyDown9</a> from bsp_key.o(i.IsKeyDown9) referenced from bsp_key.o(i.bsp_InitKeyVar)
 <LI><a href="#[0]">LCD_GetpPalConvTableBM</a> from lcd_color.o(i.LCD_GetpPalConvTableBM) referenced 2 times from gui_core.o(.data)
 <LI><a href="#[5]">MemManage_Handler</a> from stm32f4xx_it.o(i.MemManage_Handler) referenced from startup_stm32f4xx.o(RESET)
 <LI><a href="#[3]">NMI_Handler</a> from stm32f4xx_it.o(i.NMI_Handler) referenced from startup_stm32f4xx.o(RESET)
 <LI><a href="#[4f]">OTG_FS_IRQHandler</a> from startup_stm32f4xx.o(.text) referenced from startup_stm32f4xx.o(RESET)
 <LI><a href="#[36]">OTG_FS_WKUP_IRQHandler</a> from startup_stm32f4xx.o(.text) referenced from startup_stm32f4xx.o(RESET)
 <LI><a href="#[57]">OTG_HS_EP1_IN_IRQHandler</a> from startup_stm32f4xx.o(.text) referenced from startup_stm32f4xx.o(RESET)
 <LI><a href="#[56]">OTG_HS_EP1_OUT_IRQHandler</a> from startup_stm32f4xx.o(.text) referenced from startup_stm32f4xx.o(RESET)
 <LI><a href="#[59]">OTG_HS_IRQHandler</a> from startup_stm32f4xx.o(.text) referenced from startup_stm32f4xx.o(RESET)
 <LI><a href="#[58]">OTG_HS_WKUP_IRQHandler</a> from startup_stm32f4xx.o(.text) referenced from startup_stm32f4xx.o(RESET)
 <LI><a href="#[d]">PVD_IRQHandler</a> from startup_stm32f4xx.o(.text) referenced from startup_stm32f4xx.o(RESET)
 <LI><a href="#[a]">PendSV_Handler</a> from startup_stm32f4xx.o(.text) referenced from startup_stm32f4xx.o(RESET)
 <LI><a href="#[11]">RCC_IRQHandler</a> from startup_stm32f4xx.o(.text) referenced from startup_stm32f4xx.o(RESET)
 <LI><a href="#[35]">RTC_Alarm_IRQHandler</a> from startup_stm32f4xx.o(.text) referenced from startup_stm32f4xx.o(RESET)
 <LI><a href="#[f]">RTC_WKUP_IRQHandler</a> from startup_stm32f4xx.o(.text) referenced from startup_stm32f4xx.o(RESET)
 <LI><a href="#[2]">Reset_Handler</a> from startup_stm32f4xx.o(.text) referenced from startup_stm32f4xx.o(RESET)
 <LI><a href="#[3d]">SDIO_IRQHandler</a> from startup_stm32f4xx.o(.text) referenced from startup_stm32f4xx.o(RESET)
 <LI><a href="#[2f]">SPI1_IRQHandler</a> from startup_stm32f4xx.o(.text) referenced from startup_stm32f4xx.o(RESET)
 <LI><a href="#[30]">SPI2_IRQHandler</a> from startup_stm32f4xx.o(.text) referenced from startup_stm32f4xx.o(RESET)
 <LI><a href="#[3f]">SPI3_IRQHandler</a> from startup_stm32f4xx.o(.text) referenced from startup_stm32f4xx.o(RESET)
 <LI><a href="#[8]">SVC_Handler</a> from startup_stm32f4xx.o(.text) referenced from startup_stm32f4xx.o(RESET)
 <LI><a href="#[b]">SysTick_Handler</a> from bsp_timer.o(i.SysTick_Handler) referenced from startup_stm32f4xx.o(RESET)
 <LI><a href="#[5f]">SystemInit</a> from system_stm32f4xx.o(i.SystemInit) referenced from startup_stm32f4xx.o(.text)
 <LI><a href="#[e]">TAMP_STAMP_IRQHandler</a> from startup_stm32f4xx.o(.text) referenced from startup_stm32f4xx.o(RESET)
 <LI><a href="#[24]">TIM1_BRK_TIM9_IRQHandler</a> from startup_stm32f4xx.o(.text) referenced from startup_stm32f4xx.o(RESET)
 <LI><a href="#[27]">TIM1_CC_IRQHandler</a> from startup_stm32f4xx.o(.text) referenced from startup_stm32f4xx.o(RESET)
 <LI><a href="#[26]">TIM1_TRG_COM_TIM11_IRQHandler</a> from startup_stm32f4xx.o(.text) referenced from startup_stm32f4xx.o(RESET)
 <LI><a href="#[25]">TIM1_UP_TIM10_IRQHandler</a> from startup_stm32f4xx.o(.text) referenced from startup_stm32f4xx.o(RESET)
 <LI><a href="#[28]">TIM2_IRQHandler</a> from startup_stm32f4xx.o(.text) referenced from startup_stm32f4xx.o(RESET)
 <LI><a href="#[29]">TIM3_IRQHandler</a> from startup_stm32f4xx.o(.text) referenced from startup_stm32f4xx.o(RESET)
 <LI><a href="#[2a]">TIM4_IRQHandler</a> from startup_stm32f4xx.o(.text) referenced from startup_stm32f4xx.o(RESET)
 <LI><a href="#[3e]">TIM5_IRQHandler</a> from startup_stm32f4xx.o(.text) referenced from startup_stm32f4xx.o(RESET)
 <LI><a href="#[42]">TIM6_DAC_IRQHandler</a> from startup_stm32f4xx.o(.text) referenced from startup_stm32f4xx.o(RESET)
 <LI><a href="#[43]">TIM7_IRQHandler</a> from startup_stm32f4xx.o(.text) referenced from startup_stm32f4xx.o(RESET)
 <LI><a href="#[37]">TIM8_BRK_TIM12_IRQHandler</a> from startup_stm32f4xx.o(.text) referenced from startup_stm32f4xx.o(RESET)
 <LI><a href="#[3a]">TIM8_CC_IRQHandler</a> from startup_stm32f4xx.o(.text) referenced from startup_stm32f4xx.o(RESET)
 <LI><a href="#[39]">TIM8_TRG_COM_TIM14_IRQHandler</a> from startup_stm32f4xx.o(.text) referenced from startup_stm32f4xx.o(RESET)
 <LI><a href="#[38]">TIM8_UP_TIM13_IRQHandler</a> from startup_stm32f4xx.o(.text) referenced from startup_stm32f4xx.o(RESET)
 <LI><a href="#[40]">UART4_IRQHandler</a> from startup_stm32f4xx.o(.text) referenced from startup_stm32f4xx.o(RESET)
 <LI><a href="#[41]">UART5_IRQHandler</a> from startup_stm32f4xx.o(.text) referenced from startup_stm32f4xx.o(RESET)
 <LI><a href="#[31]">USART1_IRQHandler</a> from startup_stm32f4xx.o(.text) referenced from startup_stm32f4xx.o(RESET)
 <LI><a href="#[32]">USART2_IRQHandler</a> from startup_stm32f4xx.o(.text) referenced from startup_stm32f4xx.o(RESET)
 <LI><a href="#[33]">USART3_IRQHandler</a> from startup_stm32f4xx.o(.text) referenced from startup_stm32f4xx.o(RESET)
 <LI><a href="#[53]">USART6_IRQHandler</a> from startup_stm32f4xx.o(.text) referenced from startup_stm32f4xx.o(RESET)
 <LI><a href="#[7]">UsageFault_Handler</a> from stm32f4xx_it.o(i.UsageFault_Handler) referenced from startup_stm32f4xx.o(RESET)
 <LI><a href="#[61]">WM_HandlePID</a> from wm_touch.o(i.WM_HandlePID) referenced from gui_pid.o(i.GUI_PID_StoreState)
 <LI><a href="#[c]">WWDG_IRQHandler</a> from startup_stm32f4xx.o(.text) referenced from startup_stm32f4xx.o(RESET)
 <LI><a href="#[62]">_OnExit</a> from gui_alloc.o(i._OnExit) referenced from gui_alloc.o(i._InitOnce)
 <LI><a href="#[6e]">_SetBkColor</a> from lcd.o(i._SetBkColor) referenced from lcd.o(.constdata)
 <LI><a href="#[6d]">_SetColor</a> from lcd.o(i._SetColor) referenced from lcd.o(.constdata)
 <LI><a href="#[6f]">_SetDrawMode</a> from lcd.o(i._SetDrawMode) referenced from lcd.o(.constdata)
 <LI><a href="#[60]">__main</a> from entry.o(.ARM.Collect$$$$00000000) referenced from startup_stm32f4xx.o(.text)
 <LI><a href="#[5e]">main</a> from main.o(i.main) referenced from entry9a.o(.ARM.Collect$$$$0000000B)
</UL>
<P>
<H3>
Global Symbols
</H3>
<P><STRONG><a name="[60]"></a>__main</STRONG> (Thumb, 0 bytes, Stack size unknown bytes, entry.o(.ARM.Collect$$$$00000000))
<BR>[Address Reference Count : 1]<UL><LI> startup_stm32f4xx.o(.text)
</UL>
<P><STRONG><a name="[14a]"></a>_main_stk</STRONG> (Thumb, 0 bytes, Stack size unknown bytes, entry2.o(.ARM.Collect$$$$00000001))

<P><STRONG><a name="[74]"></a>_main_scatterload</STRONG> (Thumb, 0 bytes, Stack size unknown bytes, entry5.o(.ARM.Collect$$$$00000004))
<BR><BR>[Calls]<UL><LI><a href="#[75]">&gt;&gt;</a>&nbsp;&nbsp;&nbsp;__scatterload
</UL>

<P><STRONG><a name="[76]"></a>__main_after_scatterload</STRONG> (Thumb, 0 bytes, Stack size unknown bytes, entry5.o(.ARM.Collect$$$$00000004))
<BR><BR>[Called By]<UL><LI><a href="#[75]">&gt;&gt;</a>&nbsp;&nbsp;&nbsp;__scatterload
</UL>

<P><STRONG><a name="[14b]"></a>_main_clock</STRONG> (Thumb, 0 bytes, Stack size unknown bytes, entry7b.o(.ARM.Collect$$$$00000008))

<P><STRONG><a name="[14c]"></a>_main_cpp_init</STRONG> (Thumb, 0 bytes, Stack size unknown bytes, entry8b.o(.ARM.Collect$$$$0000000A))

<P><STRONG><a name="[14d]"></a>_main_init</STRONG> (Thumb, 0 bytes, Stack size unknown bytes, entry9a.o(.ARM.Collect$$$$0000000B))

<P><STRONG><a name="[14e]"></a>__rt_final_cpp</STRONG> (Thumb, 0 bytes, Stack size unknown bytes, entry10a.o(.ARM.Collect$$$$0000000D))

<P><STRONG><a name="[14f]"></a>__rt_final_exit</STRONG> (Thumb, 0 bytes, Stack size unknown bytes, entry11a.o(.ARM.Collect$$$$0000000F))

<P><STRONG><a name="[2]"></a>Reset_Handler</STRONG> (Thumb, 8 bytes, Stack size 0 bytes, startup_stm32f4xx.o(.text))
<BR>[Address Reference Count : 1]<UL><LI> startup_stm32f4xx.o(RESET)
</UL>
<P><STRONG><a name="[8]"></a>SVC_Handler</STRONG> (Thumb, 2 bytes, Stack size 0 bytes, startup_stm32f4xx.o(.text))
<BR><BR>[Calls]<UL><LI><a href="#[8]">&gt;&gt;</a>&nbsp;&nbsp;&nbsp;SVC_Handler
</UL>
<BR>[Called By]<UL><LI><a href="#[8]">&gt;&gt;</a>&nbsp;&nbsp;&nbsp;SVC_Handler
</UL>
<BR>[Address Reference Count : 1]<UL><LI> startup_stm32f4xx.o(RESET)
</UL>
<P><STRONG><a name="[a]"></a>PendSV_Handler</STRONG> (Thumb, 2 bytes, Stack size 0 bytes, startup_stm32f4xx.o(.text))
<BR><BR>[Calls]<UL><LI><a href="#[a]">&gt;&gt;</a>&nbsp;&nbsp;&nbsp;PendSV_Handler
</UL>
<BR>[Called By]<UL><LI><a href="#[a]">&gt;&gt;</a>&nbsp;&nbsp;&nbsp;PendSV_Handler
</UL>
<BR>[Address Reference Count : 1]<UL><LI> startup_stm32f4xx.o(RESET)
</UL>
<P><STRONG><a name="[1e]"></a>ADC_IRQHandler</STRONG> (Thumb, 0 bytes, Stack size 0 bytes, startup_stm32f4xx.o(.text))
<BR><BR>[Calls]<UL><LI><a href="#[1e]">&gt;&gt;</a>&nbsp;&nbsp;&nbsp;ADC_IRQHandler
</UL>
<BR>[Called By]<UL><LI><a href="#[1e]">&gt;&gt;</a>&nbsp;&nbsp;&nbsp;ADC_IRQHandler
</UL>
<BR>[Address Reference Count : 1]<UL><LI> startup_stm32f4xx.o(RESET)
</UL>
<P><STRONG><a name="[20]"></a>CAN1_RX0_IRQHandler</STRONG> (Thumb, 0 bytes, Stack size 0 bytes, startup_stm32f4xx.o(.text))
<BR>[Address Reference Count : 1]<UL><LI> startup_stm32f4xx.o(RESET)
</UL>
<P><STRONG><a name="[21]"></a>CAN1_RX1_IRQHandler</STRONG> (Thumb, 0 bytes, Stack size 0 bytes, startup_stm32f4xx.o(.text))
<BR>[Address Reference Count : 1]<UL><LI> startup_stm32f4xx.o(RESET)
</UL>
<P><STRONG><a name="[22]"></a>CAN1_SCE_IRQHandler</STRONG> (Thumb, 0 bytes, Stack size 0 bytes, startup_stm32f4xx.o(.text))
<BR>[Address Reference Count : 1]<UL><LI> startup_stm32f4xx.o(RESET)
</UL>
<P><STRONG><a name="[1f]"></a>CAN1_TX_IRQHandler</STRONG> (Thumb, 0 bytes, Stack size 0 bytes, startup_stm32f4xx.o(.text))
<BR>[Address Reference Count : 1]<UL><LI> startup_stm32f4xx.o(RESET)
</UL>
<P><STRONG><a name="[4c]"></a>CAN2_RX0_IRQHandler</STRONG> (Thumb, 0 bytes, Stack size 0 bytes, startup_stm32f4xx.o(.text))
<BR>[Address Reference Count : 1]<UL><LI> startup_stm32f4xx.o(RESET)
</UL>
<P><STRONG><a name="[4d]"></a>CAN2_RX1_IRQHandler</STRONG> (Thumb, 0 bytes, Stack size 0 bytes, startup_stm32f4xx.o(.text))
<BR>[Address Reference Count : 1]<UL><LI> startup_stm32f4xx.o(RESET)
</UL>
<P><STRONG><a name="[4e]"></a>CAN2_SCE_IRQHandler</STRONG> (Thumb, 0 bytes, Stack size 0 bytes, startup_stm32f4xx.o(.text))
<BR>[Address Reference Count : 1]<UL><LI> startup_stm32f4xx.o(RESET)
</UL>
<P><STRONG><a name="[4b]"></a>CAN2_TX_IRQHandler</STRONG> (Thumb, 0 bytes, Stack size 0 bytes, startup_stm32f4xx.o(.text))
<BR>[Address Reference Count : 1]<UL><LI> startup_stm32f4xx.o(RESET)
</UL>
<P><STRONG><a name="[5b]"></a>CRYP_IRQHandler</STRONG> (Thumb, 0 bytes, Stack size 0 bytes, startup_stm32f4xx.o(.text))
<BR>[Address Reference Count : 1]<UL><LI> startup_stm32f4xx.o(RESET)
</UL>
<P><STRONG><a name="[5a]"></a>DCMI_IRQHandler</STRONG> (Thumb, 0 bytes, Stack size 0 bytes, startup_stm32f4xx.o(.text))
<BR>[Address Reference Count : 1]<UL><LI> startup_stm32f4xx.o(RESET)
</UL>
<P><STRONG><a name="[17]"></a>DMA1_Stream0_IRQHandler</STRONG> (Thumb, 0 bytes, Stack size 0 bytes, startup_stm32f4xx.o(.text))
<BR>[Address Reference Count : 1]<UL><LI> startup_stm32f4xx.o(RESET)
</UL>
<P><STRONG><a name="[18]"></a>DMA1_Stream1_IRQHandler</STRONG> (Thumb, 0 bytes, Stack size 0 bytes, startup_stm32f4xx.o(.text))
<BR>[Address Reference Count : 1]<UL><LI> startup_stm32f4xx.o(RESET)
</UL>
<P><STRONG><a name="[19]"></a>DMA1_Stream2_IRQHandler</STRONG> (Thumb, 0 bytes, Stack size 0 bytes, startup_stm32f4xx.o(.text))
<BR>[Address Reference Count : 1]<UL><LI> startup_stm32f4xx.o(RESET)
</UL>
<P><STRONG><a name="[1a]"></a>DMA1_Stream3_IRQHandler</STRONG> (Thumb, 0 bytes, Stack size 0 bytes, startup_stm32f4xx.o(.text))
<BR>[Address Reference Count : 1]<UL><LI> startup_stm32f4xx.o(RESET)
</UL>
<P><STRONG><a name="[1b]"></a>DMA1_Stream4_IRQHandler</STRONG> (Thumb, 0 bytes, Stack size 0 bytes, startup_stm32f4xx.o(.text))
<BR>[Address Reference Count : 1]<UL><LI> startup_stm32f4xx.o(RESET)
</UL>
<P><STRONG><a name="[1c]"></a>DMA1_Stream5_IRQHandler</STRONG> (Thumb, 0 bytes, Stack size 0 bytes, startup_stm32f4xx.o(.text))
<BR>[Address Reference Count : 1]<UL><LI> startup_stm32f4xx.o(RESET)
</UL>
<P><STRONG><a name="[1d]"></a>DMA1_Stream6_IRQHandler</STRONG> (Thumb, 0 bytes, Stack size 0 bytes, startup_stm32f4xx.o(.text))
<BR>[Address Reference Count : 1]<UL><LI> startup_stm32f4xx.o(RESET)
</UL>
<P><STRONG><a name="[3b]"></a>DMA1_Stream7_IRQHandler</STRONG> (Thumb, 0 bytes, Stack size 0 bytes, startup_stm32f4xx.o(.text))
<BR>[Address Reference Count : 1]<UL><LI> startup_stm32f4xx.o(RESET)
</UL>
<P><STRONG><a name="[44]"></a>DMA2_Stream0_IRQHandler</STRONG> (Thumb, 0 bytes, Stack size 0 bytes, startup_stm32f4xx.o(.text))
<BR>[Address Reference Count : 1]<UL><LI> startup_stm32f4xx.o(RESET)
</UL>
<P><STRONG><a name="[45]"></a>DMA2_Stream1_IRQHandler</STRONG> (Thumb, 0 bytes, Stack size 0 bytes, startup_stm32f4xx.o(.text))
<BR>[Address Reference Count : 1]<UL><LI> startup_stm32f4xx.o(RESET)
</UL>
<P><STRONG><a name="[46]"></a>DMA2_Stream2_IRQHandler</STRONG> (Thumb, 0 bytes, Stack size 0 bytes, startup_stm32f4xx.o(.text))
<BR>[Address Reference Count : 1]<UL><LI> startup_stm32f4xx.o(RESET)
</UL>
<P><STRONG><a name="[47]"></a>DMA2_Stream3_IRQHandler</STRONG> (Thumb, 0 bytes, Stack size 0 bytes, startup_stm32f4xx.o(.text))
<BR>[Address Reference Count : 1]<UL><LI> startup_stm32f4xx.o(RESET)
</UL>
<P><STRONG><a name="[48]"></a>DMA2_Stream4_IRQHandler</STRONG> (Thumb, 0 bytes, Stack size 0 bytes, startup_stm32f4xx.o(.text))
<BR>[Address Reference Count : 1]<UL><LI> startup_stm32f4xx.o(RESET)
</UL>
<P><STRONG><a name="[50]"></a>DMA2_Stream5_IRQHandler</STRONG> (Thumb, 0 bytes, Stack size 0 bytes, startup_stm32f4xx.o(.text))
<BR>[Address Reference Count : 1]<UL><LI> startup_stm32f4xx.o(RESET)
</UL>
<P><STRONG><a name="[51]"></a>DMA2_Stream6_IRQHandler</STRONG> (Thumb, 0 bytes, Stack size 0 bytes, startup_stm32f4xx.o(.text))
<BR>[Address Reference Count : 1]<UL><LI> startup_stm32f4xx.o(RESET)
</UL>
<P><STRONG><a name="[52]"></a>DMA2_Stream7_IRQHandler</STRONG> (Thumb, 0 bytes, Stack size 0 bytes, startup_stm32f4xx.o(.text))
<BR>[Address Reference Count : 1]<UL><LI> startup_stm32f4xx.o(RESET)
</UL>
<P><STRONG><a name="[49]"></a>ETH_IRQHandler</STRONG> (Thumb, 0 bytes, Stack size 0 bytes, startup_stm32f4xx.o(.text))
<BR>[Address Reference Count : 1]<UL><LI> startup_stm32f4xx.o(RESET)
</UL>
<P><STRONG><a name="[4a]"></a>ETH_WKUP_IRQHandler</STRONG> (Thumb, 0 bytes, Stack size 0 bytes, startup_stm32f4xx.o(.text))
<BR>[Address Reference Count : 1]<UL><LI> startup_stm32f4xx.o(RESET)
</UL>
<P><STRONG><a name="[12]"></a>EXTI0_IRQHandler</STRONG> (Thumb, 0 bytes, Stack size 0 bytes, startup_stm32f4xx.o(.text))
<BR>[Address Reference Count : 1]<UL><LI> startup_stm32f4xx.o(RESET)
</UL>
<P><STRONG><a name="[34]"></a>EXTI15_10_IRQHandler</STRONG> (Thumb, 0 bytes, Stack size 0 bytes, startup_stm32f4xx.o(.text))
<BR>[Address Reference Count : 1]<UL><LI> startup_stm32f4xx.o(RESET)
</UL>
<P><STRONG><a name="[13]"></a>EXTI1_IRQHandler</STRONG> (Thumb, 0 bytes, Stack size 0 bytes, startup_stm32f4xx.o(.text))
<BR>[Address Reference Count : 1]<UL><LI> startup_stm32f4xx.o(RESET)
</UL>
<P><STRONG><a name="[14]"></a>EXTI2_IRQHandler</STRONG> (Thumb, 0 bytes, Stack size 0 bytes, startup_stm32f4xx.o(.text))
<BR>[Address Reference Count : 1]<UL><LI> startup_stm32f4xx.o(RESET)
</UL>
<P><STRONG><a name="[15]"></a>EXTI3_IRQHandler</STRONG> (Thumb, 0 bytes, Stack size 0 bytes, startup_stm32f4xx.o(.text))
<BR>[Address Reference Count : 1]<UL><LI> startup_stm32f4xx.o(RESET)
</UL>
<P><STRONG><a name="[16]"></a>EXTI4_IRQHandler</STRONG> (Thumb, 0 bytes, Stack size 0 bytes, startup_stm32f4xx.o(.text))
<BR>[Address Reference Count : 1]<UL><LI> startup_stm32f4xx.o(RESET)
</UL>
<P><STRONG><a name="[23]"></a>EXTI9_5_IRQHandler</STRONG> (Thumb, 0 bytes, Stack size 0 bytes, startup_stm32f4xx.o(.text))
<BR>[Address Reference Count : 1]<UL><LI> startup_stm32f4xx.o(RESET)
</UL>
<P><STRONG><a name="[10]"></a>FLASH_IRQHandler</STRONG> (Thumb, 0 bytes, Stack size 0 bytes, startup_stm32f4xx.o(.text))
<BR>[Address Reference Count : 1]<UL><LI> startup_stm32f4xx.o(RESET)
</UL>
<P><STRONG><a name="[5d]"></a>FPU_IRQHandler</STRONG> (Thumb, 0 bytes, Stack size 0 bytes, startup_stm32f4xx.o(.text))
<BR>[Address Reference Count : 1]<UL><LI> startup_stm32f4xx.o(RESET)
</UL>
<P><STRONG><a name="[3c]"></a>FSMC_IRQHandler</STRONG> (Thumb, 0 bytes, Stack size 0 bytes, startup_stm32f4xx.o(.text))
<BR>[Address Reference Count : 1]<UL><LI> startup_stm32f4xx.o(RESET)
</UL>
<P><STRONG><a name="[5c]"></a>HASH_RNG_IRQHandler</STRONG> (Thumb, 0 bytes, Stack size 0 bytes, startup_stm32f4xx.o(.text))
<BR>[Address Reference Count : 1]<UL><LI> startup_stm32f4xx.o(RESET)
</UL>
<P><STRONG><a name="[2c]"></a>I2C1_ER_IRQHandler</STRONG> (Thumb, 0 bytes, Stack size 0 bytes, startup_stm32f4xx.o(.text))
<BR>[Address Reference Count : 1]<UL><LI> startup_stm32f4xx.o(RESET)
</UL>
<P><STRONG><a name="[2b]"></a>I2C1_EV_IRQHandler</STRONG> (Thumb, 0 bytes, Stack size 0 bytes, startup_stm32f4xx.o(.text))
<BR>[Address Reference Count : 1]<UL><LI> startup_stm32f4xx.o(RESET)
</UL>
<P><STRONG><a name="[2e]"></a>I2C2_ER_IRQHandler</STRONG> (Thumb, 0 bytes, Stack size 0 bytes, startup_stm32f4xx.o(.text))
<BR>[Address Reference Count : 1]<UL><LI> startup_stm32f4xx.o(RESET)
</UL>
<P><STRONG><a name="[2d]"></a>I2C2_EV_IRQHandler</STRONG> (Thumb, 0 bytes, Stack size 0 bytes, startup_stm32f4xx.o(.text))
<BR>[Address Reference Count : 1]<UL><LI> startup_stm32f4xx.o(RESET)
</UL>
<P><STRONG><a name="[55]"></a>I2C3_ER_IRQHandler</STRONG> (Thumb, 0 bytes, Stack size 0 bytes, startup_stm32f4xx.o(.text))
<BR>[Address Reference Count : 1]<UL><LI> startup_stm32f4xx.o(RESET)
</UL>
<P><STRONG><a name="[54]"></a>I2C3_EV_IRQHandler</STRONG> (Thumb, 0 bytes, Stack size 0 bytes, startup_stm32f4xx.o(.text))
<BR>[Address Reference Count : 1]<UL><LI> startup_stm32f4xx.o(RESET)
</UL>
<P><STRONG><a name="[4f]"></a>OTG_FS_IRQHandler</STRONG> (Thumb, 0 bytes, Stack size 0 bytes, startup_stm32f4xx.o(.text))
<BR>[Address Reference Count : 1]<UL><LI> startup_stm32f4xx.o(RESET)
</UL>
<P><STRONG><a name="[36]"></a>OTG_FS_WKUP_IRQHandler</STRONG> (Thumb, 0 bytes, Stack size 0 bytes, startup_stm32f4xx.o(.text))
<BR>[Address Reference Count : 1]<UL><LI> startup_stm32f4xx.o(RESET)
</UL>
<P><STRONG><a name="[57]"></a>OTG_HS_EP1_IN_IRQHandler</STRONG> (Thumb, 0 bytes, Stack size 0 bytes, startup_stm32f4xx.o(.text))
<BR>[Address Reference Count : 1]<UL><LI> startup_stm32f4xx.o(RESET)
</UL>
<P><STRONG><a name="[56]"></a>OTG_HS_EP1_OUT_IRQHandler</STRONG> (Thumb, 0 bytes, Stack size 0 bytes, startup_stm32f4xx.o(.text))
<BR>[Address Reference Count : 1]<UL><LI> startup_stm32f4xx.o(RESET)
</UL>
<P><STRONG><a name="[59]"></a>OTG_HS_IRQHandler</STRONG> (Thumb, 0 bytes, Stack size 0 bytes, startup_stm32f4xx.o(.text))
<BR>[Address Reference Count : 1]<UL><LI> startup_stm32f4xx.o(RESET)
</UL>
<P><STRONG><a name="[58]"></a>OTG_HS_WKUP_IRQHandler</STRONG> (Thumb, 0 bytes, Stack size 0 bytes, startup_stm32f4xx.o(.text))
<BR>[Address Reference Count : 1]<UL><LI> startup_stm32f4xx.o(RESET)
</UL>
<P><STRONG><a name="[d]"></a>PVD_IRQHandler</STRONG> (Thumb, 0 bytes, Stack size 0 bytes, startup_stm32f4xx.o(.text))
<BR>[Address Reference Count : 1]<UL><LI> startup_stm32f4xx.o(RESET)
</UL>
<P><STRONG><a name="[11]"></a>RCC_IRQHandler</STRONG> (Thumb, 0 bytes, Stack size 0 bytes, startup_stm32f4xx.o(.text))
<BR>[Address Reference Count : 1]<UL><LI> startup_stm32f4xx.o(RESET)
</UL>
<P><STRONG><a name="[35]"></a>RTC_Alarm_IRQHandler</STRONG> (Thumb, 0 bytes, Stack size 0 bytes, startup_stm32f4xx.o(.text))
<BR>[Address Reference Count : 1]<UL><LI> startup_stm32f4xx.o(RESET)
</UL>
<P><STRONG><a name="[f]"></a>RTC_WKUP_IRQHandler</STRONG> (Thumb, 0 bytes, Stack size 0 bytes, startup_stm32f4xx.o(.text))
<BR>[Address Reference Count : 1]<UL><LI> startup_stm32f4xx.o(RESET)
</UL>
<P><STRONG><a name="[3d]"></a>SDIO_IRQHandler</STRONG> (Thumb, 0 bytes, Stack size 0 bytes, startup_stm32f4xx.o(.text))
<BR>[Address Reference Count : 1]<UL><LI> startup_stm32f4xx.o(RESET)
</UL>
<P><STRONG><a name="[2f]"></a>SPI1_IRQHandler</STRONG> (Thumb, 0 bytes, Stack size 0 bytes, startup_stm32f4xx.o(.text))
<BR>[Address Reference Count : 1]<UL><LI> startup_stm32f4xx.o(RESET)
</UL>
<P><STRONG><a name="[30]"></a>SPI2_IRQHandler</STRONG> (Thumb, 0 bytes, Stack size 0 bytes, startup_stm32f4xx.o(.text))
<BR>[Address Reference Count : 1]<UL><LI> startup_stm32f4xx.o(RESET)
</UL>
<P><STRONG><a name="[3f]"></a>SPI3_IRQHandler</STRONG> (Thumb, 0 bytes, Stack size 0 bytes, startup_stm32f4xx.o(.text))
<BR>[Address Reference Count : 1]<UL><LI> startup_stm32f4xx.o(RESET)
</UL>
<P><STRONG><a name="[e]"></a>TAMP_STAMP_IRQHandler</STRONG> (Thumb, 0 bytes, Stack size 0 bytes, startup_stm32f4xx.o(.text))
<BR>[Address Reference Count : 1]<UL><LI> startup_stm32f4xx.o(RESET)
</UL>
<P><STRONG><a name="[24]"></a>TIM1_BRK_TIM9_IRQHandler</STRONG> (Thumb, 0 bytes, Stack size 0 bytes, startup_stm32f4xx.o(.text))
<BR>[Address Reference Count : 1]<UL><LI> startup_stm32f4xx.o(RESET)
</UL>
<P><STRONG><a name="[27]"></a>TIM1_CC_IRQHandler</STRONG> (Thumb, 0 bytes, Stack size 0 bytes, startup_stm32f4xx.o(.text))
<BR>[Address Reference Count : 1]<UL><LI> startup_stm32f4xx.o(RESET)
</UL>
<P><STRONG><a name="[26]"></a>TIM1_TRG_COM_TIM11_IRQHandler</STRONG> (Thumb, 0 bytes, Stack size 0 bytes, startup_stm32f4xx.o(.text))
<BR>[Address Reference Count : 1]<UL><LI> startup_stm32f4xx.o(RESET)
</UL>
<P><STRONG><a name="[25]"></a>TIM1_UP_TIM10_IRQHandler</STRONG> (Thumb, 0 bytes, Stack size 0 bytes, startup_stm32f4xx.o(.text))
<BR>[Address Reference Count : 1]<UL><LI> startup_stm32f4xx.o(RESET)
</UL>
<P><STRONG><a name="[28]"></a>TIM2_IRQHandler</STRONG> (Thumb, 0 bytes, Stack size 0 bytes, startup_stm32f4xx.o(.text))
<BR>[Address Reference Count : 1]<UL><LI> startup_stm32f4xx.o(RESET)
</UL>
<P><STRONG><a name="[29]"></a>TIM3_IRQHandler</STRONG> (Thumb, 0 bytes, Stack size 0 bytes, startup_stm32f4xx.o(.text))
<BR>[Address Reference Count : 1]<UL><LI> startup_stm32f4xx.o(RESET)
</UL>
<P><STRONG><a name="[2a]"></a>TIM4_IRQHandler</STRONG> (Thumb, 0 bytes, Stack size 0 bytes, startup_stm32f4xx.o(.text))
<BR>[Address Reference Count : 1]<UL><LI> startup_stm32f4xx.o(RESET)
</UL>
<P><STRONG><a name="[3e]"></a>TIM5_IRQHandler</STRONG> (Thumb, 0 bytes, Stack size 0 bytes, startup_stm32f4xx.o(.text))
<BR>[Address Reference Count : 1]<UL><LI> startup_stm32f4xx.o(RESET)
</UL>
<P><STRONG><a name="[42]"></a>TIM6_DAC_IRQHandler</STRONG> (Thumb, 0 bytes, Stack size 0 bytes, startup_stm32f4xx.o(.text))
<BR>[Address Reference Count : 1]<UL><LI> startup_stm32f4xx.o(RESET)
</UL>
<P><STRONG><a name="[43]"></a>TIM7_IRQHandler</STRONG> (Thumb, 0 bytes, Stack size 0 bytes, startup_stm32f4xx.o(.text))
<BR>[Address Reference Count : 1]<UL><LI> startup_stm32f4xx.o(RESET)
</UL>
<P><STRONG><a name="[37]"></a>TIM8_BRK_TIM12_IRQHandler</STRONG> (Thumb, 0 bytes, Stack size 0 bytes, startup_stm32f4xx.o(.text))
<BR>[Address Reference Count : 1]<UL><LI> startup_stm32f4xx.o(RESET)
</UL>
<P><STRONG><a name="[3a]"></a>TIM8_CC_IRQHandler</STRONG> (Thumb, 0 bytes, Stack size 0 bytes, startup_stm32f4xx.o(.text))
<BR>[Address Reference Count : 1]<UL><LI> startup_stm32f4xx.o(RESET)
</UL>
<P><STRONG><a name="[39]"></a>TIM8_TRG_COM_TIM14_IRQHandler</STRONG> (Thumb, 0 bytes, Stack size 0 bytes, startup_stm32f4xx.o(.text))
<BR>[Address Reference Count : 1]<UL><LI> startup_stm32f4xx.o(RESET)
</UL>
<P><STRONG><a name="[38]"></a>TIM8_UP_TIM13_IRQHandler</STRONG> (Thumb, 0 bytes, Stack size 0 bytes, startup_stm32f4xx.o(.text))
<BR>[Address Reference Count : 1]<UL><LI> startup_stm32f4xx.o(RESET)
</UL>
<P><STRONG><a name="[40]"></a>UART4_IRQHandler</STRONG> (Thumb, 0 bytes, Stack size 0 bytes, startup_stm32f4xx.o(.text))
<BR>[Address Reference Count : 1]<UL><LI> startup_stm32f4xx.o(RESET)
</UL>
<P><STRONG><a name="[41]"></a>UART5_IRQHandler</STRONG> (Thumb, 0 bytes, Stack size 0 bytes, startup_stm32f4xx.o(.text))
<BR>[Address Reference Count : 1]<UL><LI> startup_stm32f4xx.o(RESET)
</UL>
<P><STRONG><a name="[31]"></a>USART1_IRQHandler</STRONG> (Thumb, 0 bytes, Stack size 0 bytes, startup_stm32f4xx.o(.text))
<BR>[Address Reference Count : 1]<UL><LI> startup_stm32f4xx.o(RESET)
</UL>
<P><STRONG><a name="[32]"></a>USART2_IRQHandler</STRONG> (Thumb, 0 bytes, Stack size 0 bytes, startup_stm32f4xx.o(.text))
<BR>[Address Reference Count : 1]<UL><LI> startup_stm32f4xx.o(RESET)
</UL>
<P><STRONG><a name="[33]"></a>USART3_IRQHandler</STRONG> (Thumb, 0 bytes, Stack size 0 bytes, startup_stm32f4xx.o(.text))
<BR>[Address Reference Count : 1]<UL><LI> startup_stm32f4xx.o(RESET)
</UL>
<P><STRONG><a name="[53]"></a>USART6_IRQHandler</STRONG> (Thumb, 0 bytes, Stack size 0 bytes, startup_stm32f4xx.o(.text))
<BR>[Address Reference Count : 1]<UL><LI> startup_stm32f4xx.o(RESET)
</UL>
<P><STRONG><a name="[c]"></a>WWDG_IRQHandler</STRONG> (Thumb, 0 bytes, Stack size 0 bytes, startup_stm32f4xx.o(.text))
<BR>[Address Reference Count : 1]<UL><LI> startup_stm32f4xx.o(RESET)
</UL>
<P><STRONG><a name="[150]"></a>___aeabi_memcpy8$move</STRONG> (Thumb, 0 bytes, Stack size 8 bytes, memmovea.o(.text), UNUSED)

<P><STRONG><a name="[151]"></a>__aeabi_memcpy</STRONG> (Thumb, 64 bytes, Stack size 8 bytes, memmovea.o(.text), UNUSED)

<P><STRONG><a name="[12c]"></a>__aeabi_memcpy4</STRONG> (Thumb, 0 bytes, Stack size 8 bytes, memmovea.o(.text))
<BR><BR>[Stack]<UL><LI>Max Depth = 8<LI>Call Chain = __aeabi_memcpy4
</UL>
<BR>[Called By]<UL><LI><a href="#[12b]">&gt;&gt;</a>&nbsp;&nbsp;&nbsp;_EnlargeBlocks
</UL>

<P><STRONG><a name="[137]"></a>__aeabi_memmove</STRONG> (Thumb, 0 bytes, Stack size 8 bytes, memmovea.o(.text))
<BR><BR>[Stack]<UL><LI>Max Depth = 8<LI>Call Chain = __aeabi_memmove
</UL>
<BR>[Called By]<UL><LI><a href="#[129]">&gt;&gt;</a>&nbsp;&nbsp;&nbsp;_RemoveHoles
</UL>

<P><STRONG><a name="[152]"></a>__aeabi_memmove4</STRONG> (Thumb, 0 bytes, Stack size 8 bytes, memmovea.o(.text), UNUSED)

<P><STRONG><a name="[153]"></a>__aeabi_memmove8</STRONG> (Thumb, 0 bytes, Stack size 8 bytes, memmovea.o(.text), UNUSED)

<P><STRONG><a name="[b4]"></a>memcmp</STRONG> (Thumb, 26 bytes, Stack size 12 bytes, memcmp.o(.text))
<BR><BR>[Stack]<UL><LI>Max Depth = 12<LI>Call Chain = memcmp
</UL>
<BR>[Called By]<UL><LI><a href="#[b3]">&gt;&gt;</a>&nbsp;&nbsp;&nbsp;GUI_TOUCH_StoreStateEx
</UL>

<P><STRONG><a name="[75]"></a>__scatterload</STRONG> (Thumb, 28 bytes, Stack size 0 bytes, init.o(.text))
<BR><BR>[Calls]<UL><LI><a href="#[76]">&gt;&gt;</a>&nbsp;&nbsp;&nbsp;__main_after_scatterload
</UL>
<BR>[Called By]<UL><LI><a href="#[74]">&gt;&gt;</a>&nbsp;&nbsp;&nbsp;_main_scatterload
</UL>

<P><STRONG><a name="[154]"></a>__scatterload_rt2</STRONG> (Thumb, 0 bytes, Stack size 0 bytes, init.o(.text), UNUSED)

<P><STRONG><a name="[155]"></a>__decompress</STRONG> (Thumb, 0 bytes, Stack size unknown bytes, __dczerorl2.o(.text), UNUSED)

<P><STRONG><a name="[156]"></a>__decompress1</STRONG> (Thumb, 92 bytes, Stack size unknown bytes, __dczerorl2.o(.text), UNUSED)

<P><STRONG><a name="[77]"></a>BTE_SetOperateCode</STRONG> (Thumb, 14 bytes, Stack size 8 bytes, lcd_ra8875.o(i.BTE_SetOperateCode))
<BR><BR>[Stack]<UL><LI>Max Depth = 8<LI>Call Chain = BTE_SetOperateCode
</UL>
<BR>[Calls]<UL><LI><a href="#[78]">&gt;&gt;</a>&nbsp;&nbsp;&nbsp;RA8875_WriteReg
</UL>
<BR>[Called By]<UL><LI><a href="#[bd]">&gt;&gt;</a>&nbsp;&nbsp;&nbsp;RA8875_ClrScr
</UL>

<P><STRONG><a name="[79]"></a>BTE_SetTarBlock</STRONG> (Thumb, 104 bytes, Stack size 24 bytes, lcd_ra8875.o(i.BTE_SetTarBlock))
<BR><BR>[Stack]<UL><LI>Max Depth = 24<LI>Call Chain = BTE_SetTarBlock
</UL>
<BR>[Calls]<UL><LI><a href="#[78]">&gt;&gt;</a>&nbsp;&nbsp;&nbsp;RA8875_WriteReg
</UL>
<BR>[Called By]<UL><LI><a href="#[bd]">&gt;&gt;</a>&nbsp;&nbsp;&nbsp;RA8875_ClrScr
</UL>

<P><STRONG><a name="[7a]"></a>BTE_Start</STRONG> (Thumb, 22 bytes, Stack size 8 bytes, lcd_ra8875.o(i.BTE_Start))
<BR><BR>[Stack]<UL><LI>Max Depth = 8<LI>Call Chain = BTE_Start
</UL>
<BR>[Calls]<UL><LI><a href="#[7c]">&gt;&gt;</a>&nbsp;&nbsp;&nbsp;RA8875_WriteData
<LI><a href="#[7b]">&gt;&gt;</a>&nbsp;&nbsp;&nbsp;RA8875_WriteCmd
</UL>
<BR>[Called By]<UL><LI><a href="#[bd]">&gt;&gt;</a>&nbsp;&nbsp;&nbsp;RA8875_ClrScr
</UL>

<P><STRONG><a name="[7d]"></a>BTE_Wait</STRONG> (Thumb, 24 bytes, Stack size 8 bytes, lcd_ra8875.o(i.BTE_Wait))
<BR><BR>[Stack]<UL><LI>Max Depth = 8<LI>Call Chain = BTE_Wait
</UL>
<BR>[Calls]<UL><LI><a href="#[7e]">&gt;&gt;</a>&nbsp;&nbsp;&nbsp;RA8875_ReadStatus
</UL>
<BR>[Called By]<UL><LI><a href="#[bd]">&gt;&gt;</a>&nbsp;&nbsp;&nbsp;RA8875_ClrScr
</UL>

<P><STRONG><a name="[6]"></a>BusFault_Handler</STRONG> (Thumb, 4 bytes, Stack size 0 bytes, stm32f4xx_it.o(i.BusFault_Handler))
<BR>[Address Reference Count : 1]<UL><LI> startup_stm32f4xx.o(RESET)
</UL>
<P><STRONG><a name="[9]"></a>DebugMon_Handler</STRONG> (Thumb, 2 bytes, Stack size 0 bytes, stm32f4xx_it.o(i.DebugMon_Handler))
<BR>[Address Reference Count : 1]<UL><LI> startup_stm32f4xx.o(RESET)
</UL>
<P><STRONG><a name="[c6]"></a>FSMC_NORSRAMCmd</STRONG> (Thumb, 46 bytes, Stack size 0 bytes, stm32f4xx_fsmc.o(i.FSMC_NORSRAMCmd))
<BR><BR>[Called By]<UL><LI><a href="#[c4]">&gt;&gt;</a>&nbsp;&nbsp;&nbsp;LCD_FSMCConfig
</UL>

<P><STRONG><a name="[c5]"></a>FSMC_NORSRAMInit</STRONG> (Thumb, 224 bytes, Stack size 0 bytes, stm32f4xx_fsmc.o(i.FSMC_NORSRAMInit))
<BR><BR>[Called By]<UL><LI><a href="#[c4]">&gt;&gt;</a>&nbsp;&nbsp;&nbsp;LCD_FSMCConfig
</UL>

<P><STRONG><a name="[c3]"></a>GPIO_Init</STRONG> (Thumb, 144 bytes, Stack size 20 bytes, stm32f4xx_gpio.o(i.GPIO_Init))
<BR><BR>[Stack]<UL><LI>Max Depth = 20<LI>Call Chain = GPIO_Init
</UL>
<BR>[Called By]<UL><LI><a href="#[142]">&gt;&gt;</a>&nbsp;&nbsp;&nbsp;bsp_InitLed
<LI><a href="#[145]">&gt;&gt;</a>&nbsp;&nbsp;&nbsp;bsp_InitKeyHard
<LI><a href="#[140]">&gt;&gt;</a>&nbsp;&nbsp;&nbsp;bsp_InitUart
<LI><a href="#[f7]">&gt;&gt;</a>&nbsp;&nbsp;&nbsp;TOUCH_InitHard
<LI><a href="#[bf]">&gt;&gt;</a>&nbsp;&nbsp;&nbsp;LCD_CtrlLinesConfig
<LI><a href="#[f8]">&gt;&gt;</a>&nbsp;&nbsp;&nbsp;TSC2046_InitHard
<LI><a href="#[d3]">&gt;&gt;</a>&nbsp;&nbsp;&nbsp;SPFD5420_SetBackLight
</UL>

<P><STRONG><a name="[c2]"></a>GPIO_PinAFConfig</STRONG> (Thumb, 70 bytes, Stack size 20 bytes, stm32f4xx_gpio.o(i.GPIO_PinAFConfig))
<BR><BR>[Stack]<UL><LI>Max Depth = 20<LI>Call Chain = GPIO_PinAFConfig
</UL>
<BR>[Called By]<UL><LI><a href="#[140]">&gt;&gt;</a>&nbsp;&nbsp;&nbsp;bsp_InitUart
<LI><a href="#[bf]">&gt;&gt;</a>&nbsp;&nbsp;&nbsp;LCD_CtrlLinesConfig
<LI><a href="#[f8]">&gt;&gt;</a>&nbsp;&nbsp;&nbsp;TSC2046_InitHard
<LI><a href="#[d3]">&gt;&gt;</a>&nbsp;&nbsp;&nbsp;SPFD5420_SetBackLight
</UL>

<P><STRONG><a name="[e1]"></a>GPIO_SetBits</STRONG> (Thumb, 4 bytes, Stack size 0 bytes, stm32f4xx_gpio.o(i.GPIO_SetBits))
<BR><BR>[Called By]<UL><LI><a href="#[d3]">&gt;&gt;</a>&nbsp;&nbsp;&nbsp;SPFD5420_SetBackLight
</UL>

<P><STRONG><a name="[70]"></a>GUIMONO_DispChar</STRONG> (Thumb, 302 bytes, Stack size 104 bytes, gui_charm.o(i.GUIMONO_DispChar))
<BR><BR>[Stack]<UL><LI>Max Depth = 208<LI>Call Chain = GUIMONO_DispChar &rArr; LCD_DrawBitmap &rArr; LCD_FillRect
</UL>
<BR>[Calls]<UL><LI><a href="#[7f]">&gt;&gt;</a>&nbsp;&nbsp;&nbsp;LCD_SetDrawMode
<LI><a href="#[81]">&gt;&gt;</a>&nbsp;&nbsp;&nbsp;LCD_FillRect
<LI><a href="#[80]">&gt;&gt;</a>&nbsp;&nbsp;&nbsp;LCD_DrawBitmap
</UL>
<BR>[Address Reference Count : 1]<UL><LI> f6x8.o(.constdata)
</UL>
<P><STRONG><a name="[71]"></a>GUIMONO_GetCharDistX</STRONG> (Thumb, 18 bytes, Stack size 0 bytes, gui_charm.o(i.GUIMONO_GetCharDistX))
<BR>[Address Reference Count : 1]<UL><LI> f6x8.o(.constdata)
</UL>
<P><STRONG><a name="[72]"></a>GUIMONO_GetFontInfo</STRONG> (Thumb, 6 bytes, Stack size 0 bytes, gui_charm.o(i.GUIMONO_GetFontInfo))
<BR>[Address Reference Count : 1]<UL><LI> f6x8.o(.constdata)
</UL>
<P><STRONG><a name="[73]"></a>GUIMONO_IsInFont</STRONG> (Thumb, 56 bytes, Stack size 0 bytes, gui_charm.o(i.GUIMONO_IsInFont))
<BR>[Address Reference Count : 1]<UL><LI> f6x8.o(.constdata)
</UL>
<P><STRONG><a name="[82]"></a>GUI_ALLOC_AllocNoInit</STRONG> (Thumb, 10 bytes, Stack size 0 bytes, gui_alloc.o(i.GUI_ALLOC_AllocNoInit))
<BR><BR>[Stack]<UL><LI>Max Depth = 104<LI>Call Chain = GUI_ALLOC_AllocNoInit &rArr; _Alloc &rArr;  _InitOnce (Cycle)
</UL>
<BR>[Calls]<UL><LI><a href="#[83]">&gt;&gt;</a>&nbsp;&nbsp;&nbsp;_Alloc
</UL>
<BR>[Called By]<UL><LI><a href="#[12a]">&gt;&gt;</a>&nbsp;&nbsp;&nbsp;_CreateBuffer
</UL>

<P><STRONG><a name="[84]"></a>GUI_ALLOC_Free</STRONG> (Thumb, 50 bytes, Stack size 8 bytes, gui_alloc.o(i.GUI_ALLOC_Free))
<BR><BR>[Stack]<UL><LI>Max Depth = 48<LI>Call Chain = GUI_ALLOC_Free &rArr; _AddFreeMemory &rArr; _RemoveFreeBlock
</UL>
<BR>[Calls]<UL><LI><a href="#[86]">&gt;&gt;</a>&nbsp;&nbsp;&nbsp;_PushFreeBlock
<LI><a href="#[85]">&gt;&gt;</a>&nbsp;&nbsp;&nbsp;_AddFreeMemory
</UL>
<BR>[Called By]<UL><LI><a href="#[12b]">&gt;&gt;</a>&nbsp;&nbsp;&nbsp;_EnlargeBlocks
<LI><a href="#[97]">&gt;&gt;</a>&nbsp;&nbsp;&nbsp;GUI_MEMDEV_Delete
<LI><a href="#[99]">&gt;&gt;</a>&nbsp;&nbsp;&nbsp;GUI_USAGE_DecUseCnt
<LI><a href="#[136]">&gt;&gt;</a>&nbsp;&nbsp;&nbsp;_ReleaseBuffer
</UL>

<P><STRONG><a name="[90]"></a>GUI_ALLOC_FreeFixedBlock</STRONG> (Thumb, 18 bytes, Stack size 0 bytes, gui_alloc.o(i.GUI_ALLOC_FreeFixedBlock))
<BR><BR>[Called By]<UL><LI><a href="#[8f]">&gt;&gt;</a>&nbsp;&nbsp;&nbsp;GUI_DEVICE_Delete
</UL>

<P><STRONG><a name="[87]"></a>GUI_ALLOC_GetMaxSize</STRONG> (Thumb, 58 bytes, Stack size 8 bytes, gui_alloc.o(i.GUI_ALLOC_GetMaxSize))
<BR><BR>[Stack]<UL><LI>Max Depth = 168<LI>Call Chain = GUI_ALLOC_GetMaxSize &rArr; _InitOnce &rArr; _EnlargeBlocks &rArr; _Alloc &rArr;  _InitOnce (Cycle)
</UL>
<BR>[Calls]<UL><LI><a href="#[88]">&gt;&gt;</a>&nbsp;&nbsp;&nbsp;_InitOnce
</UL>
<BR>[Called By]<UL><LI><a href="#[12a]">&gt;&gt;</a>&nbsp;&nbsp;&nbsp;_CreateBuffer
</UL>

<P><STRONG><a name="[89]"></a>GUI_ALLOC_LockH</STRONG> (Thumb, 24 bytes, Stack size 0 bytes, gui_alloc.o(i.GUI_ALLOC_LockH))
<BR><BR>[Calls]<UL><LI><a href="#[8a]">&gt;&gt;</a>&nbsp;&nbsp;&nbsp;GUI_ALLOC_h2p
</UL>
<BR>[Called By]<UL><LI><a href="#[61]">&gt;&gt;</a>&nbsp;&nbsp;&nbsp;WM_HandlePID
<LI><a href="#[101]">&gt;&gt;</a>&nbsp;&nbsp;&nbsp;WM__GetClientRectEx
<LI><a href="#[97]">&gt;&gt;</a>&nbsp;&nbsp;&nbsp;GUI_MEMDEV_Delete
<LI><a href="#[122]">&gt;&gt;</a>&nbsp;&nbsp;&nbsp;WM__InvalidateRect
<LI><a href="#[112]">&gt;&gt;</a>&nbsp;&nbsp;&nbsp;WM__InvalidateDrawAndDescs
<LI><a href="#[115]">&gt;&gt;</a>&nbsp;&nbsp;&nbsp;WM__ClipAtParentBorders
<LI><a href="#[118]">&gt;&gt;</a>&nbsp;&nbsp;&nbsp;WM_InvalidateWindowAndDescsEx
<LI><a href="#[111]">&gt;&gt;</a>&nbsp;&nbsp;&nbsp;WM_InvalidateRect
<LI><a href="#[11a]">&gt;&gt;</a>&nbsp;&nbsp;&nbsp;_Invalidate1Abs
<LI><a href="#[99]">&gt;&gt;</a>&nbsp;&nbsp;&nbsp;GUI_USAGE_DecUseCnt
<LI><a href="#[9b]">&gt;&gt;</a>&nbsp;&nbsp;&nbsp;GUI_MEMDEV_Select
<LI><a href="#[a5]">&gt;&gt;</a>&nbsp;&nbsp;&nbsp;_SetPosition
<LI><a href="#[12a]">&gt;&gt;</a>&nbsp;&nbsp;&nbsp;_CreateBuffer
<LI><a href="#[138]">&gt;&gt;</a>&nbsp;&nbsp;&nbsp;_Screen2hWin
<LI><a href="#[10b]">&gt;&gt;</a>&nbsp;&nbsp;&nbsp;WM__SendTouchMessage
</UL>

<P><STRONG><a name="[9a]"></a>GUI_ALLOC_UnlockH</STRONG> (Thumb, 42 bytes, Stack size 0 bytes, gui_alloc.o(i.GUI_ALLOC_UnlockH))
<BR><BR>[Called By]<UL><LI><a href="#[61]">&gt;&gt;</a>&nbsp;&nbsp;&nbsp;WM_HandlePID
<LI><a href="#[101]">&gt;&gt;</a>&nbsp;&nbsp;&nbsp;WM__GetClientRectEx
<LI><a href="#[97]">&gt;&gt;</a>&nbsp;&nbsp;&nbsp;GUI_MEMDEV_Delete
<LI><a href="#[122]">&gt;&gt;</a>&nbsp;&nbsp;&nbsp;WM__InvalidateRect
<LI><a href="#[112]">&gt;&gt;</a>&nbsp;&nbsp;&nbsp;WM__InvalidateDrawAndDescs
<LI><a href="#[115]">&gt;&gt;</a>&nbsp;&nbsp;&nbsp;WM__ClipAtParentBorders
<LI><a href="#[118]">&gt;&gt;</a>&nbsp;&nbsp;&nbsp;WM_InvalidateWindowAndDescsEx
<LI><a href="#[111]">&gt;&gt;</a>&nbsp;&nbsp;&nbsp;WM_InvalidateRect
<LI><a href="#[11a]">&gt;&gt;</a>&nbsp;&nbsp;&nbsp;_Invalidate1Abs
<LI><a href="#[99]">&gt;&gt;</a>&nbsp;&nbsp;&nbsp;GUI_USAGE_DecUseCnt
<LI><a href="#[9b]">&gt;&gt;</a>&nbsp;&nbsp;&nbsp;GUI_MEMDEV_Select
<LI><a href="#[a5]">&gt;&gt;</a>&nbsp;&nbsp;&nbsp;_SetPosition
<LI><a href="#[136]">&gt;&gt;</a>&nbsp;&nbsp;&nbsp;_ReleaseBuffer
<LI><a href="#[138]">&gt;&gt;</a>&nbsp;&nbsp;&nbsp;_Screen2hWin
<LI><a href="#[10b]">&gt;&gt;</a>&nbsp;&nbsp;&nbsp;WM__SendTouchMessage
</UL>

<P><STRONG><a name="[8a]"></a>GUI_ALLOC_h2p</STRONG> (Thumb, 20 bytes, Stack size 0 bytes, gui_alloc.o(i.GUI_ALLOC_h2p))
<BR><BR>[Called By]<UL><LI><a href="#[89]">&gt;&gt;</a>&nbsp;&nbsp;&nbsp;GUI_ALLOC_LockH
<LI><a href="#[11e]">&gt;&gt;</a>&nbsp;&nbsp;&nbsp;WM__SendMessage
<LI><a href="#[104]">&gt;&gt;</a>&nbsp;&nbsp;&nbsp;WM_GetFirstChild
<LI><a href="#[11b]">&gt;&gt;</a>&nbsp;&nbsp;&nbsp;WM__IsWindow
<LI><a href="#[122]">&gt;&gt;</a>&nbsp;&nbsp;&nbsp;WM__InvalidateRect
<LI><a href="#[112]">&gt;&gt;</a>&nbsp;&nbsp;&nbsp;WM__InvalidateDrawAndDescs
<LI><a href="#[118]">&gt;&gt;</a>&nbsp;&nbsp;&nbsp;WM_InvalidateWindowAndDescsEx
<LI><a href="#[11a]">&gt;&gt;</a>&nbsp;&nbsp;&nbsp;_Invalidate1Abs
<LI><a href="#[138]">&gt;&gt;</a>&nbsp;&nbsp;&nbsp;_Screen2hWin
<LI><a href="#[10a]">&gt;&gt;</a>&nbsp;&nbsp;&nbsp;WM__IsEnabled
<LI><a href="#[123]">&gt;&gt;</a>&nbsp;&nbsp;&nbsp;WM__IsAncestor
<LI><a href="#[105]">&gt;&gt;</a>&nbsp;&nbsp;&nbsp;WM_GetParent
</UL>

<P><STRONG><a name="[8b]"></a>GUI_CURSOR_SetPositionEx</STRONG> (Thumb, 106 bytes, Stack size 16 bytes, gui_curs1.o(i.GUI_CURSOR_SetPositionEx))
<BR><BR>[Stack]<UL><LI>Max Depth = 416<LI>Call Chain = GUI_CURSOR_SetPositionEx &rArr; GUI_SPRITE_SetPosition &rArr; _SetPosition &rArr; _CreateBuffer &rArr; GUI_ALLOC_GetMaxSize &rArr; _InitOnce &rArr; _EnlargeBlocks &rArr; _Alloc &rArr;  _InitOnce (Cycle)
</UL>
<BR>[Calls]<UL><LI><a href="#[8d]">&gt;&gt;</a>&nbsp;&nbsp;&nbsp;GUI_SetLayerPosEx
<LI><a href="#[8e]">&gt;&gt;</a>&nbsp;&nbsp;&nbsp;GUI_SPRITE_SetPosition
<LI><a href="#[8c]">&gt;&gt;</a>&nbsp;&nbsp;&nbsp;GUI_GetCursorLayer
</UL>
<BR>[Called By]<UL><LI><a href="#[61]">&gt;&gt;</a>&nbsp;&nbsp;&nbsp;WM_HandlePID
</UL>

<P><STRONG><a name="[8f]"></a>GUI_DEVICE_Delete</STRONG> (Thumb, 4 bytes, Stack size 0 bytes, gui_device.o(i.GUI_DEVICE_Delete))
<BR><BR>[Calls]<UL><LI><a href="#[90]">&gt;&gt;</a>&nbsp;&nbsp;&nbsp;GUI_ALLOC_FreeFixedBlock
</UL>
<BR>[Called By]<UL><LI><a href="#[97]">&gt;&gt;</a>&nbsp;&nbsp;&nbsp;GUI_MEMDEV_Delete
</UL>

<P><STRONG><a name="[9d]"></a>GUI_DEVICE_Link</STRONG> (Thumb, 124 bytes, Stack size 16 bytes, gui_device.o(i.GUI_DEVICE_Link))
<BR><BR>[Stack]<UL><LI>Max Depth = 16<LI>Call Chain = GUI_DEVICE_Link
</UL>
<BR>[Called By]<UL><LI><a href="#[9b]">&gt;&gt;</a>&nbsp;&nbsp;&nbsp;GUI_MEMDEV_Select
</UL>

<P><STRONG><a name="[91]"></a>GUI_DEVICE_Unlink</STRONG> (Thumb, 4 bytes, Stack size 0 bytes, gui_device.o(i.GUI_DEVICE_Unlink))
<BR><BR>[Calls]<UL><LI><a href="#[92]">&gt;&gt;</a>&nbsp;&nbsp;&nbsp;_UnlinkDevice
</UL>
<BR>[Called By]<UL><LI><a href="#[a6]">&gt;&gt;</a>&nbsp;&nbsp;&nbsp;LCD_SelectLCD
</UL>

<P><STRONG><a name="[c7]"></a>GUI_DEVICE__GetpDriver</STRONG> (Thumb, 32 bytes, Stack size 0 bytes, gui_device.o(i.GUI_DEVICE__GetpDriver))
<BR><BR>[Called By]<UL><LI><a href="#[12a]">&gt;&gt;</a>&nbsp;&nbsp;&nbsp;_CreateBuffer
<LI><a href="#[a8]">&gt;&gt;</a>&nbsp;&nbsp;&nbsp;LCD_SetPosEx
<LI><a href="#[96]">&gt;&gt;</a>&nbsp;&nbsp;&nbsp;LCD_GetPosEx
<LI><a href="#[c8]">&gt;&gt;</a>&nbsp;&nbsp;&nbsp;_GetDevProp
</UL>

<P><STRONG><a name="[131]"></a>GUI_Error</STRONG> (Thumb, 14 bytes, Stack size 0 bytes, gui_error.o(i.GUI_Error))
<BR><BR>[Called By]<UL><LI><a href="#[129]">&gt;&gt;</a>&nbsp;&nbsp;&nbsp;_RemoveHoles
<LI><a href="#[125]">&gt;&gt;</a>&nbsp;&nbsp;&nbsp;_RemoveFreeBlock
<LI><a href="#[88]">&gt;&gt;</a>&nbsp;&nbsp;&nbsp;_InitOnce
</UL>

<P><STRONG><a name="[93]"></a>GUI_GetBitmapPixelIndex</STRONG> (Thumb, 22 bytes, Stack size 8 bytes, gui_getbitmappixelindex.o(i.GUI_GetBitmapPixelIndex))
<BR><BR>[Stack]<UL><LI>Max Depth = 16<LI>Call Chain = GUI_GetBitmapPixelIndex &rArr; GUI_GetBitmapPixelIndexEx
</UL>
<BR>[Calls]<UL><LI><a href="#[94]">&gt;&gt;</a>&nbsp;&nbsp;&nbsp;GUI_GetBitmapPixelIndexEx
</UL>
<BR>[Called By]<UL><LI><a href="#[a5]">&gt;&gt;</a>&nbsp;&nbsp;&nbsp;_SetPosition
<LI><a href="#[12f]">&gt;&gt;</a>&nbsp;&nbsp;&nbsp;_GetBkPixel
</UL>

<P><STRONG><a name="[94]"></a>GUI_GetBitmapPixelIndexEx</STRONG> (Thumb, 138 bytes, Stack size 8 bytes, gui_getbitmappixelindex.o(i.GUI_GetBitmapPixelIndexEx))
<BR><BR>[Stack]<UL><LI>Max Depth = 8<LI>Call Chain = GUI_GetBitmapPixelIndexEx
</UL>
<BR>[Called By]<UL><LI><a href="#[93]">&gt;&gt;</a>&nbsp;&nbsp;&nbsp;GUI_GetBitmapPixelIndex
</UL>

<P><STRONG><a name="[8c]"></a>GUI_GetCursorLayer</STRONG> (Thumb, 16 bytes, Stack size 0 bytes, gui_selectlayer.o(i.GUI_GetCursorLayer))
<BR><BR>[Called By]<UL><LI><a href="#[8b]">&gt;&gt;</a>&nbsp;&nbsp;&nbsp;GUI_CURSOR_SetPositionEx
</UL>

<P><STRONG><a name="[95]"></a>GUI_GetLayerPosEx</STRONG> (Thumb, 22 bytes, Stack size 16 bytes, gui_selectlayer.o(i.GUI_GetLayerPosEx))
<BR><BR>[Stack]<UL><LI>Max Depth = 40<LI>Call Chain = GUI_GetLayerPosEx &rArr; LCD_GetPosEx
</UL>
<BR>[Calls]<UL><LI><a href="#[96]">&gt;&gt;</a>&nbsp;&nbsp;&nbsp;LCD_GetPosEx
</UL>
<BR>[Called By]<UL><LI><a href="#[61]">&gt;&gt;</a>&nbsp;&nbsp;&nbsp;WM_HandlePID
</UL>

<P><STRONG><a name="[97]"></a>GUI_MEMDEV_Delete</STRONG> (Thumb, 60 bytes, Stack size 16 bytes, guidev.o(i.GUI_MEMDEV_Delete))
<BR><BR>[Stack]<UL><LI>Max Depth = 80<LI>Call Chain = GUI_MEMDEV_Delete &rArr; GUI_USAGE_DecUseCnt &rArr; GUI_ALLOC_Free &rArr; _AddFreeMemory &rArr; _RemoveFreeBlock
</UL>
<BR>[Calls]<UL><LI><a href="#[8f]">&gt;&gt;</a>&nbsp;&nbsp;&nbsp;GUI_DEVICE_Delete
<LI><a href="#[9a]">&gt;&gt;</a>&nbsp;&nbsp;&nbsp;GUI_ALLOC_UnlockH
<LI><a href="#[89]">&gt;&gt;</a>&nbsp;&nbsp;&nbsp;GUI_ALLOC_LockH
<LI><a href="#[84]">&gt;&gt;</a>&nbsp;&nbsp;&nbsp;GUI_ALLOC_Free
<LI><a href="#[99]">&gt;&gt;</a>&nbsp;&nbsp;&nbsp;GUI_USAGE_DecUseCnt
<LI><a href="#[98]">&gt;&gt;</a>&nbsp;&nbsp;&nbsp;GUI_SelectLCD
</UL>
<BR>[Called By]<UL><LI><a href="#[112]">&gt;&gt;</a>&nbsp;&nbsp;&nbsp;WM__InvalidateDrawAndDescs
</UL>

<P><STRONG><a name="[9b]"></a>GUI_MEMDEV_Select</STRONG> (Thumb, 84 bytes, Stack size 24 bytes, guidev.o(i.GUI_MEMDEV_Select))
<BR><BR>[Stack]<UL><LI>Max Depth = 40<LI>Call Chain = GUI_MEMDEV_Select &rArr; GUI_DEVICE_Link
</UL>
<BR>[Calls]<UL><LI><a href="#[9d]">&gt;&gt;</a>&nbsp;&nbsp;&nbsp;GUI_DEVICE_Link
<LI><a href="#[9a]">&gt;&gt;</a>&nbsp;&nbsp;&nbsp;GUI_ALLOC_UnlockH
<LI><a href="#[89]">&gt;&gt;</a>&nbsp;&nbsp;&nbsp;GUI_ALLOC_LockH
<LI><a href="#[9e]">&gt;&gt;</a>&nbsp;&nbsp;&nbsp;LCD_UpdateColorIndices
<LI><a href="#[9c]">&gt;&gt;</a>&nbsp;&nbsp;&nbsp;WM_Deactivate
<LI><a href="#[9f]">&gt;&gt;</a>&nbsp;&nbsp;&nbsp;LCD_SetClipRectMax
<LI><a href="#[98]">&gt;&gt;</a>&nbsp;&nbsp;&nbsp;GUI_SelectLCD
</UL>
<BR>[Called By]<UL><LI><a href="#[a5]">&gt;&gt;</a>&nbsp;&nbsp;&nbsp;_SetPosition
</UL>

<P><STRONG><a name="[134]"></a>GUI_MergeRect</STRONG> (Thumb, 88 bytes, Stack size 8 bytes, gui_mergerect.o(i.GUI_MergeRect))
<BR><BR>[Stack]<UL><LI>Max Depth = 8<LI>Call Chain = GUI_MergeRect
</UL>
<BR>[Called By]<UL><LI><a href="#[11a]">&gt;&gt;</a>&nbsp;&nbsp;&nbsp;_Invalidate1Abs
</UL>

<P><STRONG><a name="[11f]"></a>GUI_MoveRect</STRONG> (Thumb, 30 bytes, Stack size 0 bytes, gui_moverect.o(i.GUI_MoveRect))
<BR><BR>[Called By]<UL><LI><a href="#[113]">&gt;&gt;</a>&nbsp;&nbsp;&nbsp;WM__Client2Screen
</UL>

<P><STRONG><a name="[a0]"></a>GUI_PID_GetState</STRONG> (Thumb, 68 bytes, Stack size 16 bytes, gui_pid.o(i.GUI_PID_GetState))
<BR><BR>[Stack]<UL><LI>Max Depth = 16<LI>Call Chain = GUI_PID_GetState
</UL>
<BR>[Calls]<UL><LI><a href="#[a1]">&gt;&gt;</a>&nbsp;&nbsp;&nbsp;_IncPointer
</UL>
<BR>[Called By]<UL><LI><a href="#[61]">&gt;&gt;</a>&nbsp;&nbsp;&nbsp;WM_HandlePID
</UL>

<P><STRONG><a name="[106]"></a>GUI_PID_IsEmpty</STRONG> (Thumb, 18 bytes, Stack size 0 bytes, gui_pid.o(i.GUI_PID_IsEmpty))
<BR><BR>[Called By]<UL><LI><a href="#[61]">&gt;&gt;</a>&nbsp;&nbsp;&nbsp;WM_HandlePID
</UL>

<P><STRONG><a name="[a2]"></a>GUI_PID_StoreState</STRONG> (Thumb, 20 bytes, Stack size 8 bytes, gui_pid.o(i.GUI_PID_StoreState))
<BR><BR>[Stack]<UL><LI>Max Depth = 24<LI>Call Chain = GUI_PID_StoreState &rArr; _StoreState
</UL>
<BR>[Calls]<UL><LI><a href="#[a3]">&gt;&gt;</a>&nbsp;&nbsp;&nbsp;_StoreState
<LI><a href="#[a4]">&gt;&gt;</a>&nbsp;&nbsp;&nbsp;GUI_SignalEvent
</UL>
<BR>[Called By]<UL><LI><a href="#[b3]">&gt;&gt;</a>&nbsp;&nbsp;&nbsp;GUI_TOUCH_StoreStateEx
</UL>

<P><STRONG><a name="[8e]"></a>GUI_SPRITE_SetPosition</STRONG> (Thumb, 10 bytes, Stack size 0 bytes, gui_sprite.o(i.GUI_SPRITE_SetPosition))
<BR><BR>[Stack]<UL><LI>Max Depth = 400<LI>Call Chain = GUI_SPRITE_SetPosition &rArr; _SetPosition &rArr; _CreateBuffer &rArr; GUI_ALLOC_GetMaxSize &rArr; _InitOnce &rArr; _EnlargeBlocks &rArr; _Alloc &rArr;  _InitOnce (Cycle)
</UL>
<BR>[Calls]<UL><LI><a href="#[a5]">&gt;&gt;</a>&nbsp;&nbsp;&nbsp;_SetPosition
</UL>
<BR>[Called By]<UL><LI><a href="#[8b]">&gt;&gt;</a>&nbsp;&nbsp;&nbsp;GUI_CURSOR_SetPositionEx
</UL>

<P><STRONG><a name="[98]"></a>GUI_SelectLCD</STRONG> (Thumb, 18 bytes, Stack size 8 bytes, gui_selectlcd.o(i.GUI_SelectLCD))
<BR><BR>[Stack]<UL><LI>Max Depth = 16<LI>Call Chain = GUI_SelectLCD &rArr; LCD_UpdateColorIndices
</UL>
<BR>[Calls]<UL><LI><a href="#[9e]">&gt;&gt;</a>&nbsp;&nbsp;&nbsp;LCD_UpdateColorIndices
<LI><a href="#[a6]">&gt;&gt;</a>&nbsp;&nbsp;&nbsp;LCD_SelectLCD
<LI><a href="#[a7]">&gt;&gt;</a>&nbsp;&nbsp;&nbsp;WM_Activate
</UL>
<BR>[Called By]<UL><LI><a href="#[97]">&gt;&gt;</a>&nbsp;&nbsp;&nbsp;GUI_MEMDEV_Delete
<LI><a href="#[9b]">&gt;&gt;</a>&nbsp;&nbsp;&nbsp;GUI_MEMDEV_Select
</UL>

<P><STRONG><a name="[8d]"></a>GUI_SetLayerPosEx</STRONG> (Thumb, 4 bytes, Stack size 0 bytes, gui_selectlayer.o(i.GUI_SetLayerPosEx))
<BR><BR>[Stack]<UL><LI>Max Depth = 24<LI>Call Chain = GUI_SetLayerPosEx &rArr; LCD_SetPosEx
</UL>
<BR>[Calls]<UL><LI><a href="#[a8]">&gt;&gt;</a>&nbsp;&nbsp;&nbsp;LCD_SetPosEx
</UL>
<BR>[Called By]<UL><LI><a href="#[8b]">&gt;&gt;</a>&nbsp;&nbsp;&nbsp;GUI_CURSOR_SetPositionEx
</UL>

<P><STRONG><a name="[a4]"></a>GUI_SignalEvent</STRONG> (Thumb, 12 bytes, Stack size 0 bytes, gui_waitevent.o(i.GUI_SignalEvent))
<BR><BR>[Called By]<UL><LI><a href="#[11a]">&gt;&gt;</a>&nbsp;&nbsp;&nbsp;_Invalidate1Abs
<LI><a href="#[a2]">&gt;&gt;</a>&nbsp;&nbsp;&nbsp;GUI_PID_StoreState
</UL>

<P><STRONG><a name="[a9]"></a>GUI_TOUCH_Exec</STRONG> (Thumb, 336 bytes, Stack size 32 bytes, gui_touch_driveranalog.o(i.GUI_TOUCH_Exec))
<BR><BR>[Stack]<UL><LI>Max Depth = 160<LI>Call Chain = GUI_TOUCH_Exec &rArr; GUI_TOUCH_X_MeasureX &rArr; TOUCH_SCAN &rArr; TOUCH_ReadAdcXY &rArr; TOUCH_DataFilter &rArr; TSC2046_ReadAdc &rArr; SPI_ShiftByte
</UL>
<BR>[Calls]<UL><LI><a href="#[b0]">&gt;&gt;</a>&nbsp;&nbsp;&nbsp;LCD_GetYSizeEx
<LI><a href="#[af]">&gt;&gt;</a>&nbsp;&nbsp;&nbsp;LCD_GetXSizeEx
<LI><a href="#[b1]">&gt;&gt;</a>&nbsp;&nbsp;&nbsp;_StoreUnstable
<LI><a href="#[aa]">&gt;&gt;</a>&nbsp;&nbsp;&nbsp;_SetMinMax
<LI><a href="#[ad]">&gt;&gt;</a>&nbsp;&nbsp;&nbsp;GUI_TOUCH_X_MeasureY
<LI><a href="#[ab]">&gt;&gt;</a>&nbsp;&nbsp;&nbsp;GUI_TOUCH_X_MeasureX
<LI><a href="#[ae]">&gt;&gt;</a>&nbsp;&nbsp;&nbsp;GUI_TOUCH_X_ActivateY
<LI><a href="#[ac]">&gt;&gt;</a>&nbsp;&nbsp;&nbsp;GUI_TOUCH_X_ActivateX
</UL>
<BR>[Called By]<UL><LI><a href="#[f0]">&gt;&gt;</a>&nbsp;&nbsp;&nbsp;bsp_RunPer10ms
</UL>

<P><STRONG><a name="[b2]"></a>GUI_TOUCH_StoreState</STRONG> (Thumb, 30 bytes, Stack size 0 bytes, gui_touch_storestate.o(i.GUI_TOUCH_StoreState))
<BR><BR>[Stack]<UL><LI>Max Depth = 32<LI>Call Chain = GUI_TOUCH_StoreState &rArr; GUI_TOUCH_StoreStateEx &rArr; GUI_PID_StoreState &rArr; _StoreState
</UL>
<BR>[Calls]<UL><LI><a href="#[b3]">&gt;&gt;</a>&nbsp;&nbsp;&nbsp;GUI_TOUCH_StoreStateEx
</UL>
<BR>[Called By]<UL><LI><a href="#[b5]">&gt;&gt;</a>&nbsp;&nbsp;&nbsp;GUI_TOUCH_StoreUnstable
</UL>

<P><STRONG><a name="[b3]"></a>GUI_TOUCH_StoreStateEx</STRONG> (Thumb, 36 bytes, Stack size 8 bytes, gui_touch.o(i.GUI_TOUCH_StoreStateEx))
<BR><BR>[Stack]<UL><LI>Max Depth = 32<LI>Call Chain = GUI_TOUCH_StoreStateEx &rArr; GUI_PID_StoreState &rArr; _StoreState
</UL>
<BR>[Calls]<UL><LI><a href="#[a2]">&gt;&gt;</a>&nbsp;&nbsp;&nbsp;GUI_PID_StoreState
<LI><a href="#[b4]">&gt;&gt;</a>&nbsp;&nbsp;&nbsp;memcmp
</UL>
<BR>[Called By]<UL><LI><a href="#[b2]">&gt;&gt;</a>&nbsp;&nbsp;&nbsp;GUI_TOUCH_StoreState
</UL>

<P><STRONG><a name="[b5]"></a>GUI_TOUCH_StoreUnstable</STRONG> (Thumb, 42 bytes, Stack size 8 bytes, gui_touch_storeunstable.o(i.GUI_TOUCH_StoreUnstable))
<BR><BR>[Stack]<UL><LI>Max Depth = 40<LI>Call Chain = GUI_TOUCH_StoreUnstable &rArr; GUI_TOUCH_StoreState &rArr; GUI_TOUCH_StoreStateEx &rArr; GUI_PID_StoreState &rArr; _StoreState
</UL>
<BR>[Calls]<UL><LI><a href="#[b2]">&gt;&gt;</a>&nbsp;&nbsp;&nbsp;GUI_TOUCH_StoreState
</UL>
<BR>[Called By]<UL><LI><a href="#[b1]">&gt;&gt;</a>&nbsp;&nbsp;&nbsp;_StoreUnstable
</UL>

<P><STRONG><a name="[ac]"></a>GUI_TOUCH_X_ActivateX</STRONG> (Thumb, 2 bytes, Stack size 0 bytes, gui_x_touch_analog.o(i.GUI_TOUCH_X_ActivateX))
<BR><BR>[Called By]<UL><LI><a href="#[a9]">&gt;&gt;</a>&nbsp;&nbsp;&nbsp;GUI_TOUCH_Exec
</UL>

<P><STRONG><a name="[ae]"></a>GUI_TOUCH_X_ActivateY</STRONG> (Thumb, 2 bytes, Stack size 0 bytes, gui_x_touch_analog.o(i.GUI_TOUCH_X_ActivateY))
<BR><BR>[Called By]<UL><LI><a href="#[a9]">&gt;&gt;</a>&nbsp;&nbsp;&nbsp;GUI_TOUCH_Exec
</UL>

<P><STRONG><a name="[ab]"></a>GUI_TOUCH_X_MeasureX</STRONG> (Thumb, 14 bytes, Stack size 8 bytes, gui_x_touch_analog.o(i.GUI_TOUCH_X_MeasureX))
<BR><BR>[Stack]<UL><LI>Max Depth = 128<LI>Call Chain = GUI_TOUCH_X_MeasureX &rArr; TOUCH_SCAN &rArr; TOUCH_ReadAdcXY &rArr; TOUCH_DataFilter &rArr; TSC2046_ReadAdc &rArr; SPI_ShiftByte
</UL>
<BR>[Calls]<UL><LI><a href="#[b6]">&gt;&gt;</a>&nbsp;&nbsp;&nbsp;TOUCH_SCAN
</UL>
<BR>[Called By]<UL><LI><a href="#[a9]">&gt;&gt;</a>&nbsp;&nbsp;&nbsp;GUI_TOUCH_Exec
</UL>

<P><STRONG><a name="[ad]"></a>GUI_TOUCH_X_MeasureY</STRONG> (Thumb, 8 bytes, Stack size 0 bytes, gui_x_touch_analog.o(i.GUI_TOUCH_X_MeasureY))
<BR><BR>[Called By]<UL><LI><a href="#[a9]">&gt;&gt;</a>&nbsp;&nbsp;&nbsp;GUI_TOUCH_Exec
</UL>

<P><STRONG><a name="[99]"></a>GUI_USAGE_DecUseCnt</STRONG> (Thumb, 36 bytes, Stack size 16 bytes, guidev_usage.o(i.GUI_USAGE_DecUseCnt))
<BR><BR>[Stack]<UL><LI>Max Depth = 64<LI>Call Chain = GUI_USAGE_DecUseCnt &rArr; GUI_ALLOC_Free &rArr; _AddFreeMemory &rArr; _RemoveFreeBlock
</UL>
<BR>[Calls]<UL><LI><a href="#[9a]">&gt;&gt;</a>&nbsp;&nbsp;&nbsp;GUI_ALLOC_UnlockH
<LI><a href="#[89]">&gt;&gt;</a>&nbsp;&nbsp;&nbsp;GUI_ALLOC_LockH
<LI><a href="#[84]">&gt;&gt;</a>&nbsp;&nbsp;&nbsp;GUI_ALLOC_Free
</UL>
<BR>[Called By]<UL><LI><a href="#[97]">&gt;&gt;</a>&nbsp;&nbsp;&nbsp;GUI_MEMDEV_Delete
</UL>

<P><STRONG><a name="[b7]"></a>GUI_X_Delay</STRONG> (Thumb, 20 bytes, Stack size 0 bytes, gui_x.o(i.GUI_X_Delay))
<BR><BR>[Called By]<UL><LI><a href="#[1]">&gt;&gt;</a>&nbsp;&nbsp;&nbsp;GUI_X_ExecIdle
</UL>

<P><STRONG><a name="[1]"></a>GUI_X_ExecIdle</STRONG> (Thumb, 10 bytes, Stack size 4 bytes, gui_x.o(i.GUI_X_ExecIdle))
<BR><BR>[Stack]<UL><LI>Max Depth = 4<LI>Call Chain = GUI_X_ExecIdle
</UL>
<BR>[Calls]<UL><LI><a href="#[b7]">&gt;&gt;</a>&nbsp;&nbsp;&nbsp;GUI_X_Delay
</UL>
<BR>[Address Reference Count : 1]<UL><LI> gui_waitevent.o(.data)
</UL>
<P><STRONG><a name="[12e]"></a>GUI__CompactPixelIndices</STRONG> (Thumb, 296 bytes, Stack size 8 bytes, gui__compactpixelindices.o(i.GUI__CompactPixelIndices))
<BR><BR>[Stack]<UL><LI>Max Depth = 8<LI>Call Chain = GUI__CompactPixelIndices
</UL>
<BR>[Called By]<UL><LI><a href="#[12d]">&gt;&gt;</a>&nbsp;&nbsp;&nbsp;_FlushBuffer
</UL>

<P><STRONG><a name="[114]"></a>GUI__IntersectRect</STRONG> (Thumb, 58 bytes, Stack size 0 bytes, gui__intersectrect.o(i.GUI__IntersectRect))
<BR><BR>[Called By]<UL><LI><a href="#[115]">&gt;&gt;</a>&nbsp;&nbsp;&nbsp;WM__ClipAtParentBorders
<LI><a href="#[111]">&gt;&gt;</a>&nbsp;&nbsp;&nbsp;WM_InvalidateRect
</UL>

<P><STRONG><a name="[119]"></a>GUI__IntersectRects</STRONG> (Thumb, 82 bytes, Stack size 16 bytes, gui__intersectrects.o(i.GUI__IntersectRects))
<BR><BR>[Stack]<UL><LI>Max Depth = 16<LI>Call Chain = GUI__IntersectRects
</UL>
<BR>[Called By]<UL><LI><a href="#[122]">&gt;&gt;</a>&nbsp;&nbsp;&nbsp;WM__InvalidateRect
<LI><a href="#[118]">&gt;&gt;</a>&nbsp;&nbsp;&nbsp;WM_InvalidateWindowAndDescsEx
<LI><a href="#[11a]">&gt;&gt;</a>&nbsp;&nbsp;&nbsp;_Invalidate1Abs
</UL>

<P><STRONG><a name="[132]"></a>GUI__RegisterExit</STRONG> (Thumb, 10 bytes, Stack size 0 bytes, gui_core.o(i.GUI__RegisterExit))
<BR><BR>[Called By]<UL><LI><a href="#[88]">&gt;&gt;</a>&nbsp;&nbsp;&nbsp;_InitOnce
</UL>

<P><STRONG><a name="[135]"></a>GUI__memset</STRONG> (Thumb, 76 bytes, Stack size 8 bytes, gui__memset.o(i.GUI__memset))
<BR><BR>[Stack]<UL><LI>Max Depth = 8<LI>Call Chain = GUI__memset
</UL>
<BR>[Called By]<UL><LI><a href="#[62]">&gt;&gt;</a>&nbsp;&nbsp;&nbsp;_OnExit
</UL>

<P><STRONG><a name="[4]"></a>HardFault_Handler</STRONG> (Thumb, 36 bytes, Stack size 0 bytes, stm32f4xx_it.o(i.HardFault_Handler))
<BR>[Address Reference Count : 1]<UL><LI> startup_stm32f4xx.o(RESET)
</UL>
<P><STRONG><a name="[bc]"></a>LCD_ClrScr</STRONG> (Thumb, 28 bytes, Stack size 8 bytes, bsp_tft_lcd.o(i.LCD_ClrScr))
<BR><BR>[Stack]<UL><LI>Max Depth = 52<LI>Call Chain = LCD_ClrScr &rArr; SPFD5420_ClrScr &rArr; SPFD5420_SetCursor &rArr; SPFD5420_WriteReg
</UL>
<BR>[Calls]<UL><LI><a href="#[be]">&gt;&gt;</a>&nbsp;&nbsp;&nbsp;SPFD5420_ClrScr
<LI><a href="#[bd]">&gt;&gt;</a>&nbsp;&nbsp;&nbsp;RA8875_ClrScr
</UL>
<BR>[Called By]<UL><LI><a href="#[cb]">&gt;&gt;</a>&nbsp;&nbsp;&nbsp;LCD_InitHard
</UL>

<P><STRONG><a name="[ca]"></a>LCD_Color2Index</STRONG> (Thumb, 18 bytes, Stack size 0 bytes, lcd.o(i.LCD_Color2Index))
<BR><BR>[Called By]<UL><LI><a href="#[9e]">&gt;&gt;</a>&nbsp;&nbsp;&nbsp;LCD_UpdateColorIndices
<LI><a href="#[c9]">&gt;&gt;</a>&nbsp;&nbsp;&nbsp;LCD_GetpPalConvTableUncached
<LI><a href="#[6d]">&gt;&gt;</a>&nbsp;&nbsp;&nbsp;_SetColor
<LI><a href="#[6e]">&gt;&gt;</a>&nbsp;&nbsp;&nbsp;_SetBkColor
</UL>

<P><STRONG><a name="[80]"></a>LCD_DrawBitmap</STRONG> (Thumb, 508 bytes, Stack size 88 bytes, lcd.o(i.LCD_DrawBitmap))
<BR><BR>[Stack]<UL><LI>Max Depth = 104<LI>Call Chain = LCD_DrawBitmap &rArr; LCD_FillRect
</UL>
<BR>[Calls]<UL><LI><a href="#[81]">&gt;&gt;</a>&nbsp;&nbsp;&nbsp;LCD_FillRect
</UL>
<BR>[Called By]<UL><LI><a href="#[70]">&gt;&gt;</a>&nbsp;&nbsp;&nbsp;GUIMONO_DispChar
</UL>

<P><STRONG><a name="[81]"></a>LCD_FillRect</STRONG> (Thumb, 80 bytes, Stack size 16 bytes, lcd.o(i.LCD_FillRect))
<BR><BR>[Stack]<UL><LI>Max Depth = 16<LI>Call Chain = LCD_FillRect
</UL>
<BR>[Called By]<UL><LI><a href="#[80]">&gt;&gt;</a>&nbsp;&nbsp;&nbsp;LCD_DrawBitmap
<LI><a href="#[70]">&gt;&gt;</a>&nbsp;&nbsp;&nbsp;GUIMONO_DispChar
</UL>

<P><STRONG><a name="[96]"></a>LCD_GetPosEx</STRONG> (Thumb, 44 bytes, Stack size 24 bytes, lcd_set.o(i.LCD_GetPosEx))
<BR><BR>[Stack]<UL><LI>Max Depth = 24<LI>Call Chain = LCD_GetPosEx
</UL>
<BR>[Calls]<UL><LI><a href="#[c7]">&gt;&gt;</a>&nbsp;&nbsp;&nbsp;GUI_DEVICE__GetpDriver
</UL>
<BR>[Called By]<UL><LI><a href="#[95]">&gt;&gt;</a>&nbsp;&nbsp;&nbsp;GUI_GetLayerPosEx
</UL>

<P><STRONG><a name="[af]"></a>LCD_GetXSizeEx</STRONG> (Thumb, 6 bytes, Stack size 0 bytes, lcd_getex.o(i.LCD_GetXSizeEx))
<BR><BR>[Stack]<UL><LI>Max Depth = 16<LI>Call Chain = LCD_GetXSizeEx &rArr; _GetDevProp
</UL>
<BR>[Calls]<UL><LI><a href="#[c8]">&gt;&gt;</a>&nbsp;&nbsp;&nbsp;_GetDevProp
</UL>
<BR>[Called By]<UL><LI><a href="#[a9]">&gt;&gt;</a>&nbsp;&nbsp;&nbsp;GUI_TOUCH_Exec
</UL>

<P><STRONG><a name="[b0]"></a>LCD_GetYSizeEx</STRONG> (Thumb, 6 bytes, Stack size 0 bytes, lcd_getex.o(i.LCD_GetYSizeEx))
<BR><BR>[Stack]<UL><LI>Max Depth = 16<LI>Call Chain = LCD_GetYSizeEx &rArr; _GetDevProp
</UL>
<BR>[Calls]<UL><LI><a href="#[c8]">&gt;&gt;</a>&nbsp;&nbsp;&nbsp;_GetDevProp
</UL>
<BR>[Called By]<UL><LI><a href="#[a9]">&gt;&gt;</a>&nbsp;&nbsp;&nbsp;GUI_TOUCH_Exec
</UL>

<P><STRONG><a name="[0]"></a>LCD_GetpPalConvTableBM</STRONG> (Thumb, 4 bytes, Stack size 0 bytes, lcd_color.o(i.LCD_GetpPalConvTableBM))
<BR>[Address Reference Count : 1]<UL><LI> gui_core.o(.data)
</UL>
<P><STRONG><a name="[c9]"></a>LCD_GetpPalConvTableUncached</STRONG> (Thumb, 68 bytes, Stack size 24 bytes, lcd_color.o(i.LCD_GetpPalConvTableUncached), UNUSED)
<BR><BR>[Calls]<UL><LI><a href="#[ca]">&gt;&gt;</a>&nbsp;&nbsp;&nbsp;LCD_Color2Index
</UL>

<P><STRONG><a name="[cb]"></a>LCD_InitHard</STRONG> (Thumb, 106 bytes, Stack size 8 bytes, bsp_tft_lcd.o(i.LCD_InitHard))
<BR><BR>[Stack]<UL><LI>Max Depth = 104<LI>Call Chain = LCD_InitHard &rArr; LCD_FSMCConfig
</UL>
<BR>[Calls]<UL><LI><a href="#[c4]">&gt;&gt;</a>&nbsp;&nbsp;&nbsp;LCD_FSMCConfig
<LI><a href="#[bf]">&gt;&gt;</a>&nbsp;&nbsp;&nbsp;LCD_CtrlLinesConfig
<LI><a href="#[cc]">&gt;&gt;</a>&nbsp;&nbsp;&nbsp;Bus_Delay
<LI><a href="#[cd]">&gt;&gt;</a>&nbsp;&nbsp;&nbsp;SPFD5420_ReadID
<LI><a href="#[ce]">&gt;&gt;</a>&nbsp;&nbsp;&nbsp;SPFD5420_InitHard
<LI><a href="#[cf]">&gt;&gt;</a>&nbsp;&nbsp;&nbsp;RA8875_ReadID
<LI><a href="#[d0]">&gt;&gt;</a>&nbsp;&nbsp;&nbsp;RA8875_InitHard
<LI><a href="#[d1]">&gt;&gt;</a>&nbsp;&nbsp;&nbsp;LCD_SetBackLight
<LI><a href="#[bc]">&gt;&gt;</a>&nbsp;&nbsp;&nbsp;LCD_ClrScr
</UL>
<BR>[Called By]<UL><LI><a href="#[13f]">&gt;&gt;</a>&nbsp;&nbsp;&nbsp;bsp_Init
</UL>

<P><STRONG><a name="[a6]"></a>LCD_SelectLCD</STRONG> (Thumb, 60 bytes, Stack size 8 bytes, lcd_selectlcd.o(i.LCD_SelectLCD))
<BR><BR>[Stack]<UL><LI>Max Depth = 8<LI>Call Chain = LCD_SelectLCD
</UL>
<BR>[Calls]<UL><LI><a href="#[91]">&gt;&gt;</a>&nbsp;&nbsp;&nbsp;GUI_DEVICE_Unlink
<LI><a href="#[9f]">&gt;&gt;</a>&nbsp;&nbsp;&nbsp;LCD_SetClipRectMax
</UL>
<BR>[Called By]<UL><LI><a href="#[98]">&gt;&gt;</a>&nbsp;&nbsp;&nbsp;GUI_SelectLCD
</UL>

<P><STRONG><a name="[d1]"></a>LCD_SetBackLight</STRONG> (Thumb, 32 bytes, Stack size 8 bytes, bsp_tft_lcd.o(i.LCD_SetBackLight))
<BR><BR>[Stack]<UL><LI>Max Depth = 76<LI>Call Chain = LCD_SetBackLight &rArr; SPFD5420_SetBackLight &rArr; GPIO_PinAFConfig
</UL>
<BR>[Calls]<UL><LI><a href="#[d3]">&gt;&gt;</a>&nbsp;&nbsp;&nbsp;SPFD5420_SetBackLight
<LI><a href="#[d2]">&gt;&gt;</a>&nbsp;&nbsp;&nbsp;RA8875_SetBackLight
</UL>
<BR>[Called By]<UL><LI><a href="#[cb]">&gt;&gt;</a>&nbsp;&nbsp;&nbsp;LCD_InitHard
</UL>

<P><STRONG><a name="[d5]"></a>LCD_SetBkColorIndex</STRONG> (Thumb, 20 bytes, Stack size 0 bytes, lcd.o(i.LCD_SetBkColorIndex))
<BR><BR>[Called By]<UL><LI><a href="#[9e]">&gt;&gt;</a>&nbsp;&nbsp;&nbsp;LCD_UpdateColorIndices
<LI><a href="#[6e]">&gt;&gt;</a>&nbsp;&nbsp;&nbsp;_SetBkColor
</UL>

<P><STRONG><a name="[9f]"></a>LCD_SetClipRectMax</STRONG> (Thumb, 20 bytes, Stack size 0 bytes, lcd.o(i.LCD_SetClipRectMax))
<BR><BR>[Called By]<UL><LI><a href="#[a6]">&gt;&gt;</a>&nbsp;&nbsp;&nbsp;LCD_SelectLCD
<LI><a href="#[9c]">&gt;&gt;</a>&nbsp;&nbsp;&nbsp;WM_Deactivate
<LI><a href="#[9b]">&gt;&gt;</a>&nbsp;&nbsp;&nbsp;GUI_MEMDEV_Select
</UL>

<P><STRONG><a name="[d4]"></a>LCD_SetColorIndex</STRONG> (Thumb, 20 bytes, Stack size 0 bytes, lcd.o(i.LCD_SetColorIndex))
<BR><BR>[Called By]<UL><LI><a href="#[9e]">&gt;&gt;</a>&nbsp;&nbsp;&nbsp;LCD_UpdateColorIndices
<LI><a href="#[6d]">&gt;&gt;</a>&nbsp;&nbsp;&nbsp;_SetColor
</UL>

<P><STRONG><a name="[7f]"></a>LCD_SetDrawMode</STRONG> (Thumb, 8 bytes, Stack size 0 bytes, lcd.o(i.LCD_SetDrawMode))
<BR><BR>[Called By]<UL><LI><a href="#[70]">&gt;&gt;</a>&nbsp;&nbsp;&nbsp;GUIMONO_DispChar
</UL>

<P><STRONG><a name="[a8]"></a>LCD_SetPosEx</STRONG> (Thumb, 44 bytes, Stack size 24 bytes, lcd_set.o(i.LCD_SetPosEx))
<BR><BR>[Stack]<UL><LI>Max Depth = 24<LI>Call Chain = LCD_SetPosEx
</UL>
<BR>[Calls]<UL><LI><a href="#[c7]">&gt;&gt;</a>&nbsp;&nbsp;&nbsp;GUI_DEVICE__GetpDriver
</UL>
<BR>[Called By]<UL><LI><a href="#[8d]">&gt;&gt;</a>&nbsp;&nbsp;&nbsp;GUI_SetLayerPosEx
</UL>

<P><STRONG><a name="[9e]"></a>LCD_UpdateColorIndices</STRONG> (Thumb, 32 bytes, Stack size 8 bytes, lcd_updatecolorindices.o(i.LCD_UpdateColorIndices))
<BR><BR>[Stack]<UL><LI>Max Depth = 8<LI>Call Chain = LCD_UpdateColorIndices
</UL>
<BR>[Calls]<UL><LI><a href="#[d4]">&gt;&gt;</a>&nbsp;&nbsp;&nbsp;LCD_SetColorIndex
<LI><a href="#[d5]">&gt;&gt;</a>&nbsp;&nbsp;&nbsp;LCD_SetBkColorIndex
<LI><a href="#[ca]">&gt;&gt;</a>&nbsp;&nbsp;&nbsp;LCD_Color2Index
</UL>
<BR>[Called By]<UL><LI><a href="#[9b]">&gt;&gt;</a>&nbsp;&nbsp;&nbsp;GUI_MEMDEV_Select
<LI><a href="#[98]">&gt;&gt;</a>&nbsp;&nbsp;&nbsp;GUI_SelectLCD
</UL>

<P><STRONG><a name="[5]"></a>MemManage_Handler</STRONG> (Thumb, 4 bytes, Stack size 0 bytes, stm32f4xx_it.o(i.MemManage_Handler))
<BR>[Address Reference Count : 1]<UL><LI> startup_stm32f4xx.o(RESET)
</UL>
<P><STRONG><a name="[3]"></a>NMI_Handler</STRONG> (Thumb, 2 bytes, Stack size 0 bytes, stm32f4xx_it.o(i.NMI_Handler))
<BR>[Address Reference Count : 1]<UL><LI> startup_stm32f4xx.o(RESET)
</UL>
<P><STRONG><a name="[bd]"></a>RA8875_ClrScr</STRONG> (Thumb, 50 bytes, Stack size 16 bytes, lcd_ra8875.o(i.RA8875_ClrScr))
<BR><BR>[Stack]<UL><LI>Max Depth = 40<LI>Call Chain = RA8875_ClrScr &rArr; BTE_SetTarBlock
</UL>
<BR>[Calls]<UL><LI><a href="#[d6]">&gt;&gt;</a>&nbsp;&nbsp;&nbsp;RA8875_SetFrontColor
<LI><a href="#[7d]">&gt;&gt;</a>&nbsp;&nbsp;&nbsp;BTE_Wait
<LI><a href="#[7a]">&gt;&gt;</a>&nbsp;&nbsp;&nbsp;BTE_Start
<LI><a href="#[79]">&gt;&gt;</a>&nbsp;&nbsp;&nbsp;BTE_SetTarBlock
<LI><a href="#[77]">&gt;&gt;</a>&nbsp;&nbsp;&nbsp;BTE_SetOperateCode
</UL>
<BR>[Called By]<UL><LI><a href="#[bc]">&gt;&gt;</a>&nbsp;&nbsp;&nbsp;LCD_ClrScr
</UL>

<P><STRONG><a name="[d0]"></a>RA8875_InitHard</STRONG> (Thumb, 416 bytes, Stack size 8 bytes, lcd_ra8875.o(i.RA8875_InitHard))
<BR><BR>[Stack]<UL><LI>Max Depth = 48<LI>Call Chain = RA8875_InitHard &rArr; RA8875_SetDispWin &rArr; RA8875_SetCursor
</UL>
<BR>[Calls]<UL><LI><a href="#[da]">&gt;&gt;</a>&nbsp;&nbsp;&nbsp;RA8875_SetDispWin
<LI><a href="#[78]">&gt;&gt;</a>&nbsp;&nbsp;&nbsp;RA8875_WriteReg
<LI><a href="#[7c]">&gt;&gt;</a>&nbsp;&nbsp;&nbsp;RA8875_WriteData
<LI><a href="#[7b]">&gt;&gt;</a>&nbsp;&nbsp;&nbsp;RA8875_WriteCmd
<LI><a href="#[d7]">&gt;&gt;</a>&nbsp;&nbsp;&nbsp;RA8875_ReadReg
<LI><a href="#[d8]">&gt;&gt;</a>&nbsp;&nbsp;&nbsp;RA8875_Delaly1us
<LI><a href="#[d9]">&gt;&gt;</a>&nbsp;&nbsp;&nbsp;RA8875_Delaly1ms
</UL>
<BR>[Called By]<UL><LI><a href="#[cb]">&gt;&gt;</a>&nbsp;&nbsp;&nbsp;LCD_InitHard
</UL>

<P><STRONG><a name="[cf]"></a>RA8875_ReadID</STRONG> (Thumb, 10 bytes, Stack size 8 bytes, lcd_ra8875.o(i.RA8875_ReadID))
<BR><BR>[Stack]<UL><LI>Max Depth = 8<LI>Call Chain = RA8875_ReadID
</UL>
<BR>[Calls]<UL><LI><a href="#[d7]">&gt;&gt;</a>&nbsp;&nbsp;&nbsp;RA8875_ReadReg
</UL>
<BR>[Called By]<UL><LI><a href="#[cb]">&gt;&gt;</a>&nbsp;&nbsp;&nbsp;LCD_InitHard
</UL>

<P><STRONG><a name="[d2]"></a>RA8875_SetBackLight</STRONG> (Thumb, 48 bytes, Stack size 8 bytes, lcd_ra8875.o(i.RA8875_SetBackLight))
<BR><BR>[Stack]<UL><LI>Max Depth = 8<LI>Call Chain = RA8875_SetBackLight
</UL>
<BR>[Calls]<UL><LI><a href="#[78]">&gt;&gt;</a>&nbsp;&nbsp;&nbsp;RA8875_WriteReg
</UL>
<BR>[Called By]<UL><LI><a href="#[d1]">&gt;&gt;</a>&nbsp;&nbsp;&nbsp;LCD_SetBackLight
</UL>

<P><STRONG><a name="[db]"></a>RA8875_SetCursor</STRONG> (Thumb, 40 bytes, Stack size 16 bytes, lcd_ra8875.o(i.RA8875_SetCursor))
<BR><BR>[Stack]<UL><LI>Max Depth = 16<LI>Call Chain = RA8875_SetCursor
</UL>
<BR>[Calls]<UL><LI><a href="#[78]">&gt;&gt;</a>&nbsp;&nbsp;&nbsp;RA8875_WriteReg
</UL>
<BR>[Called By]<UL><LI><a href="#[da]">&gt;&gt;</a>&nbsp;&nbsp;&nbsp;RA8875_SetDispWin
</UL>

<P><STRONG><a name="[da]"></a>RA8875_SetDispWin</STRONG> (Thumb, 120 bytes, Stack size 24 bytes, lcd_ra8875.o(i.RA8875_SetDispWin))
<BR><BR>[Stack]<UL><LI>Max Depth = 40<LI>Call Chain = RA8875_SetDispWin &rArr; RA8875_SetCursor
</UL>
<BR>[Calls]<UL><LI><a href="#[db]">&gt;&gt;</a>&nbsp;&nbsp;&nbsp;RA8875_SetCursor
<LI><a href="#[78]">&gt;&gt;</a>&nbsp;&nbsp;&nbsp;RA8875_WriteReg
</UL>
<BR>[Called By]<UL><LI><a href="#[d0]">&gt;&gt;</a>&nbsp;&nbsp;&nbsp;RA8875_InitHard
</UL>

<P><STRONG><a name="[d6]"></a>RA8875_SetFrontColor</STRONG> (Thumb, 46 bytes, Stack size 8 bytes, lcd_ra8875.o(i.RA8875_SetFrontColor))
<BR><BR>[Stack]<UL><LI>Max Depth = 8<LI>Call Chain = RA8875_SetFrontColor
</UL>
<BR>[Calls]<UL><LI><a href="#[78]">&gt;&gt;</a>&nbsp;&nbsp;&nbsp;RA8875_WriteReg
</UL>
<BR>[Called By]<UL><LI><a href="#[bd]">&gt;&gt;</a>&nbsp;&nbsp;&nbsp;RA8875_ClrScr
</UL>

<P><STRONG><a name="[dc]"></a>RA8875_TouchInit</STRONG> (Thumb, 28 bytes, Stack size 8 bytes, lcd_ra8875.o(i.RA8875_TouchInit))
<BR><BR>[Stack]<UL><LI>Max Depth = 8<LI>Call Chain = RA8875_TouchInit
</UL>
<BR>[Calls]<UL><LI><a href="#[78]">&gt;&gt;</a>&nbsp;&nbsp;&nbsp;RA8875_WriteReg
</UL>
<BR>[Called By]<UL><LI><a href="#[f7]">&gt;&gt;</a>&nbsp;&nbsp;&nbsp;TOUCH_InitHard
</UL>

<P><STRONG><a name="[dd]"></a>RA8875_TouchReadX</STRONG> (Thumb, 114 bytes, Stack size 16 bytes, lcd_ra8875.o(i.RA8875_TouchReadX))
<BR><BR>[Stack]<UL><LI>Max Depth = 16<LI>Call Chain = RA8875_TouchReadX
</UL>
<BR>[Calls]<UL><LI><a href="#[7c]">&gt;&gt;</a>&nbsp;&nbsp;&nbsp;RA8875_WriteData
<LI><a href="#[7b]">&gt;&gt;</a>&nbsp;&nbsp;&nbsp;RA8875_WriteCmd
<LI><a href="#[d7]">&gt;&gt;</a>&nbsp;&nbsp;&nbsp;RA8875_ReadReg
<LI><a href="#[de]">&gt;&gt;</a>&nbsp;&nbsp;&nbsp;RA8875_Delaly200us
</UL>
<BR>[Called By]<UL><LI><a href="#[f4]">&gt;&gt;</a>&nbsp;&nbsp;&nbsp;TOUCH_DataFilter
</UL>

<P><STRONG><a name="[f5]"></a>RA8875_TouchReadY</STRONG> (Thumb, 6 bytes, Stack size 0 bytes, lcd_ra8875.o(i.RA8875_TouchReadY))
<BR><BR>[Called By]<UL><LI><a href="#[f4]">&gt;&gt;</a>&nbsp;&nbsp;&nbsp;TOUCH_DataFilter
</UL>

<P><STRONG><a name="[c1]"></a>RCC_AHB1PeriphClockCmd</STRONG> (Thumb, 26 bytes, Stack size 0 bytes, stm32f4xx_rcc.o(i.RCC_AHB1PeriphClockCmd))
<BR><BR>[Called By]<UL><LI><a href="#[142]">&gt;&gt;</a>&nbsp;&nbsp;&nbsp;bsp_InitLed
<LI><a href="#[145]">&gt;&gt;</a>&nbsp;&nbsp;&nbsp;bsp_InitKeyHard
<LI><a href="#[140]">&gt;&gt;</a>&nbsp;&nbsp;&nbsp;bsp_InitUart
<LI><a href="#[13f]">&gt;&gt;</a>&nbsp;&nbsp;&nbsp;bsp_Init
<LI><a href="#[f7]">&gt;&gt;</a>&nbsp;&nbsp;&nbsp;TOUCH_InitHard
<LI><a href="#[bf]">&gt;&gt;</a>&nbsp;&nbsp;&nbsp;LCD_CtrlLinesConfig
<LI><a href="#[f8]">&gt;&gt;</a>&nbsp;&nbsp;&nbsp;TSC2046_InitHard
<LI><a href="#[d3]">&gt;&gt;</a>&nbsp;&nbsp;&nbsp;SPFD5420_SetBackLight
</UL>

<P><STRONG><a name="[c0]"></a>RCC_AHB3PeriphClockCmd</STRONG> (Thumb, 26 bytes, Stack size 0 bytes, stm32f4xx_rcc.o(i.RCC_AHB3PeriphClockCmd))
<BR><BR>[Called By]<UL><LI><a href="#[bf]">&gt;&gt;</a>&nbsp;&nbsp;&nbsp;LCD_CtrlLinesConfig
</UL>

<P><STRONG><a name="[f3]"></a>RCC_APB1PeriphClockCmd</STRONG> (Thumb, 26 bytes, Stack size 0 bytes, stm32f4xx_rcc.o(i.RCC_APB1PeriphClockCmd))
<BR><BR>[Called By]<UL><LI><a href="#[f2]">&gt;&gt;</a>&nbsp;&nbsp;&nbsp;TIM6_MeasureConfig
</UL>

<P><STRONG><a name="[e3]"></a>RCC_APB2PeriphClockCmd</STRONG> (Thumb, 26 bytes, Stack size 0 bytes, stm32f4xx_rcc.o(i.RCC_APB2PeriphClockCmd))
<BR><BR>[Called By]<UL><LI><a href="#[140]">&gt;&gt;</a>&nbsp;&nbsp;&nbsp;bsp_InitUart
<LI><a href="#[f8]">&gt;&gt;</a>&nbsp;&nbsp;&nbsp;TSC2046_InitHard
<LI><a href="#[d3]">&gt;&gt;</a>&nbsp;&nbsp;&nbsp;SPFD5420_SetBackLight
</UL>

<P><STRONG><a name="[ff]"></a>RCC_GetClocksFreq</STRONG> (Thumb, 214 bytes, Stack size 20 bytes, stm32f4xx_rcc.o(i.RCC_GetClocksFreq))
<BR><BR>[Stack]<UL><LI>Max Depth = 20<LI>Call Chain = RCC_GetClocksFreq
</UL>
<BR>[Called By]<UL><LI><a href="#[fe]">&gt;&gt;</a>&nbsp;&nbsp;&nbsp;USART_Init
</UL>

<P><STRONG><a name="[be]"></a>SPFD5420_ClrScr</STRONG> (Thumb, 48 bytes, Stack size 16 bytes, lcd_spfd5420.o(i.SPFD5420_ClrScr))
<BR><BR>[Stack]<UL><LI>Max Depth = 44<LI>Call Chain = SPFD5420_ClrScr &rArr; SPFD5420_SetCursor &rArr; SPFD5420_WriteReg
</UL>
<BR>[Calls]<UL><LI><a href="#[df]">&gt;&gt;</a>&nbsp;&nbsp;&nbsp;SPFD5420_SetCursor
</UL>
<BR>[Called By]<UL><LI><a href="#[bc]">&gt;&gt;</a>&nbsp;&nbsp;&nbsp;LCD_ClrScr
</UL>

<P><STRONG><a name="[ce]"></a>SPFD5420_InitHard</STRONG> (Thumb, 196 bytes, Stack size 16 bytes, lcd_spfd5420.o(i.SPFD5420_InitHard))
<BR><BR>[Stack]<UL><LI>Max Depth = 36<LI>Call Chain = SPFD5420_InitHard &rArr; Init_61509 &rArr; SPFD5420_WriteReg
</UL>
<BR>[Calls]<UL><LI><a href="#[b9]">&gt;&gt;</a>&nbsp;&nbsp;&nbsp;SPFD5420_WriteReg
<LI><a href="#[e0]">&gt;&gt;</a>&nbsp;&nbsp;&nbsp;SPFD5420_ReadReg
<LI><a href="#[ba]">&gt;&gt;</a>&nbsp;&nbsp;&nbsp;Init_61509
<LI><a href="#[b8]">&gt;&gt;</a>&nbsp;&nbsp;&nbsp;Init_5420_4001
</UL>
<BR>[Called By]<UL><LI><a href="#[cb]">&gt;&gt;</a>&nbsp;&nbsp;&nbsp;LCD_InitHard
</UL>

<P><STRONG><a name="[cd]"></a>SPFD5420_ReadID</STRONG> (Thumb, 10 bytes, Stack size 8 bytes, lcd_spfd5420.o(i.SPFD5420_ReadID))
<BR><BR>[Stack]<UL><LI>Max Depth = 16<LI>Call Chain = SPFD5420_ReadID &rArr; SPFD5420_ReadReg
</UL>
<BR>[Calls]<UL><LI><a href="#[e0]">&gt;&gt;</a>&nbsp;&nbsp;&nbsp;SPFD5420_ReadReg
</UL>
<BR>[Called By]<UL><LI><a href="#[cb]">&gt;&gt;</a>&nbsp;&nbsp;&nbsp;LCD_InitHard
</UL>

<P><STRONG><a name="[d3]"></a>SPFD5420_SetBackLight</STRONG> (Thumb, 260 bytes, Stack size 48 bytes, lcd_spfd5420.o(i.SPFD5420_SetBackLight))
<BR><BR>[Stack]<UL><LI>Max Depth = 68<LI>Call Chain = SPFD5420_SetBackLight &rArr; GPIO_PinAFConfig
</UL>
<BR>[Calls]<UL><LI><a href="#[e3]">&gt;&gt;</a>&nbsp;&nbsp;&nbsp;RCC_APB2PeriphClockCmd
<LI><a href="#[c1]">&gt;&gt;</a>&nbsp;&nbsp;&nbsp;RCC_AHB1PeriphClockCmd
<LI><a href="#[c2]">&gt;&gt;</a>&nbsp;&nbsp;&nbsp;GPIO_PinAFConfig
<LI><a href="#[c3]">&gt;&gt;</a>&nbsp;&nbsp;&nbsp;GPIO_Init
<LI><a href="#[e1]">&gt;&gt;</a>&nbsp;&nbsp;&nbsp;GPIO_SetBits
<LI><a href="#[e4]">&gt;&gt;</a>&nbsp;&nbsp;&nbsp;TIM_TimeBaseInit
<LI><a href="#[e2]">&gt;&gt;</a>&nbsp;&nbsp;&nbsp;TIM_Cmd
<LI><a href="#[e6]">&gt;&gt;</a>&nbsp;&nbsp;&nbsp;TIM_OC1PreloadConfig
<LI><a href="#[e5]">&gt;&gt;</a>&nbsp;&nbsp;&nbsp;TIM_OC1Init
<LI><a href="#[e8]">&gt;&gt;</a>&nbsp;&nbsp;&nbsp;TIM_CtrlPWMOutputs
<LI><a href="#[e7]">&gt;&gt;</a>&nbsp;&nbsp;&nbsp;TIM_ARRPreloadConfig
</UL>
<BR>[Called By]<UL><LI><a href="#[d1]">&gt;&gt;</a>&nbsp;&nbsp;&nbsp;LCD_SetBackLight
</UL>

<P><STRONG><a name="[fd]"></a>SPI_Cmd</STRONG> (Thumb, 24 bytes, Stack size 0 bytes, stm32f4xx_spi.o(i.SPI_Cmd))
<BR><BR>[Called By]<UL><LI><a href="#[f8]">&gt;&gt;</a>&nbsp;&nbsp;&nbsp;TSC2046_InitHard
</UL>

<P><STRONG><a name="[ea]"></a>SPI_I2S_GetFlagStatus</STRONG> (Thumb, 18 bytes, Stack size 0 bytes, stm32f4xx_spi.o(i.SPI_I2S_GetFlagStatus))
<BR><BR>[Called By]<UL><LI><a href="#[e9]">&gt;&gt;</a>&nbsp;&nbsp;&nbsp;SPI_ShiftByte
</UL>

[...]
</UL>
<BR>[Called By]<UL><LI><a href="#[cd]">&gt;&gt;</a>&nbsp;&nbsp;&nbsp;SPFD5420_ReadID
<LI><a href="#[ce]">&gt;&gt;</a>&nbsp;&nbsp;&nbsp;SPFD5420_InitHard
</UL>

<P><STRONG><a name="[df]"></a>SPFD5420_SetCursor</STRONG> (Thumb, 34 bytes, Stack size 16 bytes, lcd_spfd5420.o(i.SPFD5420_SetCursor))
<BR><BR>[Stack]<UL><LI>Max Depth = 28<LI>Call Chain = SPFD5420_SetCursor &rArr; SPFD5420_WriteReg
</UL>
<BR>[Calls]<UL><LI><a href="#[b9]">&gt;&gt;</a>&nbsp;&nbsp;&nbsp;SPFD5420_WriteReg
</UL>
<BR>[Called By]<UL><LI><a href="#[be]">&gt;&gt;</a>&nbsp;&nbsp;&nbsp;SPFD5420_ClrScr
</UL>

<P><STRONG><a name="[b9]"></a>SPFD5420_WriteReg</STRONG> (Thumb, 18 bytes, Stack size 12 bytes, lcd_spfd5420.o(i.SPFD5420_WriteReg))
<BR><BR>[Stack]<UL><LI>Max Depth = 12<LI>Call Chain = SPFD5420_WriteReg
</UL>
<BR>[Called By]<UL><LI><a href="#[df]">&gt;&gt;</a>&nbsp;&nbsp;&nbsp;SPFD5420_SetCursor
<LI><a href="#[ba]">&gt;&gt;</a>&nbsp;&nbsp;&nbsp;Init_61509
<LI><a href="#[b8]">&gt;&gt;</a>&nbsp;&nbsp;&nbsp;Init_5420_4001
<LI><a href="#[ce]">&gt;&gt;</a>&nbsp;&nbsp;&nbsp;SPFD5420_InitHard
</UL>

<P><STRONG><a name="[d9]"></a>RA8875_Delaly1ms</STRONG> (Thumb, 18 bytes, Stack size 0 bytes, lcd_ra8875.o(i.RA8875_Delaly1ms))
<BR><BR>[Called By]<UL><LI><a href="#[d0]">&gt;&gt;</a>&nbsp;&nbsp;&nbsp;RA8875_InitHard
</UL>

<P><STRONG><a name="[d8]"></a>RA8875_Delaly1us</STRONG> (Thumb, 14 bytes, Stack size 0 bytes, lcd_ra8875.o(i.RA8875_Delaly1us))
<BR><BR>[Called By]<UL><LI><a href="#[d0]">&gt;&gt;</a>&nbsp;&nbsp;&nbsp;RA8875_InitHard
</UL>

<P><STRONG><a name="[de]"></a>RA8875_Delaly200us</STRONG> (Thumb, 16 bytes, Stack size 0 bytes, lcd_ra8875.o(i.RA8875_Delaly200us))
<BR><BR>[Called By]<UL><LI><a href="#[dd]">&gt;&gt;</a>&nbsp;&nbsp;&nbsp;RA8875_TouchReadX
</UL>

<P><STRONG><a name="[d7]"></a>RA8875_ReadReg</STRONG> (Thumb, 16 bytes, Stack size 0 bytes, lcd_ra8875.o(i.RA8875_ReadReg))
<BR><BR>[Called By]<UL><LI><a href="#[dd]">&gt;&gt;</a>&nbsp;&nbsp;&nbsp;RA8875_TouchReadX
<LI><a href="#[cf]">&gt;&gt;</a>&nbsp;&nbsp;&nbsp;RA8875_ReadID
<LI><a href="#[d0]">&gt;&gt;</a>&nbsp;&nbsp;&nbsp;RA8875_InitHard
</UL>

<P><STRONG><a name="[7e]"></a>RA8875_ReadStatus</STRONG> (Thumb, 8 bytes, Stack size 0 bytes, lcd_ra8875.o(i.RA8875_ReadStatus))
<BR><BR>[Called By]<UL><LI><a href="#[7d]">&gt;&gt;</a>&nbsp;&nbsp;&nbsp;BTE_Wait
</UL>

<P><STRONG><a name="[7b]"></a>RA8875_WriteCmd</STRONG> (Thumb, 6 bytes, Stack size 0 bytes, lcd_ra8875.o(i.RA8875_WriteCmd))
<BR><BR>[Called By]<UL><LI><a href="#[7a]">&gt;&gt;</a>&nbsp;&nbsp;&nbsp;BTE_Start
<LI><a href="#[dd]">&gt;&gt;</a>&nbsp;&nbsp;&nbsp;RA8875_TouchReadX
<LI><a href="#[d0]">&gt;&gt;</a>&nbsp;&nbsp;&nbsp;RA8875_InitHard
</UL>

<P><STRONG><a name="[7c]"></a>RA8875_WriteData</STRONG> (Thumb, 8 bytes, Stack size 0 bytes, lcd_ra8875.o(i.RA8875_WriteData))
<BR><BR>[Called By]<UL><LI><a href="#[7a]">&gt;&gt;</a>&nbsp;&nbsp;&nbsp;BTE_Start
<LI><a href="#[dd]">&gt;&gt;</a>&nbsp;&nbsp;&nbsp;RA8875_TouchReadX
<LI><a href="#[d0]">&gt;&gt;</a>&nbsp;&nbsp;&nbsp;RA8875_InitHard
</UL>

<P><STRONG><a name="[78]"></a>RA8875_WriteReg</STRONG> (Thumb, 22 bytes, Stack size 0 bytes, lcd_ra8875.o(i.RA8875_WriteReg))
<BR><BR>[Called By]<UL><LI><a href="#[d6]">&gt;&gt;</a>&nbsp;&nbsp;&nbsp;RA8875_SetFrontColor
<LI><a href="#[da]">&gt;&gt;</a>&nbsp;&nbsp;&nbsp;RA8875_SetDispWin
<LI><a href="#[db]">&gt;&gt;</a>&nbsp;&nbsp;&nbsp;RA8875_SetCursor
<LI><a href="#[79]">&gt;&gt;</a>&nbsp;&nbsp;&nbsp;BTE_SetTarBlock
<LI><a href="#[77]">&gt;&gt;</a>&nbsp;&nbsp;&nbsp;BTE_SetOperateCode
<LI><a href="#[dc]">&gt;&gt;</a>&nbsp;&nbsp;&nbsp;RA8875_TouchInit
<LI><a href="#[d2]">&gt;&gt;</a>&nbsp;&nbsp;&nbsp;RA8875_SetBackLight
<LI><a href="#[d0]">&gt;&gt;</a>&nbsp;&nbsp;&nbsp;RA8875_InitHard
</UL>

<P><STRONG><a name="[85]"></a>_AddFreeMemory</STRONG> (Thumb, 116 bytes, Stack size 24 bytes, gui_alloc.o(i._AddFreeMemory))
<BR><BR>[Stack]<UL><LI>Max Depth = 40<LI>Call Chain = _AddFreeMemory &rArr; _RemoveFreeBlock
</UL>
<BR>[Calls]<UL><LI><a href="#[127]">&gt;&gt;</a>&nbsp;&nbsp;&nbsp;_WriteTagData
<LI><a href="#[125]">&gt;&gt;</a>&nbsp;&nbsp;&nbsp;_RemoveFreeBlock
<LI><a href="#[126]">&gt;&gt;</a>&nbsp;&nbsp;&nbsp;_GetMinIndex
</UL>
<BR>[Called By]<UL><LI><a href="#[84]">&gt;&gt;</a>&nbsp;&nbsp;&nbsp;GUI_ALLOC_Free
<LI><a href="#[129]">&gt;&gt;</a>&nbsp;&nbsp;&nbsp;_RemoveHoles
<LI><a href="#[88]">&gt;&gt;</a>&nbsp;&nbsp;&nbsp;_InitOnce
<LI><a href="#[83]">&gt;&gt;</a>&nbsp;&nbsp;&nbsp;_Alloc
</UL>

<P><STRONG><a name="[83]"></a>_Alloc</STRONG> (Thumb, 182 bytes, Stack size 24 bytes, gui_alloc.o(i._Alloc))
<BR><BR>[Stack]<UL><LI>Max Depth = 104 + In Cycle
<LI>Call Chain = _Alloc &rArr;  _InitOnce (Cycle)
</UL>
<BR>[Calls]<UL><LI><a href="#[127]">&gt;&gt;</a>&nbsp;&nbsp;&nbsp;_WriteTagData
<LI><a href="#[129]">&gt;&gt;</a>&nbsp;&nbsp;&nbsp;_RemoveHoles
<LI><a href="#[125]">&gt;&gt;</a>&nbsp;&nbsp;&nbsp;_RemoveFreeBlock
<LI><a href="#[86]">&gt;&gt;</a>&nbsp;&nbsp;&nbsp;_PushFreeBlock
<LI><a href="#[128]">&gt;&gt;</a>&nbsp;&nbsp;&nbsp;_PopFreeBlock
<LI><a href="#[88]">&gt;&gt;</a>&nbsp;&nbsp;&nbsp;_InitOnce
<LI><a href="#[126]">&gt;&gt;</a>&nbsp;&nbsp;&nbsp;_GetMinIndex
<LI><a href="#[85]">&gt;&gt;</a>&nbsp;&nbsp;&nbsp;_AddFreeMemory
</UL>
<BR>[Called By]<UL><LI><a href="#[82]">&gt;&gt;</a>&nbsp;&nbsp;&nbsp;GUI_ALLOC_AllocNoInit
<LI><a href="#[12b]">&gt;&gt;</a>&nbsp;&nbsp;&nbsp;_EnlargeBlocks
</UL>

<P><STRONG><a name="[12b]"></a>_EnlargeBlocks</STRONG> (Thumb, 146 bytes, Stack size 32 bytes, gui_alloc.o(i._EnlargeBlocks))
<BR><BR>[Stack]<UL><LI>Max Depth = 136<LI>Call Chain = _EnlargeBlocks &rArr; _Alloc &rArr;  _InitOnce (Cycle)
</UL>
<BR>[Calls]<UL><LI><a href="#[84]">&gt;&gt;</a>&nbsp;&nbsp;&nbsp;GUI_ALLOC_Free
<LI><a href="#[83]">&gt;&gt;</a>&nbsp;&nbsp;&nbsp;_Alloc
<LI><a href="#[12c]">&gt;&gt;</a>&nbsp;&nbsp;&nbsp;__aeabi_memcpy4
</UL>
<BR>[Called By]<UL><LI><a href="#[128]">&gt;&gt;</a>&nbsp;&nbsp;&nbsp;_PopFreeBlock
<LI><a href="#[88]">&gt;&gt;</a>&nbsp;&nbsp;&nbsp;_InitOnce
</UL>

<P><STRONG><a name="[126]"></a>_GetMinIndex</STRONG> (Thumb, 24 bytes, Stack size 0 bytes, gui_alloc.o(i._GetMinIndex))
<BR><BR>[Called By]<UL><LI><a href="#[125]">&gt;&gt;</a>&nbsp;&nbsp;&nbsp;_RemoveFreeBlock
<LI><a href="#[83]">&gt;&gt;</a>&nbsp;&nbsp;&nbsp;_Alloc
<LI><a href="#[85]">&gt;&gt;</a>&nbsp;&nbsp;&nbsp;_AddFreeMemory
</UL>

<P><STRONG><a name="[88]"></a>_InitOnce</STRONG> (Thumb, 172 bytes, Stack size 24 bytes, gui_alloc.o(i._InitOnce))
<BR><BR>[Stack]<UL><LI>Max Depth = 160<LI>Call Chain = _InitOnce &rArr; _EnlargeBlocks &rArr; _Alloc &rArr;  _InitOnce (Cycle)
</UL>
<BR>[Calls]<UL><LI><a href="#[132]">&gt;&gt;</a>&nbsp;&nbsp;&nbsp;GUI__RegisterExit
<LI><a href="#[131]">&gt;&gt;</a>&nbsp;&nbsp;&nbsp;GUI_Error
<LI><a href="#[130]">&gt;&gt;</a>&nbsp;&nbsp;&nbsp;_TestRAM
<LI><a href="#[12b]">&gt;&gt;</a>&nbsp;&nbsp;&nbsp;_EnlargeBlocks
<LI><a href="#[85]">&gt;&gt;</a>&nbsp;&nbsp;&nbsp;_AddFreeMemory
</UL>
<BR>[Called By]<UL><LI><a href="#[87]">&gt;&gt;</a>&nbsp;&nbsp;&nbsp;GUI_ALLOC_GetMaxSize
<LI><a href="#[83]">&gt;&gt;</a>&nbsp;&nbsp;&nbsp;_Alloc
</UL>

<P><STRONG><a name="[62]"></a>_OnExit</STRONG> (Thumb, 50 bytes, Stack size 8 bytes, gui_alloc.o(i._OnExit))
<BR><BR>[Stack]<UL><LI>Max Depth = 16<LI>Call Chain = _OnExit &rArr; GUI__memset
</UL>
<BR>[Calls]<UL><LI><a href="#[135]">&gt;&gt;</a>&nbsp;&nbsp;&nbsp;GUI__memset
</UL>
<BR>[Address Reference Count : 1]<UL><LI> gui_alloc.o(i._InitOnce)
</UL>
<P><STRONG><a name="[128]"></a>_PopFreeBlock</STRONG> (Thumb, 60 bytes, Stack size 8 bytes, gui_alloc.o(i._PopFreeBlock))
<BR><BR>[Stack]<UL><LI>Max Depth = 8 + In Cycle
<LI>Call Chain = _PopFreeBlock &rArr;  _EnlargeBlocks (Cycle)
</UL>
<BR>[Calls]<UL><LI><a href="#[12b]">&gt;&gt;</a>&nbsp;&nbsp;&nbsp;_EnlargeBlocks
</UL>
<BR>[Called By]<UL><LI><a href="#[83]">&gt;&gt;</a>&nbsp;&nbsp;&nbsp;_Alloc
</UL>

<P><STRONG><a name="[86]"></a>_PushFreeBlock</STRONG> (Thumb, 32 bytes, Stack size 8 bytes, gui_alloc.o(i._PushFreeBlock))
<BR><BR>[Stack]<UL><LI>Max Depth = 8<LI>Call Chain = _PushFreeBlock
</UL>
<BR>[Called By]<UL><LI><a href="#[84]">&gt;&gt;</a>&nbsp;&nbsp;&nbsp;GUI_ALLOC_Free
<LI><a href="#[83]">&gt;&gt;</a>&nbsp;&nbsp;&nbsp;_Alloc
</UL>

<P><STRONG><a name="[125]"></a>_RemoveFreeBlock</STRONG> (Thumb, 60 bytes, Stack size 16 bytes, gui_alloc.o(i._RemoveFreeBlock))
<BR><BR>[Stack]<UL><LI>Max Depth = 16<LI>Call Chain = _RemoveFreeBlock
</UL>
<BR>[Calls]<UL><LI><a href="#[131]">&gt;&gt;</a>&nbsp;&nbsp;&nbsp;GUI_Error
<LI><a href="#[126]">&gt;&gt;</a>&nbsp;&nbsp;&nbsp;_GetMinIndex
</UL>
<BR>[Called By]<UL><LI><a href="#[129]">&gt;&gt;</a>&nbsp;&nbsp;&nbsp;_RemoveHoles
<LI><a href="#[83]">&gt;&gt;</a>&nbsp;&nbsp;&nbsp;_Alloc
<LI><a href="#[85]">&gt;&gt;</a>&nbsp;&nbsp;&nbsp;_AddFreeMemory
</UL>

<P><STRONG><a name="[129]"></a>_RemoveHoles</STRONG> (Thumb, 178 bytes, Stack size 40 bytes, gui_alloc.o(i._RemoveHoles))
<BR><BR>[Stack]<UL><LI>Max Depth = 80<LI>Call Chain = _RemoveHoles &rArr; _AddFreeMemory &rArr; _RemoveFreeBlock
</UL>
<BR>[Calls]<UL><LI><a href="#[131]">&gt;&gt;</a>&nbsp;&nbsp;&nbsp;GUI_Error
<LI><a href="#[125]">&gt;&gt;</a>&nbsp;&nbsp;&nbsp;_RemoveFreeBlock
<LI><a href="#[85]">&gt;&gt;</a>&nbsp;&nbsp;&nbsp;_AddFreeMemory
<LI><a href="#[137]">&gt;&gt;</a>&nbsp;&nbsp;&nbsp;__aeabi_memmove
</UL>
<BR>[Called By]<UL><LI><a href="#[83]">&gt;&gt;</a>&nbsp;&nbsp;&nbsp;_Alloc
</UL>

<P><STRONG><a name="[130]"></a>_TestRAM</STRONG> (Thumb, 234 bytes, Stack size 20 bytes, gui_alloc.o(i._TestRAM))
<BR><BR>[Stack]<UL><LI>Max Depth = 20<LI>Call Chain = _TestRAM
</UL>
<BR>[Called By]<UL><LI><a href="#[88]">&gt;&gt;</a>&nbsp;&nbsp;&nbsp;_InitOnce
</UL>

<P><STRONG><a name="[127]"></a>_WriteTagData</STRONG> (Thumb, 14 bytes, Stack size 0 bytes, gui_alloc.o(i._WriteTagData))
<BR><BR>[Called By]<UL><LI><a href="#[83]">&gt;&gt;</a>&nbsp;&nbsp;&nbsp;_Alloc
<LI><a href="#[85]">&gt;&gt;</a>&nbsp;&nbsp;&nbsp;_AddFreeMemory
</UL>

<P><STRONG><a name="[92]"></a>_UnlinkDevice</STRONG> (Thumb, 42 bytes, Stack size 0 bytes, gui_device.o(i._UnlinkDevice))
<BR><BR>[Called By]<UL><LI><a href="#[91]">&gt;&gt;</a>&nbsp;&nbsp;&nbsp;GUI_DEVICE_Unlink
</UL>

<P><STRONG><a name="[aa]"></a>_SetMinMax</STRONG> (Thumb, 42 bytes, Stack size 0 bytes, gui_touch_driveranalog.o(i._SetMinMax))
<BR><BR>[Called By]<UL><LI><a href="#[a9]">&gt;&gt;</a>&nbsp;&nbsp;&nbsp;GUI_TOUCH_Exec
</UL>

<P><STRONG><a name="[b1]"></a>_StoreUnstable</STRONG> (Thumb, 44 bytes, Stack size 8 bytes, gui_touch_driveranalog.o(i._StoreUnstable))
<BR><BR>[Stack]<UL><LI>Max Depth = 48<LI>Call Chain = _StoreUnstable &rArr; GUI_TOUCH_StoreUnstable &rArr; GUI_TOUCH_StoreState &rArr; GUI_TOUCH_StoreStateEx &rArr; GUI_PID_StoreState &rArr; _StoreState
</UL>
<BR>[Calls]<UL><LI><a href="#[b5]">&gt;&gt;</a>&nbsp;&nbsp;&nbsp;GUI_TOUCH_StoreUnstable
</UL>
<BR>[Called By]<UL><LI><a href="#[a9]">&gt;&gt;</a>&nbsp;&nbsp;&nbsp;GUI_TOUCH_Exec
</UL>

<P><STRONG><a name="[c8]"></a>_GetDevProp</STRONG> (Thumb, 30 bytes, Stack size 16 bytes, lcd_getex.o(i._GetDevProp))
<BR><BR>[Stack]<UL><LI>Max Depth = 16<LI>Call Chain = _GetDevProp
</UL>
<BR>[Calls]<UL><LI><a href="#[c7]">&gt;&gt;</a>&nbsp;&nbsp;&nbsp;GUI_DEVICE__GetpDriver
</UL>
<BR>[Called By]<UL><LI><a href="#[b0]">&gt;&gt;</a>&nbsp;&nbsp;&nbsp;LCD_GetYSizeEx
<LI><a href="#[af]">&gt;&gt;</a>&nbsp;&nbsp;&nbsp;LCD_GetXSizeEx
</UL>

<P><STRONG><a name="[12a]"></a>_CreateBuffer</STRONG> (Thumb, 152 bytes, Stack size 24 bytes, gui_sprite.o(i._CreateBuffer))
<BR><BR>[Stack]<UL><LI>Max Depth = 192<LI>Call Chain = _CreateBuffer &rArr; GUI_ALLOC_GetMaxSize &rArr; _InitOnce &rArr; _EnlargeBlocks &rArr; _Alloc &rArr;  _InitOnce (Cycle)
</UL>
<BR>[Calls]<UL><LI><a href="#[c7]">&gt;&gt;</a>&nbsp;&nbsp;&nbsp;GUI_DEVICE__GetpDriver
<LI><a href="#[89]">&gt;&gt;</a>&nbsp;&nbsp;&nbsp;GUI_ALLOC_LockH
<LI><a href="#[87]">&gt;&gt;</a>&nbsp;&nbsp;&nbsp;GUI_ALLOC_GetMaxSize
<LI><a href="#[82]">&gt;&gt;</a>&nbsp;&nbsp;&nbsp;GUI_ALLOC_AllocNoInit
</UL>
<BR>[Called By]<UL><LI><a href="#[a5]">&gt;&gt;</a>&nbsp;&nbsp;&nbsp;_SetPosition
</UL>

<P><STRONG><a name="[12d]"></a>_FlushBuffer</STRONG> (Thumb, 116 bytes, Stack size 48 bytes, gui_sprite.o(i._FlushBuffer))
<BR><BR>[Stack]<UL><LI>Max Depth = 56<LI>Call Chain = _FlushBuffer &rArr; GUI__CompactPixelIndices
</UL>
<BR>[Calls]<UL><LI><a href="#[12e]">&gt;&gt;</a>&nbsp;&nbsp;&nbsp;GUI__CompactPixelIndices
</UL>
<BR>[Called By]<UL><LI><a href="#[13b]">&gt;&gt;</a>&nbsp;&nbsp;&nbsp;_SetSpriteBkPixel
<LI><a href="#[136]">&gt;&gt;</a>&nbsp;&nbsp;&nbsp;_ReleaseBuffer
</UL>

<P><STRONG><a name="[12f]"></a>_GetBkPixel</STRONG> (Thumb, 108 bytes, Stack size 32 bytes, gui_sprite.o(i._GetBkPixel))
<BR><BR>[Stack]<UL><LI>Max Depth = 48<LI>Call Chain = _GetBkPixel &rArr; GUI_GetBitmapPixelIndex &rArr; GUI_GetBitmapPixelIndexEx
</UL>
<BR>[Calls]<UL><LI><a href="#[93]">&gt;&gt;</a>&nbsp;&nbsp;&nbsp;GUI_GetBitmapPixelIndex
</UL>
<BR>[Called By]<UL><LI><a href="#[a5]">&gt;&gt;</a>&nbsp;&nbsp;&nbsp;_SetPosition
</UL>

<P><STRONG><a name="[136]"></a>_ReleaseBuffer</STRONG> (Thumb, 28 bytes, Stack size 16 bytes, gui_sprite.o(i._ReleaseBuffer))
<BR><BR>[Stack]<UL><LI>Max Depth = 72<LI>Call Chain = _ReleaseBuffer &rArr; _FlushBuffer &rArr; GUI__CompactPixelIndices
</UL>
<BR>[Calls]<UL><LI><a href="#[9a]">&gt;&gt;</a>&nbsp;&nbsp;&nbsp;GUI_ALLOC_UnlockH
<LI><a href="#[84]">&gt;&gt;</a>&nbsp;&nbsp;&nbsp;GUI_ALLOC_Free
<LI><a href="#[12d]">&gt;&gt;</a>&nbsp;&nbsp;&nbsp;_FlushBuffer
</UL>
<BR>[Called By]<UL><LI><a href="#[a5]">&gt;&gt;</a>&nbsp;&nbsp;&nbsp;_SetPosition
</UL>

<P><STRONG><a name="[a5]"></a>_SetPosition</STRONG> (Thumb, 680 bytes, Stack size 208 bytes, gui_sprite.o(i._SetPosition))
<BR><BR>[Stack]<UL><LI>Max Depth = 400<LI>Call Chain = _SetPosition &rArr; _CreateBuffer &rArr; GUI_ALLOC_GetMaxSize &rArr; _InitOnce &rArr; _EnlargeBlocks &rArr; _Alloc &rArr;  _InitOnce (Cycle)
</UL>
<BR>[Calls]<UL><LI><a href="#[9a]">&gt;&gt;</a>&nbsp;&nbsp;&nbsp;GUI_ALLOC_UnlockH
<LI><a href="#[89]">&gt;&gt;</a>&nbsp;&nbsp;&nbsp;GUI_ALLOC_LockH
<LI><a href="#[9b]">&gt;&gt;</a>&nbsp;&nbsp;&nbsp;GUI_MEMDEV_Select
<LI><a href="#[93]">&gt;&gt;</a>&nbsp;&nbsp;&nbsp;GUI_GetBitmapPixelIndex
<LI><a href="#[13b]">&gt;&gt;</a>&nbsp;&nbsp;&nbsp;_SetSpriteBkPixel
<LI><a href="#[136]">&gt;&gt;</a>&nbsp;&nbsp;&nbsp;_ReleaseBuffer
<LI><a href="#[12f]">&gt;&gt;</a>&nbsp;&nbsp;&nbsp;_GetBkPixel
<LI><a href="#[12a]">&gt;&gt;</a>&nbsp;&nbsp;&nbsp;_CreateBuffer
</UL>
<BR>[Called By]<UL><LI><a href="#[8e]">&gt;&gt;</a>&nbsp;&nbsp;&nbsp;GUI_SPRITE_SetPosition
</UL>

<P><STRONG><a name="[13b]"></a>_SetSpriteBkPixel</STRONG> (Thumb, 74 bytes, Stack size 24 bytes, gui_sprite.o(i._SetSpriteBkPixel))
<BR><BR>[Stack]<UL><LI>Max Depth = 80<LI>Call Chain = _SetSpriteBkPixel &rArr; _FlushBuffer &rArr; GUI__CompactPixelIndices
</UL>
<BR>[Calls]<UL><LI><a href="#[12d]">&gt;&gt;</a>&nbsp;&nbsp;&nbsp;_FlushBuffer
</UL>
<BR>[Called By]<UL><LI><a href="#[a5]">&gt;&gt;</a>&nbsp;&nbsp;&nbsp;_SetPosition
</UL>

<P><STRONG><a name="[6e]"></a>_SetBkColor</STRONG> (Thumb, 28 bytes, Stack size 8 bytes, lcd.o(i._SetBkColor))
<BR><BR>[Stack]<UL><LI>Max Depth = 8<LI>Call Chain = _SetBkColor
</UL>
<BR>[Calls]<UL><LI><a href="#[d5]">&gt;&gt;</a>&nbsp;&nbsp;&nbsp;LCD_SetBkColorIndex
<LI><a href="#[ca]">&gt;&gt;</a>&nbsp;&nbsp;&nbsp;LCD_Color2Index
</UL>
<BR>[Address Reference Count : 1]<UL><LI> lcd.o(.constdata)
</UL>
<P><STRONG><a name="[6d]"></a>_SetColor</STRONG> (Thumb, 28 bytes, Stack size 8 bytes, lcd.o(i._SetColor))
<BR><BR>[Stack]<UL><LI>Max Depth = 8<LI>Call Chain = _SetColor
</UL>
<BR>[Calls]<UL><LI><a href="#[d4]">&gt;&gt;</a>&nbsp;&nbsp;&nbsp;LCD_SetColorIndex
<LI><a href="#[ca]">&gt;&gt;</a>&nbsp;&nbsp;&nbsp;LCD_Color2Index
</UL>
<BR>[Address Reference Count : 1]<UL><LI> lcd.o(.constdata)
</UL>
<P><STRONG><a name="[6f]"></a>_SetDrawMode</STRONG> (Thumb, 40 bytes, Stack size 12 bytes, lcd.o(i._SetDrawMode))
<BR><BR>[Stack]<UL><LI>Max Depth = 12<LI>Call Chain = _SetDrawMode
</UL>
<BR>[Address Reference Count : 1]<UL><LI> lcd.o(.constdata)
</UL>
<P><STRONG><a name="[120]"></a>_DesktopHandle2Index</STRONG> (Thumb, 28 bytes, Stack size 0 bytes, wm.o(i._DesktopHandle2Index))
<BR><BR>[Called By]<UL><LI><a href="#[115]">&gt;&gt;</a>&nbsp;&nbsp;&nbsp;WM__ClipAtParentBorders
</UL>

<P><STRONG><a name="[11a]"></a>_Invalidate1Abs</STRONG> (Thumb, 122 bytes, Stack size 32 bytes, wm.o(i._Invalidate1Abs))
<BR><BR>[Stack]<UL><LI>Max Depth = 48<LI>Call Chain = _Invalidate1Abs &rArr; GUI__IntersectRects
</UL>
<BR>[Calls]<UL><LI><a href="#[8a]">&gt;&gt;</a>&nbsp;&nbsp;&nbsp;GUI_ALLOC_h2p
<LI><a href="#[9a]">&gt;&gt;</a>&nbsp;&nbsp;&nbsp;GUI_ALLOC_UnlockH
<LI><a href="#[89]">&gt;&gt;</a>&nbsp;&nbsp;&nbsp;GUI_ALLOC_LockH
<LI><a href="#[119]">&gt;&gt;</a>&nbsp;&nbsp;&nbsp;GUI__IntersectRects
<LI><a href="#[a4]">&gt;&gt;</a>&nbsp;&nbsp;&nbsp;GUI_SignalEvent
<LI><a href="#[134]">&gt;&gt;</a>&nbsp;&nbsp;&nbsp;GUI_MergeRect
<LI><a href="#[133]">&gt;&gt;</a>&nbsp;&nbsp;&nbsp;WM__RectIsNZ
</UL>
<BR>[Called By]<UL><LI><a href="#[122]">&gt;&gt;</a>&nbsp;&nbsp;&nbsp;WM__InvalidateRect
<LI><a href="#[116]">&gt;&gt;</a>&nbsp;&nbsp;&nbsp;WM__Invalidate1Abs
<LI><a href="#[118]">&gt;&gt;</a>&nbsp;&nbsp;&nbsp;WM_InvalidateWindowAndDescsEx
</UL>

<P><STRONG><a name="[13c]"></a>_DecPointer</STRONG> (Thumb, 16 bytes, Stack size 0 bytes, gui_pid.o(i._DecPointer))
<BR><BR>[Called By]<UL><LI><a href="#[a3]">&gt;&gt;</a>&nbsp;&nbsp;&nbsp;_StoreState
</UL>

<P><STRONG><a name="[a1]"></a>_IncPointer</STRONG> (Thumb, 16 bytes, Stack size 0 bytes, gui_pid.o(i._IncPointer))
<BR><BR>[Called By]<UL><LI><a href="#[a0]">&gt;&gt;</a>&nbsp;&nbsp;&nbsp;GUI_PID_GetState
<LI><a href="#[a3]">&gt;&gt;</a>&nbsp;&nbsp;&nbsp;_StoreState
</UL>

<P><STRONG><a name="[a3]"></a>_StoreState</STRONG> (Thumb, 82 bytes, Stack size 16 bytes, gui_pid.o(i._StoreState))
<BR><BR>[Stack]<UL><LI>Max Depth = 16<LI>Call Chain = _StoreState
</UL>
<BR>[Calls]<UL><LI><a href="#[a1]">&gt;&gt;</a>&nbsp;&nbsp;&nbsp;_IncPointer
<LI><a href="#[13c]">&gt;&gt;</a>&nbsp;&nbsp;&nbsp;_DecPointer
</UL>
<BR>[Called By]<UL><LI><a href="#[a2]">&gt;&gt;</a>&nbsp;&nbsp;&nbsp;GUI_PID_StoreState
</UL>

<P><STRONG><a name="[138]"></a>_Screen2hWin</STRONG> (Thumb, 90 bytes, Stack size 32 bytes, wm_screen2win.o(i._Screen2hWin))
<BR><BR>[Stack]<UL><LI>Max Depth = 32 + In Cycle
<LI>Call Chain = _Screen2hWin &rArr;  _Screen2hWin (Cycle)
</UL>
<BR>[Calls]<UL><LI><a href="#[8a]">&gt;&gt;</a>&nbsp;&nbsp;&nbsp;GUI_ALLOC_h2p
<LI><a href="#[9a]">&gt;&gt;</a>&nbsp;&nbsp;&nbsp;GUI_ALLOC_UnlockH
<LI><a href="#[89]">&gt;&gt;</a>&nbsp;&nbsp;&nbsp;GUI_ALLOC_LockH
<LI><a href="#[139]">&gt;&gt;</a>&nbsp;&nbsp;&nbsp;WM__IsInWindow
<LI><a href="#[138]">&gt;&gt;</a>&nbsp;&nbsp;&nbsp;_Screen2hWin
</UL>
<BR>[Called By]<UL><LI><a href="#[11d]">&gt;&gt;</a>&nbsp;&nbsp;&nbsp;_Screen2hWinStop
<LI><a href="#[138]">&gt;&gt;</a>&nbsp;&nbsp;&nbsp;_Screen2hWin
</UL>

<P><STRONG><a name="[11d]"></a>_Screen2hWinStop</STRONG> (Thumb, 30 bytes, Stack size 16 bytes, wm_screen2win.o(i._Screen2hWinStop))
<BR><BR>[Stack]<UL><LI>Max Depth = 48<LI>Call Chain = _Screen2hWinStop &rArr; _Screen2hWin &rArr;  _Screen2hWin (Cycle)
</UL>
<BR>[Calls]<UL><LI><a href="#[13a]">&gt;&gt;</a>&nbsp;&nbsp;&nbsp;WM_GetDesktopWindowEx
<LI><a href="#[138]">&gt;&gt;</a>&nbsp;&nbsp;&nbsp;_Screen2hWin
</UL>
<BR>[Called By]<UL><LI><a href="#[108]">&gt;&gt;</a>&nbsp;&nbsp;&nbsp;WM_Screen2hWin
</UL>

<P><STRONG><a name="[11c]"></a>WM__ReleaseCapture</STRONG> (Thumb, 36 bytes, Stack size 32 bytes, wm_setcapture.o(i.WM__ReleaseCapture))
<BR><BR>[Stack]<UL><LI>Max Depth = 216<LI>Call Chain = WM__ReleaseCapture &rArr; WM__SendMessage &rArr; WM_DefaultProc &rArr; WM_InvalidateWindow &rArr; WM_InvalidateRect &rArr; WM__InvalidateRectEx &rArr; WM__InvalidateRect &rArr;  WM__InvalidateRect (Cycle)
</UL>
<BR>[Calls]<UL><LI><a href="#[11e]">&gt;&gt;</a>&nbsp;&nbsp;&nbsp;WM__SendMessage
</UL>
<BR>[Called By]<UL><LI><a href="#[10e]">&gt;&gt;</a>&nbsp;&nbsp;&nbsp;WM_ReleaseCapture
</UL>
<P>
<H3>
Undefined Global Symbols
</H3><HR></body></html>
