ARM Linker, 5.03 [Build 76] [MDK-ARM Professional]

==============================================================================

Section Cross References

    main.o(i.main) refers to bsp.o(i.bsp_Init) for bsp_Init
    main.o(i.main) refers to bsp_led.o(i.bsp_LedToggle) for bsp_LedToggle
    main.o(i.main) refers to bsp_timer.o(i.bsp_DelayMS) for bsp_DelayMS
    bsp_uart.o(i.bsp_InitUart) refers to stm32f4xx_rcc.o(i.RCC_AHB1PeriphClockCmd) for RCC_AHB1PeriphClockCmd
    bsp_uart.o(i.bsp_InitUart) refers to stm32f4xx_rcc.o(i.RCC_APB2PeriphClockCmd) for RCC_APB2PeriphClockCmd
    bsp_uart.o(i.bsp_InitUart) refers to stm32f4xx_gpio.o(i.GPIO_PinAFConfig) for GPIO_PinAFConfig
    bsp_uart.o(i.bsp_InitUart) refers to stm32f4xx_gpio.o(i.GPIO_Init) for GPIO_Init
    bsp_uart.o(i.bsp_InitUart) refers to stm32f4xx_usart.o(i.USART_Init) for USART_Init
    bsp_uart.o(i.bsp_InitUart) refers to stm32f4xx_usart.o(i.USART_Cmd) for USART_Cmd
    bsp_uart.o(i.bsp_InitUart) refers to stm32f4xx_usart.o(i.USART_ClearFlag) for USART_ClearFlag
    bsp_fsmc_sram.o(i.bsp_InitExtSRAM) refers to stm32f4xx_rcc.o(i.RCC_AHB1PeriphClockCmd) for RCC_AHB1PeriphClockCmd
    bsp_fsmc_sram.o(i.bsp_InitExtSRAM) refers to stm32f4xx_rcc.o(i.RCC_AHB3PeriphClockCmd) for RCC_AHB3PeriphClockCmd
    bsp_fsmc_sram.o(i.bsp_InitExtSRAM) refers to stm32f4xx_gpio.o(i.GPIO_PinAFConfig) for GPIO_PinAFConfig
    bsp_fsmc_sram.o(i.bsp_InitExtSRAM) refers to stm32f4xx_gpio.o(i.GPIO_Init) for GPIO_Init
    bsp_fsmc_sram.o(i.bsp_InitExtSRAM) refers to stm32f4xx_fsmc.o(i.FSMC_NORSRAMInit) for FSMC_NORSRAMInit
    bsp_fsmc_sram.o(i.bsp_InitExtSRAM) refers to stm32f4xx_fsmc.o(i.FSMC_NORSRAMCmd) for FSMC_NORSRAMCmd
    bsp_key.o(i.IsKeyDown10) refers to bsp_key.o(i.IsKeyDown1) for IsKeyDown1
    bsp_key.o(i.IsKeyDown10) refers to bsp_key.o(i.IsKeyDown2) for IsKeyDown2
    bsp_key.o(i.IsKeyDown9) refers to bsp_key.o(i.IsKeyDown1) for IsKeyDown1
    bsp_key.o(i.IsKeyDown9) refers to bsp_key.o(i.IsKeyDown2) for IsKeyDown2
    bsp_key.o(i.bsp_DetectKey) refers to bsp_key.o(i.bsp_PutKey) for bsp_PutKey
    bsp_key.o(i.bsp_DetectKey) refers to bsp_key.o(.bss) for s_tBtn
    bsp_key.o(i.bsp_GetKey) refers to bsp_key.o(.bss) for s_tKey
    bsp_key.o(i.bsp_GetKey2) refers to bsp_key.o(.bss) for s_tKey
    bsp_key.o(i.bsp_GetKeyState) refers to bsp_key.o(.bss) for s_tBtn
    bsp_key.o(i.bsp_InitKey) refers to bsp_key.o(i.bsp_InitKeyVar) for bsp_InitKeyVar
    bsp_key.o(i.bsp_InitKey) refers to bsp_key.o(i.bsp_InitKeyHard) for bsp_InitKeyHard
    bsp_key.o(i.bsp_InitKeyHard) refers to stm32f4xx_rcc.o(i.RCC_AHB1PeriphClockCmd) for RCC_AHB1PeriphClockCmd
    bsp_key.o(i.bsp_InitKeyHard) refers to stm32f4xx_gpio.o(i.GPIO_Init) for GPIO_Init
    bsp_key.o(i.bsp_InitKeyVar) refers to bsp_key.o(.bss) for s_tKey
    bsp_key.o(i.bsp_InitKeyVar) refers to bsp_key.o(i.IsKeyDown1) for IsKeyDown1
    bsp_key.o(i.bsp_InitKeyVar) refers to bsp_key.o(i.IsKeyDown2) for IsKeyDown2
    bsp_key.o(i.bsp_InitKeyVar) refers to bsp_key.o(i.IsKeyDown3) for IsKeyDown3
    bsp_key.o(i.bsp_InitKeyVar) refers to bsp_key.o(i.IsKeyDown4) for IsKeyDown4
    bsp_key.o(i.bsp_InitKeyVar) refers to bsp_key.o(i.IsKeyDown5) for IsKeyDown5
    bsp_key.o(i.bsp_InitKeyVar) refers to bsp_key.o(i.IsKeyDown6) for IsKeyDown6
    bsp_key.o(i.bsp_InitKeyVar) refers to bsp_key.o(i.IsKeyDown7) for IsKeyDown7
    bsp_key.o(i.bsp_InitKeyVar) refers to bsp_key.o(i.IsKeyDown8) for IsKeyDown8
    bsp_key.o(i.bsp_InitKeyVar) refers to bsp_key.o(i.IsKeyDown9) for IsKeyDown9
    bsp_key.o(i.bsp_InitKeyVar) refers to bsp_key.o(i.IsKeyDown10) for IsKeyDown10
    bsp_key.o(i.bsp_KeyScan) refers to bsp_key.o(i.bsp_DetectKey) for bsp_DetectKey
    bsp_key.o(i.bsp_PutKey) refers to bsp_key.o(.bss) for s_tKey
    bsp_led.o(i.bsp_InitLed) refers to stm32f4xx_rcc.o(i.RCC_AHB1PeriphClockCmd) for RCC_AHB1PeriphClockCmd
    bsp_led.o(i.bsp_InitLed) refers to bsp_led.o(i.bsp_LedOff) for bsp_LedOff
    bsp_led.o(i.bsp_InitLed) refers to stm32f4xx_gpio.o(i.GPIO_Init) for GPIO_Init
    bsp_printf.o(i.fgetc) refers to stm32f4xx_usart.o(i.USART_GetFlagStatus) for USART_GetFlagStatus
    bsp_printf.o(i.fgetc) refers to stm32f4xx_usart.o(i.USART_ReceiveData) for USART_ReceiveData
    bsp_printf.o(i.fputc) refers to stm32f4xx_usart.o(i.USART_SendData) for USART_SendData
    bsp_printf.o(i.fputc) refers to stm32f4xx_usart.o(i.USART_GetFlagStatus) for USART_GetFlagStatus
    bsp_sdio_sd.o(i.CmdError) refers to stm32f4xx_sdio.o(i.SDIO_GetFlagStatus) for SDIO_GetFlagStatus
    bsp_sdio_sd.o(i.CmdError) refers to stm32f4xx_sdio.o(i.SDIO_ClearFlag) for SDIO_ClearFlag
    bsp_sdio_sd.o(i.CmdResp1Error) refers to stm32f4xx_sdio.o(i.SDIO_ClearFlag) for SDIO_ClearFlag
    bsp_sdio_sd.o(i.CmdResp1Error) refers to stm32f4xx_sdio.o(i.SDIO_GetCommandResponse) for SDIO_GetCommandResponse
    bsp_sdio_sd.o(i.CmdResp1Error) refers to stm32f4xx_sdio.o(i.SDIO_GetResponse) for SDIO_GetResponse
[...]
    i.__scatterload_zeroinit                 0x080041de   Section       14  handlers.o(i.__scatterload_zeroinit)
    i.__set_PRIMASK                          0x080041ec   Section        0  bsp_timer.o(i.__set_PRIMASK)
    __set_PRIMASK                            0x080041ed   Thumb Code     6  bsp_timer.o(i.__set_PRIMASK)
    i.bsp_DelayMS                            0x080041f4   Section        0  bsp_timer.o(i.bsp_DelayMS)
    i.bsp_Init                               0x08004234   Section        0  bsp.o(i.bsp_Init)
    i.bsp_InitKey                            0x0800425c   Section        0  bsp_key.o(i.bsp_InitKey)
    i.bsp_InitKeyHard                        0x08004268   Section        0  bsp_key.o(i.bsp_InitKeyHard)
    bsp_InitKeyHard                          0x08004269   Thumb Code   128  bsp_key.o(i.bsp_InitKeyHard)
    i.bsp_InitKeyVar                         0x080042f0   Section        0  bsp_key.o(i.bsp_InitKeyVar)
    bsp_InitKeyVar                           0x080042f1   Thumb Code   164  bsp_key.o(i.bsp_InitKeyVar)
    i.bsp_InitLed                            0x080043c4   Section        0  bsp_led.o(i.bsp_InitLed)
    i.bsp_InitTimer                          0x08004434   Section        0  bsp_timer.o(i.bsp_InitTimer)
    i.bsp_InitUart                           0x080044cc   Section        0  bsp_uart.o(i.bsp_InitUart)
    i.bsp_LedOff                             0x0800456c   Section        0  bsp_led.o(i.bsp_LedOff)
    i.bsp_LedToggle                          0x080045a4   Section        0  bsp_led.o(i.bsp_LedToggle)
    i.bsp_RunPer10ms                         0x080045f0   Section        0  bsp.o(i.bsp_RunPer10ms)
    i.bsp_RunPer1ms                          0x08004614   Section        0  bsp.o(i.bsp_RunPer1ms)
    i.bsp_SoftTimerDec                       0x08004616   Section        0  bsp_timer.o(i.bsp_SoftTimerDec)
    bsp_SoftTimerDec                         0x08004617   Thumb Code    28  bsp_timer.o(i.bsp_SoftTimerDec)
    i.main                                   0x08004632   Section        0  main.o(i.main)
    .constdata                               0x0800466c   Section      871  gui_alloc.o(.constdata)
    .constdata                               0x080049d4   Section       12  lcd.o(.constdata)
    _SetColorAPI                             0x080049d4   Data          12  lcd.o(.constdata)
    .constdata                               0x080049e0   Section     1304  f6x8.o(.constdata)
    GUI_acFont6x8                            0x080049e0   Data        1304  f6x8.o(.constdata)
    .constdata                               0x08004ef8   Section      448  f6x8.o(.constdata)
    GUI_F6x8_TL8859_1                        0x08004ef8   Data         448  f6x8.o(.constdata)
    .constdata                               0x080050b8   Section        8  f6x8.o(.constdata)
    GUI_F6x8_TI8859_1                        0x080050b8   Data           8  f6x8.o(.constdata)
    .constdata                               0x080050c0   Section       20  f6x8.o(.constdata)
    GUI_F6x8_Mono                            0x080050c0   Data          20  f6x8.o(.constdata)
    .constdata                               0x080050d4   Section       36  f6x8.o(.constdata)
    .data                                    0x20000000   Section       13  bsp_timer.o(.data)
    s_uiDelayCount                           0x20000000   Data           4  bsp_timer.o(.data)
    s_ucTimeOutFlag                          0x20000004   Data           1  bsp_timer.o(.data)
    s_count                                  0x2000000c   Data           1  bsp_timer.o(.data)
    .data                                    0x2000000d   Section       16  stm32f4xx_rcc.o(.data)
    APBAHBPrescTable                         0x2000000d   Data          16  stm32f4xx_rcc.o(.data)
    .data                                    0x20000020   Section       20  system_stm32f4xx.o(.data)
    .data                                    0x20000034   Section        7  bsp_tft_lcd.o(.data)
    .data                                    0x2000003b   Section        1  bsp_touch.o(.data)
    .data                                    0x2000003c   Section        1  lcd_spfd5420.o(.data)
    s_RGBChgEn                               0x2000003c   Data           1  lcd_spfd5420.o(.data)
    .data                                    0x2000003e   Section       15  lcd_ra8875.o(.data)
    s_ucRA8875Busy                           0x2000003e   Data           1  lcd_ra8875.o(.data)
    s_WinX                                   0x20000040   Data           2  lcd_ra8875.o(.data)
    s_WinY                                   0x20000042   Data           2  lcd_ra8875.o(.data)
    s_WinHeight                              0x20000044   Data           2  lcd_ra8875.o(.data)
    s_WinWidth                               0x20000046   Data           2  lcd_ra8875.o(.data)
    s_usTouchX                               0x20000048   Data           2  lcd_ra8875.o(.data)
    s_usTouchY                               0x2000004a   Data           2  lcd_ra8875.o(.data)
    .data                                    0x2000004d   Section        1  guidrv_template.o(.data)
    .data                                    0x20000050   Section       20  gui_alloc.o(.data)
    RegisterExit                             0x20000050   Data           8  gui_alloc.o(.data)
    _Config                                  0x20000058   Data          12  gui_alloc.o(.data)
    .data                                    0x20000064   Section       36  gui_core.o(.data)
    _pFirstExit                              0x20000078   Data           4  gui_core.o(.data)
    _IsInitialized                           0x2000007c   Data           4  gui_core.o(.data)
    RegisterExit                             0x20000080   Data           8  gui_core.o(.data)
    .data                                    0x20000088   Section        4  gui_core.o(.data)
    .data                                    0x2000008c   Section        4  gui_core.o(.data)
    .data                                    0x20000090   Section        4  gui_core.o(.data)
    .data                                    0x20000094   Section        2  gui_core.o(.data)
    .data                                    0x20000096   Section        2  gui_core.o(.data)
    .data                                    0x20000098   Section       48  gui_touch_driveranalog.o(.data)
    ReadState                                0x20000098   Data           1  gui_touch_driveranalog.o(.data)
    _OrientationPhys                         0x2000009c   Data           4  gui_touch_driveranalog.o(.data)
    _xLast                                   0x200000a0   Data           4  gui_touch_driveranalog.o(.data)
    _yLast                                   0x200000a4   Data           4  gui_touch_driveranalog.o(.data)
    _xPhys                                   0x200000a8   Data           4  gui_touch_driveranalog.o(.data)
    _yPhys                                   0x200000ac   Data           4  gui_touch_driveranalog.o(.data)
    _OrientationLog                          0x200000b0   Data           4  gui_touch_driveranalog.o(.data)
    _CalibrationDone                         0x200000b4   Data           4  gui_touch_driveranalog.o(.data)
    _xMin                                    0x200000b8   Data           4  gui_touch_driveranalog.o(.data)
    _xMax                                    0x200000bc   Data           4  gui_touch_driveranalog.o(.data)
    _yMin                                    0x200000c0   Data           4  gui_touch_driveranalog.o(.data)
    _yMax                                    0x200000c4   Data           4  gui_touch_driveranalog.o(.data)
    .data                                    0x200000c8   Section        4  gui_error.o(.data)
    _pfOnError                               0x200000c8   Data           4  gui_error.o(.data)
    .data                                    0x200000cc   Section        8  gui_touch_storeunstable.o(.data)
    _x                                       0x200000cc   Data           4  gui_touch_storeunstable.o(.data)
    _y                                       0x200000d0   Data           4  gui_touch_storeunstable.o(.data)
    .data                                    0x200000d4   Section        4  lcd.o(.data)
    .data                                    0x200000d8   Section       16  lcd_color.o(.data)
    _NumColors                               0x200000d8   Data           4  lcd_color.o(.data)
    RegisterExit                             0x200000e0   Data           8  lcd_color.o(.data)
    .data                                    0x200000e8   Section       56  wm.o(.data)
    _IsInited                                0x200000e9   Data           1  wm.o(.data)
    _NextDrawWin                             0x20000110   Data           4  wm.o(.data)
    _DeleteWindows                           0x20000114   Data           4  wm.o(.data)
    RegisterExit                             0x20000118   Data           8  wm.o(.data)
    .data                                    0x20000120   Section        1  wm.o(.data)
    .data                                    0x20000124   Section        8  gui_pid.o(.data)
    _pRead                                   0x20000124   Data           4  gui_pid.o(.data)
    _pWrite                                  0x20000128   Data           4  gui_pid.o(.data)
    .data                                    0x2000012c   Section       12  gui_waitevent.o(.data)
    _pfSignalEvent                           0x2000012c   Data           4  gui_waitevent.o(.data)
    _pfWaitEvent                             0x20000130   Data           4  gui_waitevent.o(.data)
    _pfWaitEventTimed                        0x20000134   Data           4  gui_waitevent.o(.data)
    .data                                    0x20000138   Section        4  wm__sendmessage.o(.data)
    _EntranceCnt                             0x20000138   Data           4  wm__sendmessage.o(.data)
    .data                                    0x2000013c   Section        8  wm_touch.o(.data)
    _pcbMotion                               0x2000013c   Data           4  wm_touch.o(.data)
    _pcbToolTip                              0x20000140   Data           4  wm_touch.o(.data)
    .bss                                     0x20000144   Section      173  bsp_key.o(.bss)
    s_tBtn                                   0x20000144   Data         160  bsp_key.o(.bss)
    s_tKey                                   0x200001e4   Data          13  bsp_key.o(.bss)
    .bss                                     0x200001f4   Section       48  bsp_timer.o(.bss)
    s_tTmr                                   0x200001f4   Data          48  bsp_timer.o(.bss)
    .bss                                     0x20000224   Section       10  bsp_touch.o(.bss)
    .bss                                     0x20000230   Section      188  gui_alloc.o(.bss)
    .bss                                     0x200002ec   Section      232  gui_core.o(.bss)
    GUI__Context                             0x200002ec   Data         172  gui_core.o(.bss)
    .bss                                     0x200003d4   Section      300  gui_curs1.o(.bss)
    _aCursorContext                          0x200003d4   Data         300  gui_curs1.o(.bss)
    .bss                                     0x20000500   Section       16  gui_touch_driveranalog.o(.bss)
    _xyMinMax                                0x20000500   Data          16  gui_touch_driveranalog.o(.bss)
    .bss                                     0x20000510   Section       12  gui_touch_storestate.o(.bss)
    _State                                   0x20000510   Data          12  gui_touch_storestate.o(.bss)
    .bss                                     0x2000051c   Section       60  gui_selectlayer.o(.bss)
    _aCursorLayer                            0x2000051c   Data          60  gui_selectlayer.o(.bss)
    .bss                                     0x20000558   Section       12  gui_touch.o(.bss)
    _State                                   0x20000558   Data          12  gui_touch.o(.bss)
    .bss                                     0x20000564   Section      264  wm.o(.bss)
    _ClipContext                             0x20000654   Data          24  wm.o(.bss)
    .bss                                     0x2000066c   Section       72  gui_pid.o(.bss)
    _aState                                  0x2000066c   Data          72  gui_pid.o(.bss)
    .bss                                     0x200006b4   Section      540  wm_touch.o(.bss)
    _aStateLast                              0x200006b4   Data         180  wm_touch.o(.bss)
    .bss                                     0x200008d0   Section      180  wm_pid__getprevstate.o(.bss)
    _aPrevState                              0x200008d0   Data         180  wm_pid__getprevstate.o(.bss)
    STACK                                    0x20000988   Section     1024  startup_stm32f4xx.o(STACK)

    Global Symbols

    Symbol Name                              Value     Ov Type        Size  Object(Section)

    BuildAttributes$$THM_ISAv4$E$P$D$K$B$S$7EM$VFPi3$EXTD16$VFPS$VFMA$PE$A:L22UL41UL21$X:L11$S22US41US21$IEEE1$IW$USESV6$~STKCKD$USESV7$~SHL$OSPACE$ROPI$EBA8$MICROLIB$REQ8$PRES8$EABIv2 0x00000000   Number         0  anon$$obj.o ABSOLUTE
    __ARM_use_no_argv                        0x00000000   Number         0  main.o ABSOLUTE
    _printf_a                                0x00000000   Number         0  stubs.o ABSOLUTE
    _printf_c                                0x00000000   Number         0  stubs.o ABSOLUTE
    _printf_charcount                        0x00000000   Number         0  stubs.o ABSOLUTE
    _printf_d                                0x00000000   Number         0  stubs.o ABSOLUTE
    _printf_e                                0x00000000   Number         0  stubs.o ABSOLUTE
    _printf_f                                0x00000000   Number         0  stubs.o ABSOLUTE
    _printf_flags                            0x00000000   Number         0  stubs.o ABSOLUTE
    _printf_fp_dec                           0x00000000   Number         0  stubs.o ABSOLUTE
    _printf_fp_hex                           0x00000000   Number         0  stubs.o ABSOLUTE
    _printf_g                                0x00000000   Number         0  stubs.o ABSOLUTE
    _printf_i                                0x00000000   Number         0  stubs.o ABSOLUTE
    _printf_int_dec                          0x00000000   Number         0  stubs.o ABSOLUTE
    _printf_l                                0x00000000   Number         0  stubs.o ABSOLUTE
    _printf_lc                               0x00000000   Number         0  stubs.o ABSOLUTE
    _printf_ll                               0x00000000   Number         0  stubs.o ABSOLUTE
    _printf_lld                              0x00000000   Number         0  stubs.o ABSOLUTE
    _printf_lli                              0x00000000   Number         0  stubs.o ABSOLUTE
    _printf_llo                              0x00000000   Number         0  stubs.o ABSOLUTE
    _printf_llu                              0x00000000   Number         0  stubs.o ABSOLUTE
    _printf_llx                              0x00000000   Number         0  stubs.o ABSOLUTE
    _printf_longlong_dec                     0x00000000   Number         0  stubs.o ABSOLUTE
    _printf_longlong_hex                     0x00000000   Number         0  stubs.o ABSOLUTE
    _printf_longlong_oct                     0x00000000   Number         0  stubs.o ABSOLUTE
    _printf_ls                               0x00000000   Number         0  stubs.o ABSOLUTE
    _printf_mbtowc                           0x00000000   Number         0  stubs.o ABSOLUTE
    _printf_n                                0x00000000   Number         0  stubs.o ABSOLUTE
    _printf_o                                0x00000000   Number         0  stubs.o ABSOLUTE
    _printf_p                                0x00000000   Number         0  stubs.o ABSOLUTE
    _printf_percent                          0x00000000   Number         0  stubs.o ABSOLUTE
    _printf_pre_padding                      0x00000000   Number         0  stubs.o ABSOLUTE
    _printf_return_value                     0x00000000   Number         0  stubs.o ABSOLUTE
    _printf_s                                0x00000000   Number         0  stubs.o ABSOLUTE
    _printf_sizespec                         0x00000000   Number         0  stubs.o ABSOLUTE
    _printf_str                              0x00000000   Number         0  stubs.o ABSOLUTE
    _printf_truncate_signed                  0x00000000   Number         0  stubs.o ABSOLUTE
    _printf_truncate_unsigned                0x00000000   Number         0  stubs.o ABSOLUTE
    _printf_u                                0x00000000   Number         0  stubs.o ABSOLUTE
    _printf_wc                               0x00000000   Number         0  stubs.o ABSOLUTE
    _printf_wctomb                           0x00000000   Number         0  stubs.o ABSOLUTE
    _printf_widthprec                        0x00000000   Number         0  stubs.o ABSOLUTE
    _printf_x                                0x00000000   Number         0  stubs.o ABSOLUTE
    __cpp_initialize__aeabi_                  - Undefined Weak Reference
    __cxa_finalize                            - Undefined Weak Reference
    _clock_init                               - Undefined Weak Reference
    _microlib_exit                            - Undefined Weak Reference
    __Vectors_Size                           0x00000188   Number         0  startup_stm32f4xx.o ABSOLUTE
    __Vectors                                0x08000000   Data           4  startup_stm32f4xx.o(RESET)
    __Vectors_End                            0x08000188   Data           0  startup_stm32f4xx.o(RESET)
    __main                                   0x08000189   Thumb Code     0  entry.o(.ARM.Collect$$$$00000000)
    _main_stk                                0x08000189   Thumb Code     0  entry2.o(.ARM.Collect$$$$00000001)
    _main_scatterload                        0x0800018d   Thumb Code     0  entry5.o(.ARM.Collect$$$$00000004)
    __main_after_scatterload                 0x08000191   Thumb Code     0  entry5.o(.ARM.Collect$$$$00000004)
    _main_clock                              0x08000191   Thumb Code     0  entry7b.o(.ARM.Collect$$$$00000008)
    _main_cpp_init                           0x08000191   Thumb Code     0  entry8b.o(.ARM.Collect$$$$0000000A)
    _main_init                               0x08000191   Thumb Code     0  entry9a.o(.ARM.Collect$$$$0000000B)
    __rt_final_cpp                           0x08000199   Thumb Code     0  entry10a.o(.ARM.Collect$$$$0000000D)
    __rt_final_exit                          0x08000199   Thumb Code     0  entry11a.o(.ARM.Collect$$$$0000000F)
    Reset_Handler                            0x0800019d   Thumb Code     8  startup_stm32f4xx.o(.text)
    SVC_Handler                              0x080001af   Thumb Code     2  startup_stm32f4xx.o(.text)
    PendSV_Handler                           0x080001b3   Thumb Code     2  startup_stm32f4xx.o(.text)
    ADC_IRQHandler                           0x080001b7   Thumb Code     0  startup_stm32f4xx.o(.text)
    CAN1_RX0_IRQHandler                      0x080001b7   Thumb Code     0  startup_stm32f4xx.o(.text)
    CAN1_RX1_IRQHandler                      0x080001b7   Thumb Code     0  startup_stm32f4xx.o(.text)
    CAN1_SCE_IRQHandler                      0x080001b7   Thumb Code     0  startup_stm32f4xx.o(.text)
    CAN1_TX_IRQHandler                       0x080001b7   Thumb Code     0  startup_stm32f4xx.o(.text)
    CAN2_RX0_IRQHandler                      0x080001b7   Thumb Code     0  startup_stm32f4xx.o(.text)
    CAN2_RX1_IRQHandler                      0x080001b7   Thumb Code     0  startup_stm32f4xx.o(.text)
    CAN2_SCE_IRQHandler                      0x080001b7   Thumb Code     0  startup_stm32f4xx.o(.text)
    CAN2_TX_IRQHandler                       0x080001b7   Thumb Code     0  startup_stm32f4xx.o(.text)
    CRYP_IRQHandler                          0x080001b7   Thumb Code     0  startup_stm32f4xx.o(.text)
    DCMI_IRQHandler                          0x080001b7   Thumb Code     0  startup_stm32f4xx.o(.text)
    DMA1_Stream0_IRQHandler                  0x080001b7   Thumb Code     0  startup_stm32f4xx.o(.text)
    DMA1_Stream1_IRQHandler                  0x080001b7   Thumb Code     0  startup_stm32f4xx.o(.text)
    DMA1_Stream2_IRQHandler                  0x080001b7   Thumb Code     0  startup_stm32f4xx.o(.text)
    DMA1_Stream3_IRQHandler                  0x080001b7   Thumb Code     0  startup_stm32f4xx.o(.text)
    DMA1_Stream4_IRQHandler                  0x080001b7   Thumb Code     0  startup_stm32f4xx.o(.text)
    DMA1_Stream5_IRQHandler                  0x080001b7   Thumb Code     0  startup_stm32f4xx.o(.text)
    DMA1_Stream6_IRQHandler                  0x080001b7   Thumb Code     0  startup_stm32f4xx.o(.text)
    DMA1_Stream7_IRQHandler                  0x080001b7   Thumb Code     0  startup_stm32f4xx.o(.text)
    DMA2_Stream0_IRQHandler                  0x080001b7   Thumb Code     0  startup_stm32f4xx.o(.text)
    DMA2_Stream1_IRQHandler                  0x080001b7   Thumb Code     0  startup_stm32f4xx.o(.text)
    DMA2_Stream2_IRQHandler                  0x080001b7   Thumb Code     0  startup_stm32f4xx.o(.text)
    DMA2_Stream3_IRQHandler                  0x080001b7   Thumb Code     0  startup_stm32f4xx.o(.text)
    DMA2_Stream4_IRQHandler                  0x080001b7   Thumb Code     0  startup_stm32f4xx.o(.text)
    DMA2_Stream5_IRQHandler                  0x080001b7   Thumb Code     0  startup_stm32f4xx.o(.text)
    DMA2_Stream6_IRQHandler                  0x080001b7   Thumb Code     0  startup_stm32f4xx.o(.text)
    DMA2_Stream7_IRQHandler                  0x080001b7   Thumb Code     0  startup_stm32f4xx.o(.text)
    ETH_IRQHandler                           0x080001b7   Thumb Code     0  startup_stm32f4xx.o(.text)
    ETH_WKUP_IRQHandler                      0x080001b7   Thumb Code     0  startup_stm32f4xx.o(.text)
    EXTI0_IRQHandler                         0x080001b7   Thumb Code     0  startup_stm32f4xx.o(.text)
    EXTI15_10_IRQHandler                     0x080001b7   Thumb Code     0  startup_stm32f4xx.o(.text)
    EXTI1_IRQHandler                         0x080001b7   Thumb Code     0  startup_stm32f4xx.o(.text)
    EXTI2_IRQHandler                         0x080001b7   Thumb Code     0  startup_stm32f4xx.o(.text)
    EXTI3_IRQHandler                         0x080001b7   Thumb Code     0  startup_stm32f4xx.o(.text)
    EXTI4_IRQHandler                         0x080001b7   Thumb Code     0  startup_stm32f4xx.o(.text)
    EXTI9_5_IRQHandler                       0x080001b7   Thumb Code     0  startup_stm32f4xx.o(.text)
    FLASH_IRQHandler                         0x080001b7   Thumb Code     0  startup_stm32f4xx.o(.text)
    FPU_IRQHandler                           0x080001b7   Thumb Code     0  startup_stm32f4xx.o(.text)
    FSMC_IRQHandler                          0x080001b7   Thumb Code     0  startup_stm32f4xx.o(.text)
    HASH_RNG_IRQHandler                      0x080001b7   Thumb Code     0  startup_stm32f4xx.o(.text)
    I2C1_ER_IRQHandler                       0x080001b7   Thumb Code     0  startup_stm32f4xx.o(.text)
    I2C1_EV_IRQHandler                       0x080001b7   Thumb Code     0  startup_stm32f4xx.o(.text)
    I2C2_ER_IRQHandler                       0x080001b7   Thumb Code     0  startup_stm32f4xx.o(.text)
    I2C2_EV_IRQHandler                       0x080001b7   Thumb Code     0  startup_stm32f4xx.o(.text)
    I2C3_ER_IRQHandler                       0x080001b7   Thumb Code     0  startup_stm32f4xx.o(.text)
    I2C3_EV_IRQHandler                       0x080001b7   Thumb Code     0  startup_stm32f4xx.o(.text)
    OTG_FS_IRQHandler                        0x080001b7   Thumb Code     0  startup_stm32f4xx.o(.text)
    OTG_FS_WKUP_IRQHandler                   0x080001b7   Thumb Code     0  startup_stm32f4xx.o(.text)
    OTG_HS_EP1_IN_IRQHandler                 0x080001b7   Thumb Code     0  startup_stm32f4xx.o(.text)
    OTG_HS_EP1_OUT_IRQHandler                0x080001b7   Thumb Code     0  startup_stm32f4xx.o(.text)
    OTG_HS_IRQHandler                        0x080001b7   Thumb Code     0  startup_stm32f4xx.o(.text)
    OTG_HS_WKUP_IRQHandler                   0x080001b7   Thumb Code     0  startup_stm32f4xx.o(.text)
    PVD_IRQHandler                           0x080001b7   Thumb Code     0  startup_stm32f4xx.o(.text)
    RCC_IRQHandler                           0x080001b7   Thumb Code     0  startup_stm32f4xx.o(.text)
    RTC_Alarm_IRQHandler                     0x080001b7   Thumb Code     0  startup_stm32f4xx.o(.text)
    RTC_WKUP_IRQHandler                      0x080001b7   Thumb Code     0  startup_stm32f4xx.o(.text)
    SDIO_IRQHandler                          0x080001b7   Thumb Code     0  startup_stm32f4xx.o(.text)
    SPI1_IRQHandler                          0x080001b7   Thumb Code     0  startup_stm32f4xx.o(.text)
    SPI2_IRQHandler                          0x080001b7   Thumb Code     0  startup_stm32f4xx.o(.text)
    SPI3_IRQHandler                          0x080001b7   Thumb Code     0  startup_stm32f4xx.o(.text)
    TAMP_STAMP_IRQHandler                    0x080001b7   Thumb Code     0  startup_stm32f4xx.o(.text)
    TIM1_BRK_TIM9_IRQHandler                 0x080001b7   Thumb Code     0  startup_stm32f4xx.o(.text)
    TIM1_CC_IRQHandler                       0x080001b7   Thumb Code     0  startup_stm32f4xx.o(.text)
    TIM1_TRG_COM_TIM11_IRQHandler            0x080001b7   Thumb Code     0  startup_stm32f4xx.o(.text)
    TIM1_UP_TIM10_IRQHandler                 0x080001b7   Thumb Code     0  startup_stm32f4xx.o(.text)
    TIM2_IRQHandler                          0x080001b7   Thumb Code     0  startup_stm32f4xx.o(.text)
    TIM3_IRQHandler                          0x080001b7   Thumb Code     0  startup_stm32f4xx.o(.text)
    TIM4_IRQHandler                          0x080001b7   Thumb Code     0  startup_stm32f4xx.o(.text)
    TIM5_IRQHandler                          0x080001b7   Thumb Code     0  startup_stm32f4xx.o(.text)
    TIM6_DAC_IRQHandler                      0x080001b7   Thumb Code     0  startup_stm32f4xx.o(.text)
    TIM7_IRQHandler                          0x080001b7   Thumb Code     0  startup_stm32f4xx.o(.text)
    TIM8_BRK_TIM12_IRQHandler                0x080001b7   Thumb Code     0  startup_stm32f4xx.o(.text)
    TIM8_CC_IRQHandler                       0x080001b7   Thumb Code     0  startup_stm32f4xx.o(.text)
    TIM8_TRG_COM_TIM14_IRQHandler            0x080001b7   Thumb Code     0  startup_stm32f4xx.o(.text)
    TIM8_UP_TIM13_IRQHandler                 0x080001b7   Thumb Code     0  startup_stm32f4xx.o(.text)
    UART4_IRQHandler                         0x080001b7   Thumb Code     0  startup_stm32f4xx.o(.text)
    UART5_IRQHandler                         0x080001b7   Thumb Code     0  startup_stm32f4xx.o(.text)
    USART1_IRQHandler                        0x080001b7   Thumb Code     0  startup_stm32f4xx.o(.text)
    USART2_IRQHandler                        0x080001b7   Thumb Code     0  startup_stm32f4xx.o(.text)
    USART3_IRQHandler                        0x080001b7   Thumb Code     0  startup_stm32f4xx.o(.text)
    USART6_IRQHandler                        0x080001b7   Thumb Code     0  startup_stm32f4xx.o(.text)
    WWDG_IRQHandler                          0x080001b7   Thumb Code     0  startup_stm32f4xx.o(.text)
    ___aeabi_memcpy8$move                    0x080001c1   Thumb Code     0  memmovea.o(.text)
    __aeabi_memcpy                           0x080001c1   Thumb Code    64  memmovea.o(.text)
    __aeabi_memcpy4                          0x080001c1   Thumb Code     0  memmovea.o(.text)
    __aeabi_memmove                          0x080001c1   Thumb Code     0  memmovea.o(.text)
    __aeabi_memmove4                         0x080001c1   Thumb Code     0  memmovea.o(.text)
    __aeabi_memmove8                         0x080001c1   Thumb Code     0  memmovea.o(.text)
    memcmp                                   0x08000201   Thumb Code    26  memcmp.o(.text)
    __scatterload                            0x0800021d   Thumb Code    28  init.o(.text)
    __scatterload_rt2                        0x0800021d   Thumb Code     0  init.o(.text)
    __decompress                             0x08000241   Thumb Code     0  __dczerorl2.o(.text)
    __decompress1                            0x08000241   Thumb Code    92  __dczerorl2.o(.text)
    BTE_SetOperateCode                       0x0800029d   Thumb Code    14  lcd_ra8875.o(i.BTE_SetOperateCode)
    BTE_SetTarBlock                          0x080002ab   Thumb Code   104  lcd_ra8875.o(i.BTE_SetTarBlock)
    BTE_Start                                0x08000315   Thumb Code    22  lcd_ra8875.o(i.BTE_Start)
    BTE_Wait                                 0x08000331   Thumb Code    24  lcd_ra8875.o(i.BTE_Wait)
    BusFault_Handler                         0x0800034d   Thumb Code     4  stm32f4xx_it.o(i.BusFault_Handler)
    DebugMon_Handler                         0x08000363   Thumb Code     2  stm32f4xx_it.o(i.DebugMon_Handler)
    FSMC_NORSRAMCmd                          0x08000365   Thumb Code    46  stm32f4xx_fsmc.o(i.FSMC_NORSRAMCmd)
    FSMC_NORSRAMInit                         0x08000399   Thumb Code   224  stm32f4xx_fsmc.o(i.FSMC_NORSRAMInit)
    GPIO_Init                                0x08000479   Thumb Code   144  stm32f4xx_gpio.o(i.GPIO_Init)
    GPIO_PinAFConfig                         0x08000509   Thumb Code    70  stm32f4xx_gpio.o(i.GPIO_PinAFConfig)
    GPIO_SetBits                             0x0800054f   Thumb Code     4  stm32f4xx_gpio.o(i.GPIO_SetBits)
    GUIMONO_DispChar                         0x08000555   Thumb Code   302  gui_charm.o(i.GUIMONO_DispChar)
    GUIMONO_GetCharDistX                     0x08000689   Thumb Code    18  gui_charm.o(i.GUIMONO_GetCharDistX)
    GUIMONO_GetFontInfo                      0x080006a1   Thumb Code     6  gui_charm.o(i.GUIMONO_GetFontInfo)
    GUIMONO_IsInFont                         0x080006a7   Thumb Code    56  gui_charm.o(i.GUIMONO_IsInFont)
    GUI_ALLOC_AllocNoInit                    0x080006df   Thumb Code    10  gui_alloc.o(i.GUI_ALLOC_AllocNoInit)
    GUI_ALLOC_Free                           0x080006e9   Thumb Code    50  gui_alloc.o(i.GUI_ALLOC_Free)
    GUI_ALLOC_FreeFixedBlock                 0x08000721   Thumb Code    18  gui_alloc.o(i.GUI_ALLOC_FreeFixedBlock)
    GUI_ALLOC_GetMaxSize                     0x08000739   Thumb Code    58  gui_alloc.o(i.GUI_ALLOC_GetMaxSize)
    GUI_ALLOC_LockH                          0x08000779   Thumb Code    24  gui_alloc.o(i.GUI_ALLOC_LockH)
    GUI_ALLOC_UnlockH                        0x08000795   Thumb Code    42  gui_alloc.o(i.GUI_ALLOC_UnlockH)
    GUI_ALLOC_h2p                            0x080007c5   Thumb Code    20  gui_alloc.o(i.GUI_ALLOC_h2p)
    GUI_CURSOR_SetPositionEx                 0x080007dd   Thumb Code   106  gui_curs1.o(i.GUI_CURSOR_SetPositionEx)
    GUI_DEVICE_Delete                        0x0800084d   Thumb Code     4  gui_device.o(i.GUI_DEVICE_Delete)
    GUI_DEVICE_Link                          0x08000851   Thumb Code   124  gui_device.o(i.GUI_DEVICE_Link)
    GUI_DEVICE_Unlink                        0x080008d1   Thumb Code     4  gui_device.o(i.GUI_DEVICE_Unlink)
    GUI_DEVICE__GetpDriver                   0x080008d5   Thumb Code    32  gui_device.o(i.GUI_DEVICE__GetpDriver)
    GUI_Error                                0x080008f9   Thumb Code    14  gui_error.o(i.GUI_Error)
    GUI_GetBitmapPixelIndex                  0x08000911   Thumb Code    22  gui_getbitmappixelindex.o(i.GUI_GetBitmapPixelIndex)
    GUI_GetBitmapPixelIndexEx                0x08000927   Thumb Code   138  gui_getbitmappixelindex.o(i.GUI_GetBitmapPixelIndexEx)
    GUI_GetCursorLayer                       0x080009b1   Thumb Code    16  gui_selectlayer.o(i.GUI_GetCursorLayer)
    GUI_GetLayerPosEx                        0x080009c5   Thumb Code    22  gui_selectlayer.o(i.GUI_GetLayerPosEx)
    GUI_MEMDEV_Delete                        0x080009dd   Thumb Code    60  guidev.o(i.GUI_MEMDEV_Delete)
    GUI_MEMDEV_Select                        0x08000a1d   Thumb Code    84  guidev.o(i.GUI_MEMDEV_Select)
    GUI_MergeRect                            0x08000a75   Thumb Code    88  gui_mergerect.o(i.GUI_MergeRect)
    GUI_MoveRect                             0x08000acd   Thumb Code    30  gui_moverect.o(i.GUI_MoveRect)
    GUI_PID_GetState                         0x08000aed   Thumb Code    68  gui_pid.o(i.GUI_PID_GetState)
    GUI_PID_IsEmpty                          0x08000b39   Thumb Code    18  gui_pid.o(i.GUI_PID_IsEmpty)
    GUI_PID_StoreState                       0x08000b51   Thumb Code    20  gui_pid.o(i.GUI_PID_StoreState)
    GUI_SPRITE_SetPosition                   0x08000b6d   Thumb Code    10  gui_sprite.o(i.GUI_SPRITE_SetPosition)
    GUI_SelectLCD                            0x08000b77   Thumb Code    18  gui_selectlcd.o(i.GUI_SelectLCD)
    GUI_SetLayerPosEx                        0x08000b89   Thumb Code     4  gui_selectlayer.o(i.GUI_SetLayerPosEx)
    GUI_SignalEvent                          0x08000b8d   Thumb Code    12  gui_waitevent.o(i.GUI_SignalEvent)
    GUI_TOUCH_Exec                           0x08000b9d   Thumb Code   336  gui_touch_driveranalog.o(i.GUI_TOUCH_Exec)
    GUI_TOUCH_StoreState                     0x08000cf9   Thumb Code    30  gui_touch_storestate.o(i.GUI_TOUCH_StoreState)
    GUI_TOUCH_StoreStateEx                   0x08000d1d   Thumb Code    36  gui_touch.o(i.GUI_TOUCH_StoreStateEx)
    GUI_TOUCH_StoreUnstable                  0x08000d45   Thumb Code    42  gui_touch_storeunstable.o(i.GUI_TOUCH_StoreUnstable)
    GUI_TOUCH_X_ActivateX                    0x08000d75   Thumb Code     2  gui_x_touch_analog.o(i.GUI_TOUCH_X_ActivateX)
    GUI_TOUCH_X_ActivateY                    0x08000d77   Thumb Code     2  gui_x_touch_analog.o(i.GUI_TOUCH_X_ActivateY)
    GUI_TOUCH_X_MeasureX                     0x08000d79   Thumb Code    14  gui_x_touch_analog.o(i.GUI_TOUCH_X_MeasureX)
    GUI_TOUCH_X_MeasureY                     0x08000d8d   Thumb Code     8  gui_x_touch_analog.o(i.GUI_TOUCH_X_MeasureY)
    GUI_USAGE_DecUseCnt                      0x08000d99   Thumb Code    36  guidev_usage.o(i.GUI_USAGE_DecUseCnt)
    GUI_X_Delay                              0x08000dbd   Thumb Code    20  gui_x.o(i.GUI_X_Delay)
    GUI_X_ExecIdle                           0x08000dd5   Thumb Code    10  gui_x.o(i.GUI_X_ExecIdle)
    GUI__CompactPixelIndices                 0x08000ddf   Thumb Code   296  gui__compactpixelindices.o(i.GUI__CompactPixelIndices)
    GUI__IntersectRect                       0x08000f07   Thumb Code    58  gui__intersectrect.o(i.GUI__IntersectRect)
    GUI__IntersectRects                      0x08000f41   Thumb Code    82  gui__intersectrects.o(i.GUI__IntersectRects)
    GUI__RegisterExit                        0x08000f95   Thumb Code    10  gui_core.o(i.GUI__RegisterExit)
    GUI__memset                              0x08000fa5   Thumb Code    76  gui__memset.o(i.GUI__memset)
    HardFault_Handler                        0x08000ff1   Thumb Code    36  stm32f4xx_it.o(i.HardFault_Handler)
    LCD_ClrScr                               0x080015f1   Thumb Code    28  bsp_tft_lcd.o(i.LCD_ClrScr)
    LCD_Color2Index                          0x08001611   Thumb Code    18  lcd.o(i.LCD_Color2Index)
    LCD_DrawBitmap                           0x0800175d   Thumb Code   508  lcd.o(i.LCD_DrawBitmap)
    LCD_FillRect                             0x080019bd   Thumb Code    80  lcd.o(i.LCD_FillRect)
    LCD_GetPosEx                             0x08001a15   Thumb Code    44  lcd_set.o(i.LCD_GetPosEx)
    LCD_GetXSizeEx                           0x08001a41   Thumb Code     6  lcd_getex.o(i.LCD_GetXSizeEx)
    LCD_GetYSizeEx                           0x08001a47   Thumb Code     6  lcd_getex.o(i.LCD_GetYSizeEx)
    LCD_GetpPalConvTableBM                   0x08001a4d   Thumb Code     4  lcd_color.o(i.LCD_GetpPalConvTableBM)
    LCD_GetpPalConvTableUncached             0x08001a51   Thumb Code    68  lcd_color.o(i.LCD_GetpPalConvTableUncached)
    LCD_InitHard                             0x08001a99   Thumb Code   106  bsp_tft_lcd.o(i.LCD_InitHard)
    LCD_SelectLCD                            0x08001b15   Thumb Code    60  lcd_selectlcd.o(i.LCD_SelectLCD)
    LCD_SetBackLight                         0x08001b59   Thumb Code    32  bsp_tft_lcd.o(i.LCD_SetBackLight)
    LCD_SetBkColorIndex                      0x08001b81   Thumb Code    20  lcd.o(i.LCD_SetBkColorIndex)
    LCD_SetClipRectMax                       0x08001b99   Thumb Code    20  lcd.o(i.LCD_SetClipRectMax)
    LCD_SetColorIndex                        0x08001bb5   Thumb Code    20  lcd.o(i.LCD_SetColorIndex)
    LCD_SetDrawMode                          0x08001bcd   Thumb Code     8  lcd.o(i.LCD_SetDrawMode)
    LCD_SetPosEx                             0x08001bd9   Thumb Code    44  lcd_set.o(i.LCD_SetPosEx)
    LCD_UpdateColorIndices                   0x08001c05   Thumb Code    32  lcd_updatecolorindices.o(i.LCD_UpdateColorIndices)
    MemManage_Handler                        0x08001c29   Thumb Code     4  stm32f4xx_it.o(i.MemManage_Handler)
    NMI_Handler                              0x08001c2d   Thumb Code     2  stm32f4xx_it.o(i.NMI_Handler)
    RA8875_ClrScr                            0x08001c31   Thumb Code    50  lcd_ra8875.o(i.RA8875_ClrScr)
    RA8875_InitHard                          0x08001ca5   Thumb Code   416  lcd_ra8875.o(i.RA8875_InitHard)
    RA8875_ReadID                            0x08001e51   Thumb Code    10  lcd_ra8875.o(i.RA8875_ReadID)
    RA8875_SetBackLight                      0x08001e7d   Thumb Code    48  lcd_ra8875.o(i.RA8875_SetBackLight)
    RA8875_SetCursor                         0x08001ead   Thumb Code    40  lcd_ra8875.o(i.RA8875_SetCursor)
    RA8875_SetDispWin                        0x08001ed5   Thumb Code   120  lcd_ra8875.o(i.RA8875_SetDispWin)
    RA8875_SetFrontColor                     0x08001f5d   Thumb Code    46  lcd_ra8875.o(i.RA8875_SetFrontColor)
    RA8875_TouchInit                         0x08001f91   Thumb Code    28  lcd_ra8875.o(i.RA8875_TouchInit)
    RA8875_TouchReadX                        0x08001fad   Thumb Code   114  lcd_ra8875.o(i.RA8875_TouchReadX)
    RA8875_TouchReadY                        0x08002029   Thumb Code     6  lcd_ra8875.o(i.RA8875_TouchReadY)
    RCC_AHB1PeriphClockCmd                   0x08002069   Thumb Code    26  stm32f4xx_rcc.o(i.RCC_AHB1PeriphClockCmd)
    RCC_AHB3PeriphClockCmd                   0x08002089   Thumb Code    26  stm32f4xx_rcc.o(i.RCC_AHB3PeriphClockCmd)
    RCC_APB1PeriphClockCmd                   0x080020a9   Thumb Code    26  stm32f4xx_rcc.o(i.RCC_APB1PeriphClockCmd)
    RCC_APB2PeriphClockCmd                   0x080020c9   Thumb Code    26  stm32f4xx_rcc.o(i.RCC_APB2PeriphClockCmd)
    RCC_GetClocksFreq                        0x080020e9   Thumb Code   214  stm32f4xx_rcc.o(i.RCC_GetClocksFreq)
    SPFD5420_ClrScr                          0x080021d1   Thumb Code    48  lcd_spfd5420.o(i.SPFD5420_ClrScr)
    SPFD5420_InitHard                        0x08002221   Thumb Code   196  lcd_spfd5420.o(i.SPFD5420_InitHard)
    SPFD5420_ReadID                          0x080022f9   Thumb Code    10  lcd_spfd5420.o(i.SPFD5420_ReadID)
    SPFD5420_SetBackLight                    0x0800231d   Thumb Code   260  lcd_spfd5420.o(i.SPFD5420_SetBackLight)
    SPI_Cmd                                  0x08002465   Thumb Code    24  stm32f4xx_spi.o(i.SPI_Cmd)
    SPI_I2S_GetFlagStatus                    0x0800247d   Thumb Code    18  stm32f4xx_spi.o(i.SPI_I2S_GetFlagStatus)
    SPI_I2S_ReceiveData                      0x0800248f   Thumb Code     6  stm32f4xx_spi.o(i.SPI_I2S_ReceiveData)
    SPI_I2S_SendData                         0x08002495   Thumb Code     4  stm32f4xx_spi.o(i.SPI_I2S_SendData)
    SPI_Init                                 0x08002499   Thumb Code    60  stm32f4xx_spi.o(i.SPI_Init)
    SysTick_Handler                          0x080025f9   Thumb Code     8  bsp_timer.o(i.SysTick_Handler)
    SysTick_ISR                              0x08002601   Thumb Code   110  bsp_timer.o(i.SysTick_ISR)
    SystemInit                               0x08002685   Thumb Code    88  system_stm32f4xx.o(i.SystemInit)
    TIM6_MeasureConfig                       0x080026ed   Thumb Code    42  bsp_time_measure.o(i.TIM6_MeasureConfig)
    TIM_ARRPreloadConfig                     0x0800271d   Thumb Code    24  stm32f4xx_tim.o(i.TIM_ARRPreloadConfig)
    TIM_Cmd                                  0x08002735   Thumb Code    24  stm32f4xx_tim.o(i.TIM_Cmd)
    TIM_CtrlPWMOutputs                       0x0800274d   Thumb Code    30  stm32f4xx_tim.o(i.TIM_CtrlPWMOutputs)
    TIM_OC1Init                              0x0800276d   Thumb Code   114  stm32f4xx_tim.o(i.TIM_OC1Init)
    TIM_OC1PreloadConfig                     0x080027e9   Thumb Code    18  stm32f4xx_tim.o(i.TIM_OC1PreloadConfig)
    TIM_TimeBaseInit                         0x080027fd   Thumb Code   104  stm32f4xx_tim.o(i.TIM_TimeBaseInit)
    TOUCH_Abs                                0x08002881   Thumb Code    14  bsp_touch.o(i.TOUCH_Abs)
    TOUCH_DataFilter                         0x08002891   Thumb Code   152  bsp_touch.o(i.TOUCH_DataFilter)
    TOUCH_InitHard                           0x0800292d   Thumb Code    78  bsp_touch.o(i.TOUCH_InitHard)
    TOUCH_LoadParam                          0x08002989   Thumb Code     2  bsp_touch.o(i.TOUCH_LoadParam)
    TOUCH_ReadAdcXY                          0x0800298d   Thumb Code   156  bsp_touch.o(i.TOUCH_ReadAdcXY)
    TOUCH_SCAN                               0x08002a31   Thumb Code    42  bsp_touch.o(i.TOUCH_SCAN)
    TSC2046_ReadAdc                          0x08002b49   Thumb Code    64  bsp_touch.o(i.TSC2046_ReadAdc)
    USART_ClearFlag                          0x08002b8d   Thumb Code    18  stm32f4xx_usart.o(i.USART_ClearFlag)
    USART_Cmd                                0x08002b9f   Thumb Code    24  stm32f4xx_usart.o(i.USART_Cmd)
    USART_Init                               0x08002bb9   Thumb Code   204  stm32f4xx_usart.o(i.USART_Init)
    UsageFault_Handler                       0x08002c8d   Thumb Code     4  stm32f4xx_it.o(i.UsageFault_Handler)
    WM_Activate                              0x08002c91   Thumb Code    12  wm.o(i.WM_Activate)
    WM_Deactivate                            0x08002ca1   Thumb Code    14  wm.o(i.WM_Deactivate)
    WM_DefaultProc                           0x08002cb5   Thumb Code    70  wm.o(i.WM_DefaultProc)
    WM_GetDesktopWindowEx                    0x08002cfd   Thumb Code    16  wm_getdesktopwindowex.o(i.WM_GetDesktopWindowEx)
    WM_GetFirstChild                         0x08002d11   Thumb Code    14  wm_getfirstchild.o(i.WM_GetFirstChild)
    WM_GetParent                             0x08002d1f   Thumb Code    14  wm_getparent.o(i.WM_GetParent)
    WM_HandlePID                             0x08002d2d   Thumb Code   836  wm_touch.o(i.WM_HandlePID)
    WM_InvalidateRect                        0x08003091   Thumb Code   118  wm.o(i.WM_InvalidateRect)
    WM_InvalidateWindow                      0x08003107   Thumb Code     6  wm.o(i.WM_InvalidateWindow)
    WM_InvalidateWindowAndDescsEx            0x0800310d   Thumb Code    94  wm.o(i.WM_InvalidateWindowAndDescsEx)
    WM_IsWindow                              0x0800316b   Thumb Code     4  wm_iswindow.o(i.WM_IsWindow)
    WM_PID__SetPrevState                     0x08003171   Thumb Code    24  wm_pid__getprevstate.o(i.WM_PID__SetPrevState)
    WM_ReleaseCapture                        0x0800318d   Thumb Code     4  wm_setcapture.o(i.WM_ReleaseCapture)
    WM_Screen2hWin                           0x08003191   Thumb Code    10  wm_screen2win.o(i.WM_Screen2hWin)
    WM_SendToParent                          0x0800319b   Thumb Code    30  wm_sendtoparent.o(i.WM_SendToParent)
    WM__AddCriticalHandle                    0x080031b9   Thumb Code    10  wm_criticalhandle.o(i.WM__AddCriticalHandle)
    WM__Client2Screen                        0x080031c9   Thumb Code    16  wm.o(i.WM__Client2Screen)
    WM__ClipAtParentBorders                  0x080031d9   Thumb Code    78  wm.o(i.WM__ClipAtParentBorders)
    WM__GetClientRectEx                      0x08003227   Thumb Code    32  wm_getclientrect.o(i.WM__GetClientRectEx)
    WM__GetClientRectWin                     0x08003247   Thumb Code    24  wm.o(i.WM__GetClientRectWin)
    WM__Invalidate1Abs                       0x0800325f   Thumb Code     6  wm.o(i.WM__Invalidate1Abs)
    WM__InvalidateDrawAndDescs               0x08003265   Thumb Code    70  wm.o(i.WM__InvalidateDrawAndDescs)
    WM__InvalidateRect                       0x080032ab   Thumb Code   118  wm.o(i.WM__InvalidateRect)
    WM__InvalidateRectEx                     0x08003321   Thumb Code     6  wm.o(i.WM__InvalidateRectEx)
    WM__IsAncestor                           0x08003329   Thumb Code    34  wm__isancestor.o(i.WM__IsAncestor)
    WM__IsEnabled                            0x0800334b   Thumb Code    22  wm__isenabled.o(i.WM__IsEnabled)
    WM__IsInModalArea                        0x08003361   Thumb Code    64  wm_touch.o(i.WM__IsInModalArea)
    WM__IsInWindow                           0x080033a9   Thumb Code    48  wm_screen2win.o(i.WM__IsInWindow)
    WM__IsWindow                             0x080033d9   Thumb Code    30  wm.o(i.WM__IsWindow)
    WM__RectIsNZ                             0x080033fd   Thumb Code    32  wm.o(i.WM__RectIsNZ)
    WM__RemoveCriticalHandle                 0x08003449   Thumb Code    38  wm_criticalhandle.o(i.WM__RemoveCriticalHandle)
    WM__SendMessage                          0x08003475   Thumb Code    54  wm__sendmessage.o(i.WM__SendMessage)
    WM__SendMessageIfEnabled                 0x080034b1   Thumb Code    28  wm__sendmessageifenabled.o(i.WM__SendMessageIfEnabled)
    WM__SendPIDMessage                       0x080034cd   Thumb Code    62  wm_touch.o(i.WM__SendPIDMessage)
    WM__SendTouchMessage                     0x0800350b   Thumb Code    54  wm_touch.o(i.WM__SendTouchMessage)
    __scatterload_copy                       0x080041cf   Thumb Code    14  handlers.o(i.__scatterload_copy)
    __scatterload_null                       0x080041dd   Thumb Code     2  handlers.o(i.__scatterload_null)
    __scatterload_zeroinit                   0x080041df   Thumb Code    14  handlers.o(i.__scatterload_zeroinit)
    bsp_DelayMS                              0x080041f5   Thumb Code    54  bsp_timer.o(i.bsp_DelayMS)
    bsp_Init                                 0x08004235   Thumb Code    40  bsp.o(i.bsp_Init)
    bsp_InitKey                              0x0800425d   Thumb Code    12  bsp_key.o(i.bsp_InitKey)
    bsp_InitLed                              0x080043c5   Thumb Code   106  bsp_led.o(i.bsp_InitLed)
    bsp_InitTimer                            0x08004435   Thumb Code   136  bsp_timer.o(i.bsp_InitTimer)
    bsp_InitUart                             0x080044cd   Thumb Code   152  bsp_uart.o(i.bsp_InitUart)
    bsp_LedOff                               0x0800456d   Thumb Code    50  bsp_led.o(i.bsp_LedOff)
    bsp_LedToggle                            0x080045a5   Thumb Code    72  bsp_led.o(i.bsp_LedToggle)
    bsp_RunPer10ms                           0x080045f1   Thumb Code    28  bsp.o(i.bsp_RunPer10ms)
    bsp_RunPer1ms                            0x08004615   Thumb Code     2  bsp.o(i.bsp_RunPer1ms)
    main                                     0x08004633   Thumb Code    58  main.o(i.main)
    GUI_Font6x8                              0x080050d4   Data          36  f6x8.o(.constdata)
    Region$$Table$$Base                      0x080050f8   Number         0  anon$$obj.o(Region$$Table)
    Region$$Table$$Limit                     0x08005118   Number         0  anon$$obj.o(Region$$Table)
    g_iRunTime                               0x20000008   Data           4  bsp_timer.o(.data)
    SystemCoreClock                          0x20000020   Data           4  system_stm32f4xx.o(.data)
    AHBPrescTable                            0x20000024   Data          16  system_stm32f4xx.o(.data)
    g_ChipID                                 0x20000034   Data           2  bsp_tft_lcd.o(.data)
    g_LcdHeight                              0x20000036   Data           2  bsp_tft_lcd.o(.data)
    g_LcdWidth                               0x20000038   Data           2  bsp_tft_lcd.o(.data)
    s_ucBright                               0x2000003a   Data           1  bsp_tft_lcd.o(.data)
    ADC_ERR_RANGE                            0x2000003b   Data           1  bsp_touch.o(.data)
    g_ucGPIX                                 0x2000004c   Data           1  lcd_ra8875.o(.data)
    s_ucRA8875BusyNow                        0x2000004d   Data           1  guidrv_template.o(.data)
    GUI_DecChar                              0x20000064   Data           1  gui_core.o(.data)
    GUI_pfGetpPalConvTable                   0x20000068   Data           4  gui_core.o(.data)
    GUI__pFontDefault                        0x2000006c   Data           4  gui_core.o(.data)
    GUI_pContext                             0x20000070   Data           4  gui_core.o(.data)
    GUI_pUC_API                              0x20000074   Data           4  gui_core.o(.data)
    WM_pfHandlePID                           0x20000088   Data           4  gui_core.o(.data)
    GUI_sError                               0x2000008c   Data           4  gui_core.o(.data)
    GUI_pLCD_APIList                         0x20000090   Data           4  gui_core.o(.data)
    GUI_OrgX                                 0x20000094   Data           2  gui_core.o(.data)
    GUI_OrgY                                 0x20000096   Data           2  gui_core.o(.data)
    LCD__pSetColorAPI                        0x200000d4   Data           4  lcd.o(.data)
    LCD__aConvTable                          0x200000dc   Data           4  lcd_color.o(.data)
    WM__PaintCallbackCnt                     0x200000e8   Data           1  wm.o(.data)
    WM__NumWindows                           0x200000ea   Data           2  wm.o(.data)
    WM__NumInvalidWindows                    0x200000ec   Data           2  wm.o(.data)
    WM__TouchedLayer                         0x200000f0   Data           4  wm.o(.data)
    WM__FirstWin                             0x200000f4   Data           4  wm.o(.data)
    WM__pFirstCriticalHandle                 0x200000f8   Data           4  wm.o(.data)
    WM__CreateFlags                          0x200000fc   Data           4  wm.o(.data)
    WM_pfPollPID                             0x20000100   Data           4  wm.o(.data)
    WM_MULTIBUF__pAPI                        0x20000104   Data           4  wm.o(.data)
    WM__TransWindowCnt                       0x20000108   Data           4  wm.o(.data)
    WM__hATransWindow                        0x2000010c   Data           4  wm.o(.data)
    WM__CaptureReleaseAuto                   0x20000120   Data           1  wm.o(.data)
    g_tTP                                    0x20000224   Data          10  bsp_touch.o(.bss)
    GUI_ALLOC__Context                       0x20000230   Data         188  gui_alloc.o(.bss)
    GUI__apDevice                            0x20000398   Data          60  gui_core.o(.bss)
    WM__ahDesktopWin                         0x20000564   Data          60  wm.o(.bss)
    WM__aBkColor                             0x200005a0   Data          60  wm.o(.bss)
    WM__ahCapture                            0x200005dc   Data          60  wm.o(.bss)
    WM__ahWinFocus                           0x20000618   Data          60  wm.o(.bss)
    WM__aCHWinModal                          0x20000768   Data         120  wm_touch.o(.bss)
    WM__aCHWinLast                           0x200007e0   Data         120  wm_touch.o(.bss)
    WM__aCHWinMouseOver                      0x20000858   Data         120  wm_touch.o(.bss)
    __initial_sp                             0x20000d88   Data           0  startup_stm32f4xx.o(STACK)



==============================================================================

Memory Map of the image

  Image Entry point : 0x08000189

  Load Region LR_IROM1 (Base: 0x08000000, Size: 0x0000525c, Max: 0x00100000, ABSOLUTE, COMPRESSED[0x00005168])

    Execution Region ER_IROM1 (Base: 0x08000000, Size: 0x00005118, Max: 0x00100000, ABSOLUTE)

    Base Addr    Size         Type   Attr      Idx    E Section Name        Object

    0x08000000   0x00000188   Data   RO          905    RESET               startup_stm32f4xx.o
    0x08000188   0x00000000   Code   RO         5787  * .ARM.Collect$$$$00000000  mc_w.l(entry.o)
    0x08000188   0x00000004   Code   RO         6067    .ARM.Collect$$$$00000001  mc_w.l(entry2.o)
    0x0800018c   0x00000004   Code   RO         6070    .ARM.Collect$$$$00000004  mc_w.l(entry5.o)
    0x08000190   0x00000000   Code   RO         6072    .ARM.Collect$$$$00000008  mc_w.l(entry7b.o)
    0x08000190   0x00000000   Code   RO         6074    .ARM.Collect$$$$0000000A  mc_w.l(entry8b.o)
    0x08000190   0x00000008   Code   RO         6075    .ARM.Collect$$$$0000000B  mc_w.l(entry9a.o)
    0x08000198   0x00000000   Code   RO         6077    .ARM.Collect$$$$0000000D  mc_w.l(entry10a.o)
    0x08000198   0x00000000   Code   RO         6079    .ARM.Collect$$$$0000000F  mc_w.l(entry11a.o)
    0x08000198   0x00000004   Code   RO         6068    .ARM.Collect$$$$00002712  mc_w.l(entry2.o)
    0x0800019c   0x00000024   Code   RO          906    .text               startup_stm32f4xx.o
    0x080001c0   0x00000040   Code   RO         5792    .text               mc_w.l(memmovea.o)
    0x08000200   0x0000001a   Code   RO         5798    .text               mc_w.l(memcmp.o)
    0x0800021a   0x00000002   PAD
    0x0800021c   0x00000024   Code   RO         6097    .text               mc_w.l(init.o)
    0x08000240   0x0000005c   Code   RO         6115    .text               mc_w.l(__dczerorl2.o)
    0x0800029c   0x0000000e   Code   RO         3483    i.BTE_SetOperateCode  lcd_ra8875.o
    0x080002aa   0x00000068   Code   RO         3484    i.BTE_SetTarBlock   lcd_ra8875.o
    0x08000312   0x00000002   PAD
    0x08000314   0x0000001c   Code   RO         3485    i.BTE_Start         lcd_ra8875.o
    0x08000330   0x0000001c   Code   RO         3486    i.BTE_Wait          lcd_ra8875.o
    0x0800034c   0x00000004   Code   RO          176    i.BusFault_Handler  stm32f4xx_it.o
    0x08000350   0x00000012   Code   RO         3010    i.Bus_Delay         bsp_tft_lcd.o
    0x08000362   0x00000002   Code   RO          177    i.DebugMon_Handler  stm32f4xx_it.o
    0x08000364   0x00000034   Code   RO         2533    i.FSMC_NORSRAMCmd   stm32f4xx_fsmc.o
    0x08000398   0x000000e0   Code   RO         2535    i.FSMC_NORSRAMInit  stm32f4xx_fsmc.o
    0x08000478   0x00000090   Code   RO         1287    i.GPIO_Init         stm32f4xx_gpio.o
    0x08000508   0x00000046   Code   RO         1288    i.GPIO_PinAFConfig  stm32f4xx_gpio.o
    0x0800054e   0x00000004   Code   RO         1295    i.GPIO_SetBits      stm32f4xx_gpio.o
    0x08000552   0x00000002   PAD
    0x08000554   0x00000134   Code   RO         5255    i.GUIMONO_DispChar  STemWin520d_CM4_Keil.lib(gui_charm.o)
    0x08000688   0x00000018   Code   RO         5256    i.GUIMONO_GetCharDistX  STemWin520d_CM4_Keil.lib(gui_charm.o)
    0x080006a0   0x00000006   Code   RO         5257    i.GUIMONO_GetFontInfo  STemWin520d_CM4_Keil.lib(gui_charm.o)
    0x080006a6   0x00000038   Code   RO         5258    i.GUIMONO_IsInFont  STemWin520d_CM4_Keil.lib(gui_charm.o)
    0x080006de   0x0000000a   Code   RO         4499    i.GUI_ALLOC_AllocNoInit  STemWin520d_CM4_Keil.lib(gui_alloc.o)
    0x080006e8   0x00000038   Code   RO         4501    i.GUI_ALLOC_Free    STemWin520d_CM4_Keil.lib(gui_alloc.o)
    0x08000720   0x00000018   Code   RO         4502    i.GUI_ALLOC_FreeFixedBlock  STemWin520d_CM4_Keil.lib(gui_alloc.o)
    0x08000738   0x00000040   Code   RO         4506    i.GUI_ALLOC_GetMaxSize  STemWin520d_CM4_Keil.lib(gui_alloc.o)
    0x08000778   0x0000001c   Code   RO         4513    i.GUI_ALLOC_LockH   STemWin520d_CM4_Keil.lib(gui_alloc.o)
    0x08000794   0x00000030   Code   RO         4518    i.GUI_ALLOC_UnlockH  STemWin520d_CM4_Keil.lib(gui_alloc.o)
    0x080007c4   0x00000018   Code   RO         4519    i.GUI_ALLOC_h2p     STemWin520d_CM4_Keil.lib(gui_alloc.o)
    0x080007dc   0x00000070   Code   RO         4619    i.GUI_CURSOR_SetPositionEx  STemWin520d_CM4_Keil.lib(gui_curs1.o)
    0x0800084c   0x00000004   Code   RO         4646    i.GUI_DEVICE_Delete  STemWin520d_CM4_Keil.lib(gui_device.o)
    0x08000850   0x00000080   Code   RO         4647    i.GUI_DEVICE_Link   STemWin520d_CM4_Keil.lib(gui_device.o)
    0x080008d0   0x00000004   Code   RO         4649    i.GUI_DEVICE_Unlink  STemWin520d_CM4_Keil.lib(gui_device.o)
    0x080008d4   0x00000024   Code   RO         4652    i.GUI_DEVICE__GetpDriver  STemWin520d_CM4_Keil.lib(gui_device.o)
    0x080008f8   0x00000018   Code   RO         4896    i.GUI_Error         STemWin520d_CM4_Keil.lib(gui_error.o)
    0x08000910   0x00000016   Code   RO         5266    i.GUI_GetBitmapPixelIndex  STemWin520d_CM4_Keil.lib(gui_getbitmappixelindex.o)
    0x08000926   0x0000008a   Code   RO         5267    i.GUI_GetBitmapPixelIndexEx  STemWin520d_CM4_Keil.lib(gui_getbitmappixelindex.o)
    0x080009b0   0x00000014   Code   RO         4924    i.GUI_GetCursorLayer  STemWin520d_CM4_Keil.lib(gui_selectlayer.o)
    0x080009c4   0x00000016   Code   RO         4925    i.GUI_GetLayerPosEx  STemWin520d_CM4_Keil.lib(gui_selectlayer.o)
    0x080009da   0x00000002   PAD
    0x080009dc   0x00000040   Code   RO         5362    i.GUI_MEMDEV_Delete  STemWin520d_CM4_Keil.lib(guidev.o)
    0x08000a1c   0x00000058   Code   RO         5365    i.GUI_MEMDEV_Select  STemWin520d_CM4_Keil.lib(guidev.o)
    0x08000a74   0x00000058   Code   RO         5270    i.GUI_MergeRect     STemWin520d_CM4_Keil.lib(gui_mergerect.o)
    0x08000acc   0x0000001e   Code   RO         5272    i.GUI_MoveRect      STemWin520d_CM4_Keil.lib(gui_moverect.o)
    0x08000aea   0x00000002   PAD
    0x08000aec   0x0000004c   Code   RO         5295    i.GUI_PID_GetState  STemWin520d_CM4_Keil.lib(gui_pid.o)
    0x08000b38   0x00000018   Code   RO         5296    i.GUI_PID_IsEmpty   STemWin520d_CM4_Keil.lib(gui_pid.o)
    0x08000b50   0x0000001c   Code   RO         5298    i.GUI_PID_StoreState  STemWin520d_CM4_Keil.lib(gui_pid.o)
    0x08000b6c   0x0000000a   Code   RO         4951    i.GUI_SPRITE_SetPosition  STemWin520d_CM4_Keil.lib(gui_sprite.o)
    0x08000b76   0x00000012   Code   RO         5318    i.GUI_SelectLCD     STemWin520d_CM4_Keil.lib(gui_selectlcd.o)
    0x08000b88   0x00000004   Code   RO         4928    i.GUI_SetLayerPosEx  STemWin520d_CM4_Keil.lib(gui_selectlayer.o)
    0x08000b8c   0x00000010   Code   RO         5329    i.GUI_SignalEvent   STemWin520d_CM4_Keil.lib(gui_waitevent.o)
    0x08000b9c   0x0000015c   Code   RO         4681    i.GUI_TOUCH_Exec    STemWin520d_CM4_Keil.lib(gui_touch_driveranalog.o)
    0x08000cf8   0x00000024   Code   RO         4705    i.GUI_TOUCH_StoreState  STemWin520d_CM4_Keil.lib(gui_touch_storestate.o)
    0x08000d1c   0x00000028   Code   RO         5028    i.GUI_TOUCH_StoreStateEx  STemWin520d_CM4_Keil.lib(gui_touch.o)
    0x08000d44   0x00000030   Code   RO         5033    i.GUI_TOUCH_StoreUnstable  STemWin520d_CM4_Keil.lib(gui_touch_storeunstable.o)
    0x08000d74   0x00000002   Code   RO         4124    i.GUI_TOUCH_X_ActivateX  gui_x_touch_analog.o
    0x08000d76   0x00000002   Code   RO         4125    i.GUI_TOUCH_X_ActivateY  gui_x_touch_analog.o
    0x08000d78   0x00000014   Code   RO         4126    i.GUI_TOUCH_X_MeasureX  gui_x_touch_analog.o
    0x08000d8c   0x0000000c   Code   RO         4127    i.GUI_TOUCH_X_MeasureY  gui_x_touch_analog.o
    0x08000d98   0x00000024   Code   RO         5111    i.GUI_USAGE_DecUseCnt  STemWin520d_CM4_Keil.lib(guidev_usage.o)
    0x08000dbc   0x00000018   Code   RO         4207    i.GUI_X_Delay       gui_x.o
    0x08000dd4   0x0000000a   Code   RO         4209    i.GUI_X_ExecIdle    gui_x.o
    0x08000dde   0x00000128   Code   RO         5240    i.GUI__CompactPixelIndices  STemWin520d_CM4_Keil.lib(gui__compactpixelindices.o)
    0x08000f06   0x0000003a   Code   RO         5244    i.GUI__IntersectRect  STemWin520d_CM4_Keil.lib(gui__intersectrect.o)
    0x08000f40   0x00000052   Code   RO         5246    i.GUI__IntersectRects  STemWin520d_CM4_Keil.lib(gui__intersectrects.o)
    0x08000f92   0x00000002   PAD
    0x08000f94   0x00000010   Code   RO         4587    i.GUI__RegisterExit  STemWin520d_CM4_Keil.lib(gui_core.o)
    0x08000fa4   0x0000004c   Code   RO         4874    i.GUI__memset       STemWin520d_CM4_Keil.lib(gui__memset.o)
    0x08000ff0   0x00000054   Code   RO          178    i.HardFault_Handler  stm32f4xx_it.o
    0x08001044   0x000002d8   Code   RO         3326    i.Init_5420_4001    lcd_spfd5420.o
    0x0800131c   0x000001e2   Code   RO         3327    i.Init_61509        lcd_spfd5420.o
    0x080014fe   0x00000002   PAD
    0x08001500   0x00000018   Code   RO          275    i.IsKeyDown1        bsp_key.o
    0x08001518   0x00000016   Code   RO          276    i.IsKeyDown10       bsp_key.o
    0x0800152e   0x00000002   PAD
    0x08001530   0x00000018   Code   RO          277    i.IsKeyDown2        bsp_key.o
    0x08001548   0x00000018   Code   RO          278    i.IsKeyDown3        bsp_key.o
    0x08001560   0x00000018   Code   RO          279    i.IsKeyDown4        bsp_key.o
    0x08001578   0x00000018   Code   RO          280    i.IsKeyDown5        bsp_key.o
    0x08001590   0x00000018   Code   RO          281    i.IsKeyDown6        bsp_key.o
    0x080015a8   0x00000018   Code   RO          282    i.IsKeyDown7        bsp_key.o
    0x080015c0   0x00000018   Code   RO          283    i.IsKeyDown8        bsp_key.o
    0x080015d8   0x00000016   Code   RO          284    i.IsKeyDown9        bsp_key.o
    0x080015ee   0x00000002   PAD
    0x080015f0   0x00000020   Code   RO         3011    i.LCD_ClrScr        bsp_tft_lcd.o
    0x08001610   0x0000001c   Code   RO         5050    i.LCD_Color2Index   STemWin520d_CM4_Keil.lib(lcd.o)
    0x0800162c   0x00000130   Code   RO         3012    i.LCD_CtrlLinesConfig  bsp_tft_lcd.o
    0x0800175c   0x00000208   Code   RO         5051    i.LCD_DrawBitmap    STemWin520d_CM4_Keil.lib(lcd.o)
    0x08001964   0x00000056   Code   RO         3034    i.LCD_FSMCConfig    bsp_tft_lcd.o
    0x080019ba   0x00000002   PAD
    0x080019bc   0x00000058   Code   RO         5055    i.LCD_FillRect      STemWin520d_CM4_Keil.lib(lcd.o)
    0x08001a14   0x0000002c   Code   RO         4788    i.LCD_GetPosEx      STemWin520d_CM4_Keil.lib(lcd_set.o)
    0x08001a40   0x00000006   Code   RO         4735    i.LCD_GetXSizeEx    STemWin520d_CM4_Keil.lib(lcd_getex.o)
    0x08001a46   0x00000006   Code   RO         4740    i.LCD_GetYSizeEx    STemWin520d_CM4_Keil.lib(lcd_getex.o)
    0x08001a4c   0x00000004   Code   RO         5089    i.LCD_GetpPalConvTableBM  STemWin520d_CM4_Keil.lib(lcd_color.o)
    0x08001a50   0x00000048   Code   RO         5090    i.LCD_GetpPalConvTableUncached  STemWin520d_CM4_Keil.lib(lcd_color.o)
    0x08001a98   0x0000007c   Code   RO         3041    i.LCD_InitHard      bsp_tft_lcd.o
    0x08001b14   0x00000044   Code   RO         5615    i.LCD_SelectLCD     STemWin520d_CM4_Keil.lib(lcd_selectlcd.o)
    0x08001b58   0x00000028   Code   RO         3043    i.LCD_SetBackLight  bsp_tft_lcd.o
    0x08001b80   0x00000018   Code   RO         5058    i.LCD_SetBkColorIndex  STemWin520d_CM4_Keil.lib(lcd.o)
    0x08001b98   0x0000001c   Code   RO         5059    i.LCD_SetClipRectMax  STemWin520d_CM4_Keil.lib(lcd.o)
    0x08001bb4   0x00000018   Code   RO         5061    i.LCD_SetColorIndex  STemWin520d_CM4_Keil.lib(lcd.o)
    0x08001bcc   0x0000000c   Code   RO         5062    i.LCD_SetDrawMode   STemWin520d_CM4_Keil.lib(lcd.o)
    0x08001bd8   0x0000002c   Code   RO         4803    i.LCD_SetPosEx      STemWin520d_CM4_Keil.lib(lcd_set.o)
    0x08001c04   0x00000024   Code   RO         5617    i.LCD_UpdateColorIndices  STemWin520d_CM4_Keil.lib(lcd_updatecolorindices.o)
    0x08001c28   0x00000004   Code   RO          179    i.MemManage_Handler  stm32f4xx_it.o
    0x08001c2c   0x00000002   Code   RO          180    i.NMI_Handler       stm32f4xx_it.o
    0x08001c2e   0x00000002   PAD
    0x08001c30   0x00000044   Code   RO         3487    i.RA8875_ClrScr     lcd_ra8875.o
    0x08001c74   0x00000012   Code   RO         3489    i.RA8875_Delaly1ms  lcd_ra8875.o
    0x08001c86   0x0000000e   Code   RO         3490    i.RA8875_Delaly1us  lcd_ra8875.o
    0x08001c94   0x00000010   Code   RO         3491    i.RA8875_Delaly200us  lcd_ra8875.o
    0x08001ca4   0x000001ac   Code   RO         3507    i.RA8875_InitHard   lcd_ra8875.o
    0x08001e50   0x0000000a   Code   RO         3516    i.RA8875_ReadID     lcd_ra8875.o
    0x08001e5a   0x00000002   PAD
    0x08001e5c   0x00000014   Code   RO         3517    i.RA8875_ReadReg    lcd_ra8875.o
    0x08001e70   0x0000000c   Code   RO         3518    i.RA8875_ReadStatus  lcd_ra8875.o
    0x08001e7c   0x00000030   Code   RO         3520    i.RA8875_SetBackLight  lcd_ra8875.o
    0x08001eac   0x00000028   Code   RO         3521    i.RA8875_SetCursor  lcd_ra8875.o
    0x08001ed4   0x00000088   Code   RO         3522    i.RA8875_SetDispWin  lcd_ra8875.o
    0x08001f5c   0x00000034   Code   RO         3524    i.RA8875_SetFrontColor  lcd_ra8875.o
    0x08001f90   0x0000001c   Code   RO         3530    i.RA8875_TouchInit  lcd_ra8875.o
    0x08001fac   0x0000007c   Code   RO         3531    i.RA8875_TouchReadX  lcd_ra8875.o
    0x08002028   0x0000000c   Code   RO         3532    i.RA8875_TouchReadY  lcd_ra8875.o
    0x08002034   0x0000000c   Code   RO         3534    i.RA8875_WriteCmd   lcd_ra8875.o
    0x08002040   0x00000008   Code   RO         3535    i.RA8875_WriteData  lcd_ra8875.o
    0x08002048   0x00000020   Code   RO         3537    i.RA8875_WriteReg   lcd_ra8875.o
    0x08002068   0x00000020   Code   RO          912    i.RCC_AHB1PeriphClockCmd  stm32f4xx_rcc.o
    0x08002088   0x00000020   Code   RO          918    i.RCC_AHB3PeriphClockCmd  stm32f4xx_rcc.o
    0x080020a8   0x00000020   Code   RO          921    i.RCC_APB1PeriphClockCmd  stm32f4xx_rcc.o
    0x080020c8   0x00000020   Code   RO          924    i.RCC_APB2PeriphClockCmd  stm32f4xx_rcc.o
    0x080020e8   0x000000e8   Code   RO          933    i.RCC_GetClocksFreq  stm32f4xx_rcc.o
    0x080021d0   0x0000003c   Code   RO         3329    i.SPFD5420_ClrScr   lcd_spfd5420.o
    0x0800220c   0x00000012   Code   RO         3330    i.SPFD5420_Delaly10ms  lcd_spfd5420.o
    0x0800221e   0x00000002   PAD
    0x08002220   0x000000d8   Code   RO         3342    i.SPFD5420_InitHard  lcd_spfd5420.o
    0x080022f8   0x0000000a   Code   RO         3345    i.SPFD5420_ReadID   lcd_spfd5420.o
    0x08002302   0x00000002   PAD
    0x08002304   0x00000018   Code   RO         3346    i.SPFD5420_ReadReg  lcd_spfd5420.o
    0x0800231c   0x0000010c   Code   RO         3347    i.SPFD5420_SetBackLight  lcd_spfd5420.o
    0x08002428   0x00000022   Code   RO         3348    i.SPFD5420_SetCursor  lcd_spfd5420.o
    0x0800244a   0x00000002   PAD
    0x0800244c   0x00000018   Code   RO         3350    i.SPFD5420_WriteReg  lcd_spfd5420.o
    0x08002464   0x00000018   Code   RO         2364    i.SPI_Cmd           stm32f4xx_spi.o
    0x0800247c   0x00000012   Code   RO         2372    i.SPI_I2S_GetFlagStatus  stm32f4xx_spi.o
    0x0800248e   0x00000006   Code   RO         2375    i.SPI_I2S_ReceiveData  stm32f4xx_spi.o
    0x08002494   0x00000004   Code   RO         2376    i.SPI_I2S_SendData  stm32f4xx_spi.o
    0x08002498   0x0000003c   Code   RO         2377    i.SPI_Init          stm32f4xx_spi.o
    0x080024d4   0x00000038   Code   RO         3241    i.SPI_ShiftByte     bsp_touch.o
    0x0800250c   0x000000ec   Code   RO         2972    i.SetSysClock       system_stm32f4xx.o
    0x080025f8   0x00000008   Code   RO          777    i.SysTick_Handler   bsp_timer.o
    0x08002600   0x00000084   Code   RO          778    i.SysTick_ISR       bsp_timer.o
    0x08002684   0x00000068   Code   RO         2974    i.SystemInit        system_stm32f4xx.o
    0x080026ec   0x00000030   Code   RO          873    i.TIM6_MeasureConfig  bsp_time_measure.o
    0x0800271c   0x00000018   Code   RO         1688    i.TIM_ARRPreloadConfig  stm32f4xx_tim.o
    0x08002734   0x00000018   Code   RO         1700    i.TIM_Cmd           stm32f4xx_tim.o
    0x0800274c   0x0000001e   Code   RO         1702    i.TIM_CtrlPWMOutputs  stm32f4xx_tim.o
    0x0800276a   0x00000002   PAD
    0x0800276c   0x0000007c   Code   RO         1729    i.TIM_OC1Init       stm32f4xx_tim.o
    0x080027e8   0x00000012   Code   RO         1732    i.TIM_OC1PreloadConfig  stm32f4xx_tim.o
    0x080027fa   0x00000002   PAD
    0x080027fc   0x00000084   Code   RO         1772    i.TIM_TimeBaseInit  stm32f4xx_tim.o
    0x08002880   0x0000000e   Code   RO         3243    i.TOUCH_Abs         bsp_touch.o
    0x0800288e   0x00000002   PAD
    0x08002890   0x0000009c   Code   RO         3244    i.TOUCH_DataFilter  bsp_touch.o
    0x0800292c   0x0000005c   Code   RO         3245    i.TOUCH_InitHard    bsp_touch.o
    0x08002988   0x00000002   Code   RO         3246    i.TOUCH_LoadParam   bsp_touch.o
    0x0800298a   0x00000002   PAD
    0x0800298c   0x000000a4   Code   RO         3247    i.TOUCH_ReadAdcXY   bsp_touch.o
    0x08002a30   0x00000030   Code   RO         3248    i.TOUCH_SCAN        bsp_touch.o
    0x08002a60   0x000000e8   Code   RO         3250    i.TSC2046_InitHard  bsp_touch.o
    0x08002b48   0x00000044   Code   RO         3251    i.TSC2046_ReadAdc   bsp_touch.o
    0x08002b8c   0x00000012   Code   RO         1384    i.USART_ClearFlag   stm32f4xx_usart.o
    0x08002b9e   0x00000018   Code   RO         1388    i.USART_Cmd         stm32f4xx_usart.o
    0x08002bb6   0x00000002   PAD
    0x08002bb8   0x000000d4   Code   RO         1395    i.USART_Init        stm32f4xx_usart.o
    0x08002c8c   0x00000004   Code   RO          181    i.UsageFault_Handler  stm32f4xx_it.o
    0x08002c90   0x00000010   Code   RO         5125    i.WM_Activate       STemWin520d_CM4_Keil.lib(wm.o)
    0x08002ca0   0x00000014   Code   RO         5128    i.WM_Deactivate     STemWin520d_CM4_Keil.lib(wm.o)
    0x08002cb4   0x00000046   Code   RO         5129    i.WM_DefaultProc    STemWin520d_CM4_Keil.lib(wm.o)
    0x08002cfa   0x00000002   PAD
    0x08002cfc   0x00000014   Code   RO         5765    i.WM_GetDesktopWindowEx  STemWin520d_CM4_Keil.lib(wm_getdesktopwindowex.o)
    0x08002d10   0x0000000e   Code   RO         5423    i.WM_GetFirstChild  STemWin520d_CM4_Keil.lib(wm_getfirstchild.o)
    0x08002d1e   0x0000000e   Code   RO         5699    i.WM_GetParent      STemWin520d_CM4_Keil.lib(wm_getparent.o)
    0x08002d2c   0x00000364   Code   RO         5443    i.WM_HandlePID      STemWin520d_CM4_Keil.lib(wm_touch.o)
    0x08003090   0x00000076   Code   RO         5134    i.WM_InvalidateRect  STemWin520d_CM4_Keil.lib(wm.o)
    0x08003106   0x00000006   Code   RO         5135    i.WM_InvalidateWindow  STemWin520d_CM4_Keil.lib(wm.o)
    0x0800310c   0x0000005e   Code   RO         5136    i.WM_InvalidateWindowAndDescsEx  STemWin520d_CM4_Keil.lib(wm.o)
    0x0800316a   0x00000004   Code   RO         5705    i.WM_IsWindow       STemWin520d_CM4_Keil.lib(wm_iswindow.o)
    0x0800316e   0x00000002   PAD
    0x08003170   0x0000001c   Code   RO         5710    i.WM_PID__SetPrevState  STemWin520d_CM4_Keil.lib(wm_pid__getprevstate.o)
    0x0800318c   0x00000004   Code   RO         5724    i.WM_ReleaseCapture  STemWin520d_CM4_Keil.lib(wm_setcapture.o)
    0x08003190   0x0000000a   Code   RO         5714    i.WM_Screen2hWin    STemWin520d_CM4_Keil.lib(wm_screen2win.o)
    0x0800319a   0x0000001e   Code   RO         5429    i.WM_SendToParent   STemWin520d_CM4_Keil.lib(wm_sendtoparent.o)
    0x080031b8   0x00000010   Code   RO         5413    i.WM__AddCriticalHandle  STemWin520d_CM4_Keil.lib(wm_criticalhandle.o)
    0x080031c8   0x00000010   Code   RO         5141    i.WM__Client2Screen  STemWin520d_CM4_Keil.lib(wm.o)
    0x080031d8   0x0000004e   Code   RO         5142    i.WM__ClipAtParentBorders  STemWin520d_CM4_Keil.lib(wm.o)
    0x08003226   0x00000020   Code   RO         5419    i.WM__GetClientRectEx  STemWin520d_CM4_Keil.lib(wm_getclientrect.o)
    0x08003246   0x00000018   Code   RO         5145    i.WM__GetClientRectWin  STemWin520d_CM4_Keil.lib(wm.o)
    0x0800325e   0x00000006   Code   RO         5150    i.WM__Invalidate1Abs  STemWin520d_CM4_Keil.lib(wm.o)
    0x08003264   0x00000046   Code   RO         5151    i.WM__InvalidateDrawAndDescs  STemWin520d_CM4_Keil.lib(wm.o)
    0x080032aa   0x00000076   Code   RO         5153    i.WM__InvalidateRect  STemWin520d_CM4_Keil.lib(wm.o)
    0x08003320   0x00000006   Code   RO         5154    i.WM__InvalidateRectEx  STemWin520d_CM4_Keil.lib(wm.o)
    0x08003326   0x00000002   PAD
    0x08003328   0x00000022   Code   RO         5689    i.WM__IsAncestor    STemWin520d_CM4_Keil.lib(wm__isancestor.o)
    0x0800334a   0x00000016   Code   RO         5693    i.WM__IsEnabled     STemWin520d_CM4_Keil.lib(wm__isenabled.o)
    0x08003360   0x00000048   Code   RO         5444    i.WM__IsInModalArea  STemWin520d_CM4_Keil.lib(wm_touch.o)
    0x080033a8   0x00000030   Code   RO         5716    i.WM__IsInWindow    STemWin520d_CM4_Keil.lib(wm_screen2win.o)
    0x080033d8   0x00000024   Code   RO         5155    i.WM__IsWindow      STemWin520d_CM4_Keil.lib(wm.o)
    0x080033fc   0x00000020   Code   RO         5159    i.WM__RectIsNZ      STemWin520d_CM4_Keil.lib(wm.o)
    0x0800341c   0x0000002c   Code   RO         5726    i.WM__ReleaseCapture  STemWin520d_CM4_Keil.lib(wm_setcapture.o)
    0x08003448   0x0000002c   Code   RO         5414    i.WM__RemoveCriticalHandle  STemWin520d_CM4_Keil.lib(wm_criticalhandle.o)
    0x08003474   0x0000003c   Code   RO         5408    i.WM__SendMessage   STemWin520d_CM4_Keil.lib(wm__sendmessage.o)
    0x080034b0   0x0000001c   Code   RO         5695    i.WM__SendMessageIfEnabled  STemWin520d_CM4_Keil.lib(wm__sendmessageifenabled.o)
    0x080034cc   0x0000003e   Code   RO         5445    i.WM__SendPIDMessage  STemWin520d_CM4_Keil.lib(wm_touch.o)
    0x0800350a   0x00000036   Code   RO         5446    i.WM__SendTouchMessage  STemWin520d_CM4_Keil.lib(wm_touch.o)
    0x08003540   0x00000078   Code   RO         4521    i._AddFreeMemory    STemWin520d_CM4_Keil.lib(gui_alloc.o)
    0x080035b8   0x000000bc   Code   RO         4522    i._Alloc            STemWin520d_CM4_Keil.lib(gui_alloc.o)
    0x08003674   0x00000098   Code   RO         4956    i._CreateBuffer     STemWin520d_CM4_Keil.lib(gui_sprite.o)
    0x0800370c   0x00000014   Code   RO         5299    i._DecPointer       STemWin520d_CM4_Keil.lib(gui_pid.o)
    0x08003720   0x00000020   Code   RO         5165    i._DesktopHandle2Index  STemWin520d_CM4_Keil.lib(wm.o)
    0x08003740   0x0000009c   Code   RO         4523    i._EnlargeBlocks    STemWin520d_CM4_Keil.lib(gui_alloc.o)
    0x080037dc   0x00000074   Code   RO         4962    i._FlushBuffer      STemWin520d_CM4_Keil.lib(gui_sprite.o)
    0x08003850   0x0000006c   Code   RO         4963    i._GetBkPixel       STemWin520d_CM4_Keil.lib(gui_sprite.o)
    0x080038bc   0x0000001e   Code   RO         4746    i._GetDevProp       STemWin520d_CM4_Keil.lib(lcd_getex.o)
    0x080038da   0x00000002   PAD
    0x080038dc   0x0000001c   Code   RO         4524    i._GetMinIndex      STemWin520d_CM4_Keil.lib(gui_alloc.o)
    0x080038f8   0x00000014   Code   RO         5300    i._IncPointer       STemWin520d_CM4_Keil.lib(gui_pid.o)
    0x0800390c   0x000000bc   Code   RO         4525    i._InitOnce         STemWin520d_CM4_Keil.lib(gui_alloc.o)
    0x080039c8   0x00000080   Code   RO         5172    i._Invalidate1Abs   STemWin520d_CM4_Keil.lib(wm.o)
    0x08003a48   0x0000003c   Code   RO         4526    i._OnExit           STemWin520d_CM4_Keil.lib(gui_alloc.o)
    0x08003a84   0x00000040   Code   RO         4527    i._PopFreeBlock     STemWin520d_CM4_Keil.lib(gui_alloc.o)
    0x08003ac4   0x00000024   Code   RO         4528    i._PushFreeBlock    STemWin520d_CM4_Keil.lib(gui_alloc.o)
    0x08003ae8   0x0000001c   Code   RO         4973    i._ReleaseBuffer    STemWin520d_CM4_Keil.lib(gui_sprite.o)
    0x08003b04   0x00000044   Code   RO         4529    i._RemoveFreeBlock  STemWin520d_CM4_Keil.lib(gui_alloc.o)
    0x08003b48   0x000000bc   Code   RO         4530    i._RemoveHoles      STemWin520d_CM4_Keil.lib(gui_alloc.o)
    0x08003c04   0x0000005a   Code   RO         5717    i._Screen2hWin      STemWin520d_CM4_Keil.lib(wm_screen2win.o)
    0x08003c5e   0x00000002   PAD
    0x08003c60   0x00000024   Code   RO         5718    i._Screen2hWinStop  STemWin520d_CM4_Keil.lib(wm_screen2win.o)
    0x08003c84   0x00000020   Code   RO         5064    i._SetBkColor       STemWin520d_CM4_Keil.lib(lcd.o)
    0x08003ca4   0x00000020   Code   RO         5065    i._SetColor         STemWin520d_CM4_Keil.lib(lcd.o)
    0x08003cc4   0x0000002c   Code   RO         5066    i._SetDrawMode      STemWin520d_CM4_Keil.lib(lcd.o)
    0x08003cf0   0x00000034   Code   RO         4689    i._SetMinMax        STemWin520d_CM4_Keil.lib(gui_touch_driveranalog.o)
    0x08003d24   0x000002ac   Code   RO         4978    i._SetPosition      STemWin520d_CM4_Keil.lib(gui_sprite.o)
    0x08003fd0   0x0000004a   Code   RO         4979    i._SetSpriteBkPixel  STemWin520d_CM4_Keil.lib(gui_sprite.o)
    0x0800401a   0x00000002   PAD
    0x0800401c   0x00000058   Code   RO         5301    i._StoreState       STemWin520d_CM4_Keil.lib(gui_pid.o)
    0x08004074   0x00000030   Code   RO         4690    i._StoreUnstable    STemWin520d_CM4_Keil.lib(gui_touch_driveranalog.o)
    0x080040a4   0x000000ea   Code   RO         4531    i._TestRAM          STemWin520d_CM4_Keil.lib(gui_alloc.o)
    0x0800418e   0x00000002   PAD
    0x08004190   0x00000030   Code   RO         4653    i._UnlinkDevice     STemWin520d_CM4_Keil.lib(gui_device.o)
    0x080041c0   0x0000000e   Code   RO         4532    i._WriteTagData     STemWin520d_CM4_Keil.lib(gui_alloc.o)
    0x080041ce   0x0000000e   Code   RO         6109    i.__scatterload_copy  mc_w.l(handlers.o)
    0x080041dc   0x00000002   Code   RO         6110    i.__scatterload_null  mc_w.l(handlers.o)
    0x080041de   0x0000000e   Code   RO         6111    i.__scatterload_zeroinit  mc_w.l(handlers.o)
    0x080041ec   0x00000006   Code   RO          779    i.__set_PRIMASK     bsp_timer.o
    0x080041f2   0x00000002   PAD
    0x080041f4   0x00000040   Code   RO          781    i.bsp_DelayMS       bsp_timer.o
    0x08004234   0x00000028   Code   RO          715    i.bsp_Init          bsp.o
    0x0800425c   0x0000000c   Code   RO          289    i.bsp_InitKey       bsp_key.o
    0x08004268   0x00000088   Code   RO          290    i.bsp_InitKeyHard   bsp_key.o
    0x080042f0   0x000000d4   Code   RO          291    i.bsp_InitKeyVar    bsp_key.o
    0x080043c4   0x00000070   Code   RO          392    i.bsp_InitLed       bsp_led.o
    0x08004434   0x00000098   Code   RO          784    i.bsp_InitTimer     bsp_timer.o
    0x080044cc   0x000000a0   Code   RO          229    i.bsp_InitUart      bsp_uart.o
    0x0800456c   0x00000038   Code   RO          394    i.bsp_LedOff        bsp_led.o
    0x080045a4   0x0000004c   Code   RO          396    i.bsp_LedToggle     bsp_led.o
    0x080045f0   0x00000024   Code   RO          716    i.bsp_RunPer10ms    bsp.o
    0x08004614   0x00000002   Code   RO          717    i.bsp_RunPer1ms     bsp.o
    0x08004616   0x0000001c   Code   RO          785    i.bsp_SoftTimerDec  bsp_timer.o
    0x08004632   0x0000003a   Code   RO            3    i.main              main.o
    0x0800466c   0x00000367   Data   RO         4534    .constdata          STemWin520d_CM4_Keil.lib(gui_alloc.o)
    0x080049d3   0x00000001   PAD
    0x080049d4   0x0000000c   Data   RO         5068    .constdata          STemWin520d_CM4_Keil.lib(lcd.o)
    0x080049e0   0x00000518   Data   RO         5104    .constdata          STemWin520d_CM4_Keil.lib(f6x8.o)
    0x08004ef8   0x000001c0   Data   RO         5105    .constdata          STemWin520d_CM4_Keil.lib(f6x8.o)
    0x080050b8   0x00000008   Data   RO         5106    .constdata          STemWin520d_CM4_Keil.lib(f6x8.o)
    0x080050c0   0x00000014   Data   RO         5107    .constdata          STemWin520d_CM4_Keil.lib(f6x8.o)
    0x080050d4   0x00000024   Data   RO         5108    .constdata          STemWin520d_CM4_Keil.lib(f6x8.o)
    0x080050f8   0x00000020   Data   RO         6107    Region$$Table       anon$$obj.o


    Execution Region RW_IRAM1 (Base: 0x20000000, Size: 0x00000d88, Max: 0x00020000, ABSOLUTE, COMPRESSED[0x00000050])

    Base Addr    Size         Type   Attr      Idx    E Section Name        Object

    0x20000000   0x0000000d   Data   RW          791    .data               bsp_timer.o
    0x2000000d   0x00000010   Data   RW          956    .data               stm32f4xx_rcc.o
    0x2000001d   0x00000003   PAD
    0x20000020   0x00000014   Data   RW         2975    .data               system_stm32f4xx.o
    0x20000034   0x00000007   Data   RW         3044    .data               bsp_tft_lcd.o
    0x2000003b   0x00000001   Data   RW         3253    .data               bsp_touch.o
    0x2000003c   0x00000001   Data   RW         3351    .data               lcd_spfd5420.o
    0x2000003d   0x00000001   PAD
    0x2000003e   0x0000000f   Data   RW         3538    .data               lcd_ra8875.o
    0x2000004d   0x00000001   Data   RW         3849    .data               guidrv_template.o
    0x2000004e   0x00000002   PAD
    0x20000050   0x00000014   Data   RW         4535    .data               STemWin520d_CM4_Keil.lib(gui_alloc.o)
    0x20000064   0x00000024   Data   RW         4592    .data               STemWin520d_CM4_Keil.lib(gui_core.o)
    0x20000088   0x00000004   Data   RW         4594    .data               STemWin520d_CM4_Keil.lib(gui_core.o)
    0x2000008c   0x00000004   Data   RW         4596    .data               STemWin520d_CM4_Keil.lib(gui_core.o)
    0x20000090   0x00000004   Data   RW         4597    .data               STemWin520d_CM4_Keil.lib(gui_core.o)
    0x20000094   0x00000002   Data   RW         4598    .data               STemWin520d_CM4_Keil.lib(gui_core.o)
    0x20000096   0x00000002   Data   RW         4599    .data               STemWin520d_CM4_Keil.lib(gui_core.o)
    0x20000098   0x00000030   Data   RW         4692    .data               STemWin520d_CM4_Keil.lib(gui_touch_driveranalog.o)
    0x200000c8   0x00000004   Data   RW         4898    .data               STemWin520d_CM4_Keil.lib(gui_error.o)
    0x200000cc   0x00000008   Data   RW         5034    .data               STemWin520d_CM4_Keil.lib(gui_touch_storeunstable.o)
    0x200000d4   0x00000004   Data   RW         5069    .data               STemWin520d_CM4_Keil.lib(lcd.o)
    0x200000d8   0x00000010   Data   RW         5095    .data               STemWin520d_CM4_Keil.lib(lcd_color.o)
    0x200000e8   0x00000038   Data   RW         5181    .data               STemWin520d_CM4_Keil.lib(wm.o)
    0x20000120   0x00000001   Data   RW         5182    .data               STemWin520d_CM4_Keil.lib(wm.o)
    0x20000121   0x00000003   PAD
    0x20000124   0x00000008   Data   RW         5303    .data               STemWin520d_CM4_Keil.lib(gui_pid.o)
    0x2000012c   0x0000000c   Data   RW         5332    .data               STemWin520d_CM4_Keil.lib(gui_waitevent.o)
    0x20000138   0x00000004   Data   RW         5409    .data               STemWin520d_CM4_Keil.lib(wm__sendmessage.o)
    0x2000013c   0x00000008   Data   RW         5451    .data               STemWin520d_CM4_Keil.lib(wm_touch.o)
    0x20000144   0x000000ad   Zero   RW          294    .bss                bsp_key.o
    0x200001f1   0x00000003   PAD
    0x200001f4   0x00000030   Zero   RW          789    .bss                bsp_timer.o
    0x20000224   0x0000000a   Zero   RW         3252    .bss                bsp_touch.o
    0x2000022e   0x00000002   PAD
    0x20000230   0x000000bc   Zero   RW         4533    .bss                STemWin520d_CM4_Keil.lib(gui_alloc.o)
    0x200002ec   0x000000e8   Zero   RW         4590    .bss                STemWin520d_CM4_Keil.lib(gui_core.o)
    0x200003d4   0x0000012c   Zero   RW         4626    .bss                STemWin520d_CM4_Keil.lib(gui_curs1.o)
    0x20000500   0x00000010   Zero   RW         4691    .bss                STemWin520d_CM4_Keil.lib(gui_touch_driveranalog.o)
    0x20000510   0x0000000c   Zero   RW         4706    .bss                STemWin520d_CM4_Keil.lib(gui_touch_storestate.o)
    0x2000051c   0x0000003c   Zero   RW         4931    .bss                STemWin520d_CM4_Keil.lib(gui_selectlayer.o)
    0x20000558   0x0000000c   Zero   RW         5029    .bss                STemWin520d_CM4_Keil.lib(gui_touch.o)
    0x20000564   0x00000108   Zero   RW         5180    .bss                STemWin520d_CM4_Keil.lib(wm.o)
    0x2000066c   0x00000048   Zero   RW         5302    .bss                STemWin520d_CM4_Keil.lib(gui_pid.o)
    0x200006b4   0x0000021c   Zero   RW         5450    .bss                STemWin520d_CM4_Keil.lib(wm_touch.o)
    0x200008d0   0x000000b4   Zero   RW         5711    .bss                STemWin520d_CM4_Keil.lib(wm_pid__getprevstate.o)
    0x20000984   0x00000004   PAD
    0x20000988   0x00000400   Zero   RW          903    STACK               startup_stm32f4xx.o


==============================================================================

Image component sizes


      Code (inc. data)   RO Data    RW Data    ZI Data      Debug   Object Name

        78          8          0          0          0       1508   bsp.o
       596        104          0          0        173       7790   bsp_key.o
       244         16          0          0          0       1735   bsp_led.o
       604         38          0          7          0       7119   bsp_tft_lcd.o
        48          6          0          0          0        589   bsp_time_measure.o
       390         48          0         13         48      31954   bsp_timer.o
       832         56          0          1         10       7389   bsp_touch.o
       160          8          0          0          0        687   bsp_uart.o
        34          4          0          0          0       1007   gui_x.o
        36         10          0          0          0       2090   gui_x_touch_analog.o
         0          0          0          1          0      47117   guidrv_template.o
      1252        102          0         15          0      13610   lcd_ra8875.o
      1864         52          0          1          0       7300   lcd_spfd5420.o
        58          0          0          0          0     275895   main.o
        36          8        392          0       1024        916   startup_stm32f4xx.o
       276          6          0          0          0       2021   stm32f4xx_fsmc.o
       218          0          0          0          0       2574   stm32f4xx_gpio.o
       100         48          0          0          0       3081   stm32f4xx_it.o
       360         42          0         16          0       5356   stm32f4xx_rcc.o
       112          0          0          0          0       3850   stm32f4xx_spi.o
       352         38          0          0          0       4718   stm32f4xx_tim.o
       254          8          0          0          0       2875   stm32f4xx_usart.o
       340         34          0         20          0       1937   system_stm32f4xx.o

    ----------------------------------------------------------------------
      8278        636        424         80       1260     433118   Object Totals
         0          0         32          0          0          0   (incl. Generated)
        34          0          0          6          5          0   (incl. Padding)

    ----------------------------------------------------------------------

      Code (inc. data)   RO Data    RW Data    ZI Data      Debug   Library Member Name

         0          0       1816          0          0          0   f6x8.o
       296          0          0          0          0        124   gui__compactpixelindices.o
        58          0          0          0          0        116   gui__intersectrect.o
        82          0          0          0          0        128   gui__intersectrects.o
        76          0          0          0          0        124   gui__memset.o
      1598        108        871         20        188       2372   gui_alloc.o
       394         12          0          0          0        492   gui_charm.o
        16          6          0         52        232        116   gui_core.o
       112          6          0          0        300        140   gui_curs1.o
       220         14          0          0          0        592   gui_device.o
        24         10          0          4          0        120   gui_error.o
       160          0          0          0          0        248   gui_getbitmappixelindex.o
        88          0          0          0          0        124   gui_mergerect.o
        30          0          0          0          0        116   gui_moverect.o
       256         36          0          8         72        732   gui_pid.o
        46          4          0          0         60        360   gui_selectlayer.o
        18          0          0          0          0        128   gui_selectlcd.o
      1172          4          0          0          0        936   gui_sprite.o
        40          4          0          0         12        132   gui_touch.o
       448         26          0         48         16        380   gui_touch_driveranalog.o
        36          6          0          0         12        116   gui_touch_storestate.o
        48          6          0          8          0        136   gui_touch_storeunstable.o
        16          4          0         12          0        116   gui_waitevent.o
       152          8          0          0          0        260   guidev.o
        36          0          0          0          0        128   guidev_usage.o
       832         62         12          4          0       1244   lcd.o
        76          4          0         16          0        248   lcd_color.o
        42          0          0          0          0        360   lcd_getex.o
        68          8          0          0          0        128   lcd_selectlcd.o
        88          0          0          0          0        264   lcd_set.o
        36          4          0          0          0        128   lcd_updatecolorindices.o
       870         26          0         57        264       2092   wm.o
        34          0          0          0          0        128   wm__isancestor.o
        22          0          0          0          0        124   wm__isenabled.o
        60          6          0          4          0        136   wm__sendmessage.o
        28          0          0          0          0        140   wm__sendmessageifenabled.o
        60         12          0          0          0        232   wm_criticalhandle.o
        32          0          0          0          0        128   wm_getclientrect.o
        20          4          0          0          0        116   wm_getdesktopwindowex.o
        14          0          0          0          0        124   wm_getfirstchild.o
        14          0          0          0          0        124   wm_getparent.o
         4          0          0          0          0        116   wm_iswindow.o
        28          4          0          0        180        116   wm_pid__getprevstate.o
       184          6          0          0          0        504   wm_screen2win.o
        30          0          0          0          0        140   wm_sendtoparent.o
        48          8          0          0          0        244   wm_setcapture.o
      1056         40          0          8        540        532   wm_touch.o
        92          0          0          0          0          0   __dczerorl2.o
         0          0          0          0          0          0   entry.o
         0          0          0          0          0          0   entry10a.o
         0          0          0          0          0          0   entry11a.o
         8          4          0          0          0          0   entry2.o
         4          0          0          0          0          0   entry5.o
         0          0          0          0          0          0   entry7b.o
         0          0          0          0          0          0   entry8b.o
         8          4          0          0          0          0   entry9a.o
        30          0          0          0          0          0   handlers.o
        36          8          0          0          0         68   init.o
        26          0          0          0          0         80   memcmp.o
        64          0          0          0          0         76   memmovea.o

    ----------------------------------------------------------------------
      9358        454       2700        244       1880      15828   Library Totals
        22          0          1          3          4          0   (incl. Padding)

    ----------------------------------------------------------------------

      Code (inc. data)   RO Data    RW Data    ZI Data      Debug   Library Name

      9068        438       2699        241       1876      15604   STemWin520d_CM4_Keil.lib
       268         16          0          0          0        224   mc_w.l

    ----------------------------------------------------------------------
      9358        454       2700        244       1880      15828   Library Totals

    ----------------------------------------------------------------------

==============================================================================


      Code (inc. data)   RO Data    RW Data    ZI Data      Debug   

     17636       1090       3124        324       3140     425994   Grand Totals
     17636       1090       3124         80       3140     425994   ELF Image Totals (compressed)
     17636       1090       3124         80          0          0   ROM Totals

==============================================================================

    Total RO  Size (Code + RO Data)                20760 (  20.27kB)
    Total RW  Size (RW Data + ZI Data)              3464 (   3.38kB)
    Total ROM Size (Code + RO Data + RW Data)      20840 (  20.35kB)

==============================================================================

