<html>
<body>
<pre>
<h1>µVision Build Log</h1>
<h2>Project:</h2>
E:\π»∏Ëœ¬‘ÿ\FreeRTOS\Demo\STM32F103\Project\FreeRTOS_Demo.uvprojx
Project File Date:  09/08/2016

<h2>Output:</h2>
Build target 'Target 1'
compiling system_stm32f10x.c...
assembling startup_stm32f10x_hd.s...
compiling misc.c...
compiling stm32f10x_gpio.c...
compiling stm32f10x_rcc.c...
compiling stm32f10x_usart.c...
compiling croutine.c...
compiling event_groups.c...
compiling list.c...
compiling queue.c...
compiling tasks.c...
compiling timers.c...
compiling heap_1.c...
compiling port.c...
compiling main.c...
compiling sys.c...
compiling bsp_init.c...
compiling bsp_usart.c...
compiling bsp_led.c...
linking...
Program Size: Code=7152 RO-data=336 RW-data=112 ZI-data=19440  
".\Objects\FreeRTOS_Demo.axf" - 0 Error(s), 0 Warning(s).

<h2>Software Packages used:</h2>

Package Vendor: ARM
                http://www.keil.com/pack/ARM.CMSIS.4.1.0.pack
                ARM::CMSIS:CORE:3.30.0
                CMSIS (Cortex Microcontroller Software Interface Standard)
   * Component: CORE Version: 3.30.0

<h2>Collection of Component include folders:</h2>
  E:\π»∏Ëœ¬‘ÿ\FreeRTOS\Demo\STM32F103\Project\RTE
  D:\Keil_v5\ARM\CMSIS\4.1.0\CMSIS\Include

<h2>Collection of Component Files used:</h2>

   * Component: ARM::CMSIS:CORE:3.30.0
      Source file:   CMSIS\UserCodeTemplates\ARM\ITM_Retarget.c
</pre>
</body>
</html>
