<html>
<body>
<pre>
<h1>礦ision Build Log</h1>
<h2>Project:</h2>
E:\BaiduYunDownload\armfly-x3开发板裸机STemWin5.20\Project\MDK-ARM(uV4)\project.uvproj
Project File Date:  04/26/2017

<h2>Output:</h2>
Build target 'Flash'
compiling main.c...
compiling stm32f4xx_it.c...
compiling bsp_uart.c...
compiling bsp_fsmc_sram.c...
compiling bsp_key.c...
compiling bsp_led.c...
compiling bsp_printf.c...
compiling bsp_sdio_sd.c...
compiling bsp.c...
compiling bsp_timer.c...
compiling bsp_time_measure.c...
assembling startup_stm32f4xx.s...
compiling stm32f4xx_rcc.c...
compiling stm32f4xx_syscfg.c...
compiling misc.c...
compiling stm32f4xx_gpio.c...
compiling stm32f4xx_usart.c...
compiling stm32f4xx_exti.c...
compiling stm32f4xx_iwdg.c...
compiling stm32f4xx_tim.c...
compiling stm32f4xx_wwdg.c...
compiling stm32f4xx_crc.c...
compiling stm32f4xx_spi.c...
compiling stm32f4xx_fsmc.c...
compiling stm32f4xx_sdio.c...
compiling stm32f4xx_dma.c...
compiling system_stm32f4xx.c...
compiling bsp_tft_lcd.c...
compiling bsp_touch.c...
compiling LCD_SPFD5420.c...
compiling LCD_RA8875.c...
compiling GUIDRV_Template.c...
compiling asc12.c...
compiling asc16.c...
compiling hz12.c...
compiling hz16.c...
compiling hzk12s.c...
compiling hzk16fs.c...
compiling hzk16s.c...
compiling hzk24h.c...
compiling hzk24k.c...
compiling hzk24s.c...
compiling SimSun_1616.c...
compiling SimSun_2424.c...
compiling GUI_X_Touch_Analog.c...
compiling GUI_VNC_X.c...
compiling GUI_X_Touch_StoreState.c...
compiling GUI_X.c...
compiling GUIConf.c...
compiling LCDConf.c...
compiling MainTask.c...
linking...
Program Size: Code=17636 RO-data=3124 RW-data=324 ZI-data=3140  
After Build - User command #1: CopyHex_Flash.bat
E:\BaiduYunDownload\armfly-x3开发板裸机STemWin5.20\Project\MDK-ARM(uV4)>copy Flash\Obj\output.hex Flash\output.hex 
系统找不到指定的文件。
"..\output\output.axf" - 0 Error(s), 0 Warning(s).
Load "..\\output\\output.axf" 
Erase Done.
Programming Done.
Verify OK.
Load "..\\output\\output.axf" 
Erase Done.
Programming Done.
Verify OK.
Application running ...
